Archive member included because of file (symbol)

/usr/bin/../lib/gcc/arm-none-eabi/4.9.3/../../../../arm-none-eabi/lib/armv7e-m/softfp/libc_nano.a(lib_a-exit.o)
                              /usr/bin/../lib/gcc/arm-none-eabi/4.9.3/../../../../arm-none-eabi/lib/armv7e-m/softfp/crt0.o (exit)
/usr/bin/../lib/gcc/arm-none-eabi/4.9.3/../../../../arm-none-eabi/lib/armv7e-m/softfp/libc_nano.a(lib_a-impure.o)
                              /usr/bin/../lib/gcc/arm-none-eabi/4.9.3/../../../../arm-none-eabi/lib/armv7e-m/softfp/libc_nano.a(lib_a-exit.o) (_global_impure_ptr)
/usr/bin/../lib/gcc/arm-none-eabi/4.9.3/../../../../arm-none-eabi/lib/armv7e-m/softfp/libc_nano.a(lib_a-init.o)
                              /usr/bin/../lib/gcc/arm-none-eabi/4.9.3/../../../../arm-none-eabi/lib/armv7e-m/softfp/crt0.o (__libc_init_array)
/usr/bin/../lib/gcc/arm-none-eabi/4.9.3/../../../../arm-none-eabi/lib/armv7e-m/softfp/libc_nano.a(lib_a-memset.o)
                              /usr/bin/../lib/gcc/arm-none-eabi/4.9.3/../../../../arm-none-eabi/lib/armv7e-m/softfp/crt0.o (memset)
/usr/bin/../lib/gcc/arm-none-eabi/4.9.3/../../../../arm-none-eabi/lib/armv7e-m/softfp/libc_nano.a(lib_a-nano-vfprintf_float.o)
                              (_printf_float)
/usr/bin/../lib/gcc/arm-none-eabi/4.9.3/../../../../arm-none-eabi/lib/armv7e-m/softfp/libc_nano.a(lib_a-nano-vfprintf_i.o)
                              /usr/bin/../lib/gcc/arm-none-eabi/4.9.3/../../../../arm-none-eabi/lib/armv7e-m/softfp/libc_nano.a(lib_a-nano-vfprintf_float.o) (_printf_common)
/usr/bin/../lib/gcc/arm-none-eabi/4.9.3/../../../../arm-none-eabi/lib/armv7e-m/softfp/libc_nano.a(lib_a-nano-vfscanf_float.o)
                              (_scanf_float)
/usr/bin/../lib/gcc/arm-none-eabi/4.9.3/../../../../arm-none-eabi/lib/armv7e-m/softfp/libc_nano.a(lib_a-s_fpclassify.o)
                              /usr/bin/../lib/gcc/arm-none-eabi/4.9.3/../../../../arm-none-eabi/lib/armv7e-m/softfp/libc_nano.a(lib_a-nano-vfprintf_float.o) (__fpclassifyd)
/usr/bin/../lib/gcc/arm-none-eabi/4.9.3/../../../../arm-none-eabi/lib/armv7e-m/softfp/libc_nano.a(lib_a-sf_nan.o)
                              /usr/bin/../lib/gcc/arm-none-eabi/4.9.3/../../../../arm-none-eabi/lib/armv7e-m/softfp/libc_nano.a(lib_a-nano-vfscanf_float.o) (nanf)
/usr/bin/../lib/gcc/arm-none-eabi/4.9.3/../../../../arm-none-eabi/lib/armv7e-m/softfp/libc_nano.a(lib_a-sprintf.o)
                              /usr/bin/../lib/gcc/arm-none-eabi/4.9.3/../../../../arm-none-eabi/lib/armv7e-m/softfp/libc_nano.a(lib_a-nano-vfscanf_float.o) (sprintf)
/usr/bin/../lib/gcc/arm-none-eabi/4.9.3/../../../../arm-none-eabi/lib/armv7e-m/softfp/libc_nano.a(lib_a-strlen.o)
                              /usr/bin/../lib/gcc/arm-none-eabi/4.9.3/../../../../arm-none-eabi/lib/armv7e-m/softfp/libc_nano.a(lib_a-nano-vfprintf_float.o) (strlen)
/usr/bin/../lib/gcc/arm-none-eabi/4.9.3/../../../../arm-none-eabi/lib/armv7e-m/softfp/libc_nano.a(lib_a-strtod.o)
                              /usr/bin/../lib/gcc/arm-none-eabi/4.9.3/../../../../arm-none-eabi/lib/armv7e-m/softfp/libc_nano.a(lib_a-nano-vfscanf_float.o) (_strtod_r)
/usr/bin/../lib/gcc/arm-none-eabi/4.9.3/../../../../arm-none-eabi/lib/armv7e-m/softfp/libc_nano.a(lib_a-strtol.o)
                              /usr/bin/../lib/gcc/arm-none-eabi/4.9.3/../../../../arm-none-eabi/lib/armv7e-m/softfp/libc_nano.a(lib_a-nano-vfscanf_float.o) (_strtol_r)
/usr/bin/../lib/gcc/arm-none-eabi/4.9.3/../../../../arm-none-eabi/lib/armv7e-m/softfp/libc_nano.a(lib_a-ctype_.o)
                              /usr/bin/../lib/gcc/arm-none-eabi/4.9.3/../../../../arm-none-eabi/lib/armv7e-m/softfp/libc_nano.a(lib_a-strtol.o) (__ctype_ptr__)
/usr/bin/../lib/gcc/arm-none-eabi/4.9.3/../../../../arm-none-eabi/lib/armv7e-m/softfp/libc_nano.a(lib_a-dtoa.o)
                              /usr/bin/../lib/gcc/arm-none-eabi/4.9.3/../../../../arm-none-eabi/lib/armv7e-m/softfp/libc_nano.a(lib_a-nano-vfprintf_float.o) (_dtoa_r)
/usr/bin/../lib/gcc/arm-none-eabi/4.9.3/../../../../arm-none-eabi/lib/armv7e-m/softfp/libc_nano.a(lib_a-gdtoa-gethex.o)
                              /usr/bin/../lib/gcc/arm-none-eabi/4.9.3/../../../../arm-none-eabi/lib/armv7e-m/softfp/libc_nano.a(lib_a-strtod.o) (__gethex)
/usr/bin/../lib/gcc/arm-none-eabi/4.9.3/../../../../arm-none-eabi/lib/armv7e-m/softfp/libc_nano.a(lib_a-gdtoa-hexnan.o)
                              /usr/bin/../lib/gcc/arm-none-eabi/4.9.3/../../../../arm-none-eabi/lib/armv7e-m/softfp/libc_nano.a(lib_a-strtod.o) (__hexnan)
/usr/bin/../lib/gcc/arm-none-eabi/4.9.3/../../../../arm-none-eabi/lib/armv7e-m/softfp/libc_nano.a(lib_a-locale.o)
                              /usr/bin/../lib/gcc/arm-none-eabi/4.9.3/../../../../arm-none-eabi/lib/armv7e-m/softfp/libc_nano.a(lib_a-nano-vfprintf_float.o) (_localeconv_r)
/usr/bin/../lib/gcc/arm-none-eabi/4.9.3/../../../../arm-none-eabi/lib/armv7e-m/softfp/libc_nano.a(lib_a-malloc.o)
[...]
Memory Configuration

Name             Origin             Length             Attributes
FLASH            0x0000000008000000 0x0000000000100000 xr
CCM              0x0000000010000000 0x0000000000010000 xrw
RAM              0x0000000020000188 0x000000000001fe78 xrw
*default*        0x0000000000000000 0xffffffffffffffff

Linker script and memory map

LOAD /usr/bin/../lib/gcc/arm-none-eabi/4.9.3/armv7e-m/softfp/crti.o
LOAD /usr/bin/../lib/gcc/arm-none-eabi/4.9.3/armv7e-m/softfp/crtbegin.o
LOAD /usr/bin/../lib/gcc/arm-none-eabi/4.9.3/../../../../arm-none-eabi/lib/armv7e-m/softfp/crt0.o
LOAD main.o
LOAD src/stm32f4xx_it.o
LOAD ../STM32Cube_FW_F4_V1.9.0/Drivers/STM32F4xx_HAL_Driver/Src/stm32f4xx_hal.o
LOAD ../STM32Cube_FW_F4_V1.9.0/Drivers/STM32F4xx_HAL_Driver/Src/stm32f4xx_hal_crc.o
LOAD ../STM32Cube_FW_F4_V1.9.0/Drivers/STM32F4xx_HAL_Driver/Src/stm32f4xx_hal_can.o
LOAD ../STM32Cube_FW_F4_V1.9.0/Drivers/STM32F4xx_HAL_Driver/Src/stm32f4xx_hal_uart.o
LOAD ../STM32Cube_FW_F4_V1.9.0/Drivers/STM32F4xx_HAL_Driver/Src/stm32f4xx_hal_usart.o
LOAD ../STM32Cube_FW_F4_V1.9.0/Drivers/STM32F4xx_HAL_Driver/Src/stm32f4xx_hal_cortex.o
LOAD ../STM32Cube_FW_F4_V1.9.0/Drivers/STM32F4xx_HAL_Driver/Src/stm32f4xx_hal_gpio.o
LOAD ../STM32Cube_FW_F4_V1.9.0/Drivers/STM32F4xx_HAL_Driver/Src/stm32f4xx_hal_rcc.o
LOAD ../STM32Cube_FW_F4_V1.9.0/Drivers/STM32F4xx_HAL_Driver/Src/stm32f4xx_hal_dma.o
LOAD ../STM32Cube_FW_F4_V1.9.0/Drivers/STM32F4xx_HAL_Driver/Src/stm32f4xx_hal_spi.o
LOAD ../STM32Cube_FW_F4_V1.9.0/Drivers/STM32F4xx_HAL_Driver/Src/stm32f4xx_hal_i2c.o
LOAD ../STM32Cube_FW_F4_V1.9.0/Drivers/STM32F4xx_HAL_Driver/Src/stm32f4xx_hal_i2c_ex.o
LOAD ../STM32Cube_FW_F4_V1.9.0/Drivers/STM32F4xx_HAL_Driver/Src/stm32f4xx_hal_i2s.o
LOAD ../STM32Cube_FW_F4_V1.9.0/Drivers/STM32F4xx_HAL_Driver/Src/stm32f4xx_hal_i2s_ex.o
LOAD ../STM32Cube_FW_F4_V1.9.0/Drivers/CMSIS/Device/ST/STM32F4xx/Source/Templates/system_stm32f4xx.o
LOAD ../STM32Cube_FW_F4_V1.9.0/Drivers/CMSIS/Device/ST/STM32F4xx/Source/Templates/gcc/startup_stm32f407xx.o
LOAD /usr/bin/../lib/gcc/arm-none-eabi/4.9.3/../../../../arm-none-eabi/lib/armv7e-m/softfp/libstdc++_nano.a
LOAD /usr/bin/../lib/gcc/arm-none-eabi/4.9.3/../../../../arm-none-eabi/lib/armv7e-m/softfp/libsupc++_nano.a
LOAD /usr/bin/../lib/gcc/arm-none-eabi/4.9.3/../../../../arm-none-eabi/lib/armv7e-m/softfp/libm.a
LOAD /usr/bin/../lib/gcc/arm-none-eabi/4.9.3/../../../../arm-none-eabi/lib/armv7e-m/softfp/libc_nano.a
LOAD /usr/bin/../lib/gcc/arm-none-eabi/4.9.3/armv7e-m/softfp/libgcc.a
LOAD /usr/bin/../lib/gcc/arm-none-eabi/4.9.3/../../../../arm-none-eabi/lib/armv7e-m/softfp/libnosys.a
LOAD /usr/bin/../lib/gcc/arm-none-eabi/4.9.3/../../../../arm-none-eabi/lib/armv7e-m/softfp/libstdc++_nano.a
LOAD /usr/bin/../lib/gcc/arm-none-eabi/4.9.3/../../../../arm-none-eabi/lib/armv7e-m/softfp/libsupc++_nano.a
LOAD /usr/bin/../lib/gcc/arm-none-eabi/4.9.3/../../../../arm-none-eabi/lib/armv7e-m/softfp/libm.a
LOAD /usr/bin/../lib/gcc/arm-none-eabi/4.9.3/../../../../arm-none-eabi/lib/armv7e-m/softfp/libc_nano.a
LOAD /usr/bin/../lib/gcc/arm-none-eabi/4.9.3/armv7e-m/softfp/libgcc.a
LOAD /usr/bin/../lib/gcc/arm-none-eabi/4.9.3/../../../../arm-none-eabi/lib/armv7e-m/softfp/libnosys.a
START GROUP
LOAD /usr/bin/../lib/gcc/arm-none-eabi/4.9.3/armv7e-m/softfp/libgcc.a
LOAD /usr/bin/../lib/gcc/arm-none-eabi/4.9.3/../../../../arm-none-eabi/lib/armv7e-m/softfp/libc_nano.a
END GROUP
START GROUP
LOAD /usr/bin/../lib/gcc/arm-none-eabi/4.9.3/armv7e-m/softfp/libgcc.a
LOAD /usr/bin/../lib/gcc/arm-none-eabi/4.9.3/../../../../arm-none-eabi/lib/armv7e-m/softfp/libc_nano.a
END GROUP
LOAD /usr/bin/../lib/gcc/arm-none-eabi/4.9.3/armv7e-m/softfp/crtend.o
LOAD /usr/bin/../lib/gcc/arm-none-eabi/4.9.3/armv7e-m/softfp/crtn.o

.text           0x0000000008000000     0x53c4
 *(.isr_vector)
 .isr_vector    0x0000000008000000      0x188 ../STM32Cube_FW_F4_V1.9.0/Drivers/CMSIS/Device/ST/STM32F4xx/Source/Templates/gcc/startup_stm32f407xx.o
                0x0000000008000000                g_pfnVectors
 *(.text*)
 .text          0x0000000008000188       0x5c /usr/bin/../lib/gcc/arm-none-eabi/4.9.3/armv7e-m/softfp/crtbegin.o
 .text._Z17InitializeCANBUS1v
                0x00000000080001e4       0xe0 main.o
                0x00000000080001e4                InitializeCANBUS1()
 .text._Z15CAN1SendMessagehPh
                0x00000000080002c4       0x2c main.o
                0x00000000080002c4                CAN1SendMessage(unsigned char, unsigned char*)
 .text._Z14InitializeLEDSv
                0x00000000080002f0       0x40 main.o
                0x00000000080002f0                InitializeLEDS()
 .text.startup.main
                0x0000000008000330       0x84 main.o
                0x0000000008000330                main
 .text.NMI_Handler
                0x00000000080003b4        0x2 src/stm32f4xx_it.o
                0x00000000080003b4                NMI_Handler
 .text.HardFault_Handler
                0x00000000080003b6        0x2 src/stm32f4xx_it.o
                0x00000000080003b6                HardFault_Handler
 .text.MemManage_Handler
                0x00000000080003b8        0x2 src/stm32f4xx_it.o
                0x00000000080003b8                MemManage_Handler
 .text.BusFault_Handler
                0x00000000080003ba        0x2 src/stm32f4xx_it.o
                0x00000000080003ba                BusFault_Handler
 .text.UsageFault_Handler
                0x00000000080003bc        0x2 src/stm32f4xx_it.o
                0x00000000080003bc                UsageFault_Handler
 .text.SVC_Handler
                0x00000000080003be        0x2 src/stm32f4xx_it.o
                0x00000000080003be                SVC_Handler
 .text.DebugMon_Handler
                0x00000000080003c0        0x2 src/stm32f4xx_it.o
                0x00000000080003c0                DebugMon_Handler
 .text.PendSV_Handler
                0x00000000080003c2        0x2 src/stm32f4xx_it.o
                0x00000000080003c2                PendSV_Handler
 .text.SysTick_Handler
                0x00000000080003c4        0x4 src/stm32f4xx_it.o
                0x00000000080003c4                SysTick_Handler
 .text.HAL_MspInit
                0x00000000080003c8        0x2 ../STM32Cube_FW_F4_V1.9.0/Drivers/STM32F4xx_HAL_Driver/Src/stm32f4xx_hal.o
                0x00000000080003c8                HAL_MspInit
 .text.HAL_InitTick
                0x00000000080003ca       0x24 ../STM32Cube_FW_F4_V1.9.0/Drivers/STM32F4xx_HAL_Driver/Src/stm32f4xx_hal.o
                0x00000000080003ca                HAL_InitTick
 *fill*         0x00000000080003ee        0x2 
 .text.HAL_Init
                0x00000000080003f0       0x34 ../STM32Cube_FW_F4_V1.9.0/Drivers/STM32F4xx_HAL_Driver/Src/stm32f4xx_hal.o
                0x00000000080003f0                HAL_Init
 .text.HAL_IncTick
                0x0000000008000424       0x10 ../STM32Cube_FW_F4_V1.9.0/Drivers/STM32F4xx_HAL_Driver/Src/stm32f4xx_hal.o
                0x0000000008000424                HAL_IncTick
 .text.HAL_GetTick
                0x0000000008000434        0xc ../STM32Cube_FW_F4_V1.9.0/Drivers/STM32F4xx_HAL_Driver/Src/stm32f4xx_hal.o
                0x0000000008000434                HAL_GetTick
 .text.HAL_Delay
                0x0000000008000440       0x1a ../STM32Cube_FW_F4_V1.9.0/Drivers/STM32F4xx_HAL_Driver/Src/stm32f4xx_hal.o
                0x0000000008000440                HAL_Delay
 *fill*         0x000000000800045a        0x2 
 .text.HAL_CAN_ConfigFilter
                0x000000000800045c       0xf0 ../STM32Cube_FW_F4_V1.9.0/Drivers/STM32F4xx_HAL_Driver/Src/stm32f4xx_hal_can.o
                0x000000000800045c                HAL_CAN_ConfigFilter
 .text.HAL_CAN_MspInit
                0x000000000800054c        0x2 ../STM32Cube_FW_F4_V1.9.0/Drivers/STM32F4xx_HAL_Driver/Src/stm32f4xx_hal_can.o
                0x000000000800054c                HAL_CAN_MspInit
 .text.HAL_CAN_Init
                0x000000000800054e      0x12c ../STM32Cube_FW_F4_V1.9.0/Drivers/STM32F4xx_HAL_Driver/Src/stm32f4xx_hal_can.o
                0x000000000800054e                HAL_CAN_Init
 *fill*         0x000000000800067a        0x2 
 .text.HAL_CAN_Transmit
                0x000000000800067c      0x164 ../STM32Cube_FW_F4_V1.9.0/Drivers/STM32F4xx_HAL_Driver/Src/stm32f4xx_hal_can.o
                0x000000000800067c                HAL_CAN_Transmit
 .text.HAL_NVIC_SetPriorityGrouping
                0x00000000080007e0       0x24 ../STM32Cube_FW_F4_V1.9.0/Drivers/STM32F4xx_HAL_Driver/Src/stm32f4xx_hal_cortex.o
                0x00000000080007e0                HAL_NVIC_SetPriorityGrouping
 .text.HAL_NVIC_SetPriority
                0x0000000008000804       0x60 ../STM32Cube_FW_F4_V1.9.0/Drivers/STM32F4xx_HAL_Driver/Src/stm32f4xx_hal_cortex.o
                0x0000000008000804                HAL_NVIC_SetPriority
 .text.HAL_NVIC_EnableIRQ
                0x0000000008000864       0x18 ../STM32Cube_FW_F4_V1.9.0/Drivers/STM32F4xx_HAL_Driver/Src/stm32f4xx_hal_cortex.o
                0x0000000008000864                HAL_NVIC_EnableIRQ
 .text.HAL_SYSTICK_Config
                0x000000000800087c       0x2c ../STM32Cube_FW_F4_V1.9.0/Drivers/STM32F4xx_HAL_Driver/Src/stm32f4xx_hal_cortex.o
                0x000000000800087c                HAL_SYSTICK_Config
 .text.HAL_GPIO_Init
                0x00000000080008a8      0x1c8 ../STM32Cube_FW_F4_V1.9.0/Drivers/STM32F4xx_HAL_Driver/Src/stm32f4xx_hal_gpio.o
                0x00000000080008a8                HAL_GPIO_Init
 .text.HAL_GPIO_TogglePin
                0x0000000008000a70        0x8 ../STM32Cube_FW_F4_V1.9.0/Drivers/STM32F4xx_HAL_Driver/Src/stm32f4xx_hal_gpio.o
                0x0000000008000a70                HAL_GPIO_TogglePin
 .text.HAL_RCC_GetSysClockFreq
                0x0000000008000a78       0x80 ../STM32Cube_FW_F4_V1.9.0/Drivers/STM32F4xx_HAL_Driver/Src/stm32f4xx_hal_rcc.o
                0x0000000008000a78                HAL_RCC_GetSysClockFreq
 .text.HAL_RCC_GetHCLKFreq
                0x0000000008000af8       0x34 ../STM32Cube_FW_F4_V1.9.0/Drivers/STM32F4xx_HAL_Driver/Src/stm32f4xx_hal_rcc.o
                0x0000000008000af8                HAL_RCC_GetHCLKFreq
 .text.SystemInit
                0x0000000008000b2c       0x4c ../STM32Cube_FW_F4_V1.9.0/Drivers/CMSIS/Device/ST/STM32F4xx/Source/Templates/system_stm32f4xx.o
                0x0000000008000b2c                SystemInit
 .text.Reset_Handler
                0x0000000008000b78       0x50 ../STM32Cube_FW_F4_V1.9.0/Drivers/CMSIS/Device/ST/STM32F4xx/Source/Templates/gcc/startup_stm32f407xx.o
                0x0000000008000b78                Reset_Handler
 .text.Default_Handler
                0x0000000008000bc8        0x2 ../STM32Cube_FW_F4_V1.9.0/Drivers/CMSIS/Device/ST/STM32F4xx/Source/Templates/gcc/startup_stm32f407xx.o
                0x0000000008000bc8                RTC_Alarm_IRQHandler
                0x0000000008000bc8                HASH_RNG_IRQHandler
                0x0000000008000bc8                EXTI2_IRQHandler
                0x0000000008000bc8                TIM8_CC_IRQHandler
                0x0000000008000bc8                TIM1_CC_IRQHandler
                0x0000000008000bc8                DMA2_Stream5_IRQHandler
                0x0000000008000bc8                DMA1_Stream5_IRQHandler
                0x0000000008000bc8                PVD_IRQHandler
                0x0000000008000bc8                SDIO_IRQHandler
                0x0000000008000bc8                TAMP_STAMP_IRQHandler
                0x0000000008000bc8                CAN2_RX1_IRQHandler
                0x0000000008000bc8                EXTI3_IRQHandler
                0x0000000008000bc8                TIM8_TRG_COM_TIM14_IRQHandler
                0x0000000008000bc8                TIM1_UP_TIM10_IRQHandler
                0x0000000008000bc8                TIM8_UP_TIM13_IRQHandler
                0x0000000008000bc8                I2C3_ER_IRQHandler
                0x0000000008000bc8                EXTI0_IRQHandler
                0x0000000008000bc8                I2C2_EV_IRQHandler
                0x0000000008000bc8                DMA1_Stream2_IRQHandler
                0x0000000008000bc8                CAN1_RX0_IRQHandler
                0x0000000008000bc8                FPU_IRQHandler
                0x0000000008000bc8                OTG_HS_WKUP_IRQHandler
                0x0000000008000bc8                CAN2_SCE_IRQHandler
                0x0000000008000bc8                DMA2_Stream2_IRQHandler
                0x0000000008000bc8                SPI1_IRQHandler
                0x0000000008000bc8                TIM6_DAC_IRQHandler
                0x0000000008000bc8                TIM1_BRK_TIM9_IRQHandler
                0x0000000008000bc8                DCMI_IRQHandler
                0x0000000008000bc8                CAN2_RX0_IRQHandler
                0x0000000008000bc8                DMA2_Stream3_IRQHandler
                0x0000000008000bc8                USART6_IRQHandler
                0x0000000008000bc8                USART3_IRQHandler
                0x0000000008000bc8                CAN1_RX1_IRQHandler
                0x0000000008000bc8                UART5_IRQHandler
                0x0000000008000bc8                DMA2_Stream0_IRQHandler
                0x0000000008000bc8                TIM4_IRQHandler
                0x0000000008000bc8                I2C1_EV_IRQHandler
                0x0000000008000bc8                DMA1_Stream6_IRQHandler
                0x0000000008000bc8                DMA1_Stream1_IRQHandler
                0x0000000008000bc8                UART4_IRQHandler
                0x0000000008000bc8                TIM3_IRQHandler
                0x0000000008000bc8                RCC_IRQHandler
                0x0000000008000bc8                TIM8_BRK_TIM12_IRQHandler
                0x0000000008000bc8                Default_Handler
                0x0000000008000bc8                EXTI15_10_IRQHandler
                0x0000000008000bc8                ADC_IRQHandler
                0x0000000008000bc8                DMA1_Stream7_IRQHandler
                0x0000000008000bc8                TIM7_IRQHandler
                0x0000000008000bc8                CAN2_TX_IRQHandler
                0x0000000008000bc8                TIM5_IRQHandler
                0x0000000008000bc8                DMA2_Stream7_IRQHandler
                0x0000000008000bc8                I2C3_EV_IRQHandler
                0x0000000008000bc8                EXTI9_5_IRQHandler
                0x0000000008000bc8                RTC_WKUP_IRQHandler
                0x0000000008000bc8                ETH_WKUP_IRQHandler
                0x0000000008000bc8                SPI2_IRQHandler
                0x0000000008000bc8                OTG_HS_EP1_IN_IRQHandler
                0x0000000008000bc8                DMA1_Stream0_IRQHandler
                0x0000000008000bc8                CAN1_TX_IRQHandler
                0x0000000008000bc8                EXTI4_IRQHandler
                0x0000000008000bc8                FSMC_IRQHandler
                0x0000000008000bc8                ETH_IRQHandler
                0x0000000008000bc8                OTG_HS_EP1_OUT_IRQHandler
                0x0000000008000bc8                WWDG_IRQHandler
                0x0000000008000bc8                TIM2_IRQHandler
                0x0000000008000bc8                OTG_FS_WKUP_IRQHandler
                0x0000000008000bc8                TIM1_TRG_COM_TIM11_IRQHandler
                0x0000000008000bc8                OTG_HS_IRQHandler
                0x0000000008000bc8                EXTI1_IRQHandler
                0x0000000008000bc8                USART2_IRQHandler
                0x0000000008000bc8                I2C2_ER_IRQHandler
                0x0000000008000bc8                DMA2_Stream1_IRQHandler
                0x0000000008000bc8                CAN1_SCE_IRQHandler
                0x0000000008000bc8                FLASH_IRQHandler
                0x0000000008000bc8                DMA2_Stream4_IRQHandler
                0x0000000008000bc8                USART1_IRQHandler
                0x0000000008000bc8                OTG_FS_IRQHandler
                0x0000000008000bc8                SPI3_IRQHandler
                0x0000000008000bc8                DMA1_Stream4_IRQHandler
                0x0000000008000bc8                I2C1_ER_IRQHandler
                0x0000000008000bc8                DMA2_Stream6_IRQHandler
                0x0000000008000bc8                DMA1_Stream3_IRQHandler
 *fill*         0x0000000008000bca        0x2 
 .text.__libc_init_array
                0x0000000008000bcc       0x4c /usr/bin/../lib/gcc/arm-none-eabi/4.9.3/../../../../arm-none-eabi/lib/armv7e-m/softfp/libc_nano.a(lib_a-init.o)
                0x0000000008000bcc                __libc_init_array
 .text.memset   0x0000000008000c18       0x10 /usr/bin/../lib/gcc/arm-none-eabi/4.9.3/../../../../arm-none-eabi/lib/armv7e-m/softfp/libc_nano.a(lib_a-memset.o)
                0x0000000008000c18                memset
 .text.__cvt    0x0000000008000c28       0xc0 /usr/bin/../lib/gcc/arm-none-eabi/4.9.3/../../../../arm-none-eabi/lib/armv7e-m/softfp/libc_nano.a(lib_a-nano-vfprintf_float.o)
                0x0000000008000c28                __cvt
 .text.__exponent
                0x0000000008000ce8       0x60 /usr/bin/../lib/gcc/arm-none-eabi/4.9.3/../../../../arm-none-eabi/lib/armv7e-m/softfp/libc_nano.a(lib_a-nano-vfprintf_float.o)
                0x0000000008000ce8                __exponent
 .text._printf_float
                0x0000000008000d48      0x48c /usr/bin/../lib/gcc/arm-none-eabi/4.9.3/../../../../arm-none-eabi/lib/armv7e-m/softfp/libc_nano.a(lib_a-nano-vfprintf_float.o)
                0x0000000008000d48                _printf_float
 .text._printf_common
                0x00000000080011d4       0xea /usr/bin/../lib/gcc/arm-none-eabi/4.9.3/../../../../arm-none-eabi/lib/armv7e-m/softfp/libc_nano.a(lib_a-nano-vfprintf_i.o)
                0x00000000080011d4                _printf_common
 *fill*         0x00000000080012be        0x2 
 .text._printf_i
                0x00000000080012c0      0x240 /usr/bin/../lib/gcc/arm-none-eabi/4.9.3/../../../../arm-none-eabi/lib/armv7e-m/softfp/libc_nano.a(lib_a-nano-vfprintf_i.o)
                0x00000000080012c0                _printf_i
 .text._scanf_float
                0x0000000008001500      0x3cc /usr/bin/../lib/gcc/arm-none-eabi/4.9.3/../../../../arm-none-eabi/lib/armv7e-m/softfp/libc_nano.a(lib_a-nano-vfscanf_float.o)
                0x0000000008001500                _scanf_float
 .text.__fpclassifyd
                0x00000000080018cc       0x54 /usr/bin/../lib/gcc/arm-none-eabi/4.9.3/../../../../arm-none-eabi/lib/armv7e-m/softfp/libc_nano.a(lib_a-s_fpclassify.o)
                0x00000000080018cc                __fpclassifyd
 .text.nanf     0x0000000008001920        0x8 /usr/bin/../lib/gcc/arm-none-eabi/4.9.3/../../../../arm-none-eabi/lib/armv7e-m/softfp/libc_nano.a(lib_a-sf_nan.o)
                0x0000000008001920                nanf
 .text.sprintf  0x0000000008001928       0x48 /usr/bin/../lib/gcc/arm-none-eabi/4.9.3/../../../../arm-none-eabi/lib/armv7e-m/softfp/libc_nano.a(lib_a-sprintf.o)
                0x0000000008001928                sprintf
                0x0000000008001928                siprintf
 .text.strlen   0x0000000008001970       0x10 /usr/bin/../lib/gcc/arm-none-eabi/4.9.3/../../../../arm-none-eabi/lib/armv7e-m/softfp/libc_nano.a(lib_a-strlen.o)
                0x0000000008001970                strlen
 .text.match    0x0000000008001980       0x26 /usr/bin/../lib/gcc/arm-none-eabi/4.9.3/../../../../arm-none-eabi/lib/armv7e-m/softfp/libc_nano.a(lib_a-strtod.o)
 .text.sulp     0x00000000080019a6       0x42 /usr/bin/../lib/gcc/arm-none-eabi/4.9.3/../../../../arm-none-eabi/lib/armv7e-m/softfp/libc_nano.a(lib_a-strtod.o)
 .text._strtod_r
                0x00000000080019e8      0xc24 /usr/bin/../lib/gcc/arm-none-eabi/4.9.3/../../../../arm-none-eabi/lib/armv7e-m/softfp/libc_nano.a(lib_a-strtod.o)
                0x00000000080019e8                _strtod_r
 .text._strtol_r
                0x000000000800260c      0x10c /usr/bin/../lib/gcc/arm-none-eabi/4.9.3/../../../../arm-none-eabi/lib/armv7e-m/softfp/libc_nano.a(lib_a-strtol.o)
                0x000000000800260c                _strtol_r
 .text.quorem   0x0000000008002718      0x11a /usr/bin/../lib/gcc/arm-none-eabi/4.9.3/../../../../arm-none-eabi/lib/armv7e-m/softfp/libc_nano.a(lib_a-dtoa.o)
 *fill*         0x0000000008002832        0x6 
 .text._dtoa_r  0x0000000008002838      0xb88 /usr/bin/../lib/gcc/arm-none-eabi/4.9.3/../../../../arm-none-eabi/lib/armv7e-m/softfp/libc_nano.a(lib_a-dtoa.o)
                0x0000000008002838                _dtoa_r
 .text.rshift   0x00000000080033c0       0x6c /usr/bin/../lib/gcc/arm-none-eabi/4.9.3/../../../../arm-none-eabi/lib/armv7e-m/softfp/libc_nano.a(lib_a-gdtoa-gethex.o)
 .text.__hexdig_fun
                0x000000000800342c       0x2a /usr/bin/../lib/gcc/arm-none-eabi/4.9.3/../../../../arm-none-eabi/lib/armv7e-m/softfp/libc_nano.a(lib_a-gdtoa-gethex.o)
                0x000000000800342c                __hexdig_fun
 .text.__gethex
                0x0000000008003456      0x44a /usr/bin/../lib/gcc/arm-none-eabi/4.9.3/../../../../arm-none-eabi/lib/armv7e-m/softfp/libc_nano.a(lib_a-gdtoa-gethex.o)
                0x0000000008003456                __gethex
 .text.L_shift  0x00000000080038a0       0x24 /usr/bin/../lib/gcc/arm-none-eabi/4.9.3/../../../../arm-none-eabi/lib/armv7e-m/softfp/libc_nano.a(lib_a-gdtoa-hexnan.o)
 .text.__hexnan
                0x00000000080038c4      0x114 /usr/bin/../lib/gcc/arm-none-eabi/4.9.3/../../../../arm-none-eabi/lib/armv7e-m/softfp/libc_nano.a(lib_a-gdtoa-hexnan.o)
                0x00000000080038c4                __hexnan
 .text._localeconv_r
                0x00000000080039d8        0x8 /usr/bin/../lib/gcc/arm-none-eabi/4.9.3/../../../../arm-none-eabi/lib/armv7e-m/softfp/libc_nano.a(lib_a-locale.o)
                0x00000000080039d8                _localeconv_r
 .text.malloc   0x00000000080039e0       0x10 /usr/bin/../lib/gcc/arm-none-eabi/4.9.3/../../../../arm-none-eabi/lib/armv7e-m/softfp/libc_nano.a(lib_a-malloc.o)
                0x00000000080039e0                malloc
 .text.memchr   0x00000000080039f0       0x1e /usr/bin/../lib/gcc/arm-none-eabi/4.9.3/../../../../arm-none-eabi/lib/armv7e-m/softfp/libc_nano.a(lib_a-memchr.o)
                0x00000000080039f0                memchr
 .text.memcpy   0x0000000008003a0e       0x16 /usr/bin/../lib/gcc/arm-none-eabi/4.9.3/../../../../arm-none-eabi/lib/armv7e-m/softfp/libc_nano.a(lib_a-memcpy.o)
                0x0000000008003a0e                memcpy
 .text._Balloc  0x0000000008003a24       0x6a /usr/bin/../lib/gcc/arm-none-eabi/4.9.3/../../../../arm-none-eabi/lib/armv7e-m/softfp/libc_nano.a(lib_a-mprec.o)
                0x0000000008003a24                _Balloc
 .text._Bfree   0x0000000008003a8e       0x2e /usr/bin/../lib/gcc/arm-none-eabi/4.9.3/../../../../arm-none-eabi/lib/armv7e-m/softfp/libc_nano.a(lib_a-mprec.o)
                0x0000000008003a8e                _Bfree
 .text.__multadd
                0x0000000008003abc       0x7c /usr/bin/../lib/gcc/arm-none-eabi/4.9.3/../../../../arm-none-eabi/lib/armv7e-m/softfp/libc_nano.a(lib_a-mprec.o)
                0x0000000008003abc                __multadd
 .text.__s2b    0x0000000008003b38       0x80 /usr/bin/../lib/gcc/arm-none-eabi/4.9.3/../../../../arm-none-eabi/lib/armv7e-m/softfp/libc_nano.a(lib_a-mprec.o)
                0x0000000008003b38                __s2b
 .text.__hi0bits
                0x0000000008003bb8       0x40 /usr/bin/../lib/gcc/arm-none-eabi/4.9.3/../../../../arm-none-eabi/lib/armv7e-m/softfp/libc_nano.a(lib_a-mprec.o)
                0x0000000008003bb8                __hi0bits
 .text.__lo0bits
                0x0000000008003bf8       0x5a /usr/bin/../lib/gcc/arm-none-eabi/4.9.3/../../../../arm-none-eabi/lib/armv7e-m/softfp/libc_nano.a(lib_a-mprec.o)
                0x0000000008003bf8                __lo0bits
 .text.__i2b    0x0000000008003c52       0x12 /usr/bin/../lib/gcc/arm-none-eabi/4.9.3/../../../../arm-none-eabi/lib/armv7e-m/softfp/libc_nano.a(lib_a-mprec.o)
                0x0000000008003c52                __i2b
 .text.__multiply
                0x0000000008003c64      0x122 /usr/bin/../lib/gcc/arm-none-eabi/4.9.3/../../../../arm-none-eabi/lib/armv7e-m/softfp/libc_nano.a(lib_a-mprec.o)
                0x0000000008003c64                __multiply
 *fill*         0x0000000008003d86        0x2 
 .text.__pow5mult
                0x0000000008003d88       0x9c /usr/bin/../lib/gcc/arm-none-eabi/4.9.3/../../../../arm-none-eabi/lib/armv7e-m/softfp/libc_nano.a(lib_a-mprec.o)
                0x0000000008003d88                __pow5mult
 .text.__lshift
                0x0000000008003e24       0xa6 /usr/bin/../lib/gcc/arm-none-eabi/4.9.3/../../../../arm-none-eabi/lib/armv7e-m/softfp/libc_nano.a(lib_a-mprec.o)
                0x0000000008003e24                __lshift
 .text.__mcmp   0x0000000008003eca       0x38 /usr/bin/../lib/gcc/arm-none-eabi/4.9.3/../../../../arm-none-eabi/lib/armv7e-m/softfp/libc_nano.a(lib_a-mprec.o)
                0x0000000008003eca                __mcmp
 .text.__mdiff  0x0000000008003f02       0xbe /usr/bin/../lib/gcc/arm-none-eabi/4.9.3/../../../../arm-none-eabi/lib/armv7e-m/softfp/libc_nano.a(lib_a-mprec.o)
                0x0000000008003f02                __mdiff
 .text.__ulp    0x0000000008003fc0       0x48 /usr/bin/../lib/gcc/arm-none-eabi/4.9.3/../../../../arm-none-eabi/lib/armv7e-m/softfp/libc_nano.a(lib_a-mprec.o)
                0x0000000008003fc0                __ulp
 .text.__b2d    0x0000000008004008       0x9e /usr/bin/../lib/gcc/arm-none-eabi/4.9.3/../../../../arm-none-eabi/lib/armv7e-m/softfp/libc_nano.a(lib_a-mprec.o)
                0x0000000008004008                __b2d
 .text.__d2b    0x00000000080040a6       0xa4 /usr/bin/../lib/gcc/arm-none-eabi/4.9.3/../../../../arm-none-eabi/lib/armv7e-m/softfp/libc_nano.a(lib_a-mprec.o)
                0x00000000080040a6                __d2b
 .text.__ratio  0x000000000800414a       0x52 /usr/bin/../lib/gcc/arm-none-eabi/4.9.3/../../../../arm-none-eabi/lib/armv7e-m/softfp/libc_nano.a(lib_a-mprec.o)
                0x000000000800414a                __ratio
 .text.__copybits
                0x000000000800419c       0x34 /usr/bin/../lib/gcc/arm-none-eabi/4.9.3/../../../../arm-none-eabi/lib/armv7e-m/softfp/libc_nano.a(lib_a-mprec.o)
                0x000000000800419c                __copybits
 .text.__any_on
                0x00000000080041d0       0x44 /usr/bin/../lib/gcc/arm-none-eabi/4.9.3/../../../../arm-none-eabi/lib/armv7e-m/softfp/libc_nano.a(lib_a-mprec.o)
                0x00000000080041d0                __any_on
 .text._calloc_r
                0x0000000008004214       0x1c /usr/bin/../lib/gcc/arm-none-eabi/4.9.3/../../../../arm-none-eabi/lib/armv7e-m/softfp/libc_nano.a(lib_a-nano-callocr.o)
                0x0000000008004214                _calloc_r
 .text._free_r  0x0000000008004230       0x88 /usr/bin/../lib/gcc/arm-none-eabi/4.9.3/../../../../arm-none-eabi/lib/armv7e-m/softfp/libc_nano.a(lib_a-nano-freer.o)
                0x0000000008004230                _free_r
 .text._malloc_r
                0x00000000080042b8       0xac /usr/bin/../lib/gcc/arm-none-eabi/4.9.3/../../../../arm-none-eabi/lib/armv7e-m/softfp/libc_nano.a(lib_a-nano-mallocr.o)
                0x00000000080042b8                _malloc_r
 .text.__ssputs_r
                0x0000000008004364       0xb2 /usr/bin/../lib/gcc/arm-none-eabi/4.9.3/../../../../arm-none-eabi/lib/armv7e-m/softfp/libc_nano.a(lib_a-nano-svfprintf.o)
                0x0000000008004364                __ssputs_r
 *fill*         0x0000000008004416        0x2 
 .text._svfprintf_r
                0x0000000008004418      0x1e4 /usr/bin/../lib/gcc/arm-none-eabi/4.9.3/../../../../arm-none-eabi/lib/armv7e-m/softfp/libc_nano.a(lib_a-nano-svfprintf.o)
                0x0000000008004418                _svfprintf_r
                0x0000000008004418                _svfiprintf_r
 .text._sbrk_r  0x00000000080045fc       0x20 /usr/bin/../lib/gcc/arm-none-eabi/4.9.3/../../../../arm-none-eabi/lib/armv7e-m/softfp/libc_nano.a(lib_a-sbrkr.o)
                0x00000000080045fc                _sbrk_r
 .text.strncmp  0x000000000800461c       0x34 /usr/bin/../lib/gcc/arm-none-eabi/4.9.3/../../../../arm-none-eabi/lib/armv7e-m/softfp/libc_nano.a(lib_a-strncmp.o)
                0x000000000800461c                strncmp
 .text.memmove  0x0000000008004650       0x36 /usr/bin/../lib/gcc/arm-none-eabi/4.9.3/../../../../arm-none-eabi/lib/armv7e-m/softfp/libc_nano.a(lib_a-memmove.o)
                0x0000000008004650                memmove
 .text._realloc_r
                0x0000000008004686       0x4c /usr/bin/../lib/gcc/arm-none-eabi/4.9.3/../../../../arm-none-eabi/lib/armv7e-m/softfp/libc_nano.a(lib_a-nano-reallocr.o)
                0x0000000008004686                _realloc_r
 .text._malloc_usable_size_r
                0x00000000080046d2       0x14 /usr/bin/../lib/gcc/arm-none-eabi/4.9.3/../../../../arm-none-eabi/lib/armv7e-m/softfp/libc_nano.a(lib_a-nano-msizer.o)
                0x00000000080046d2                _malloc_usable_size_r
 *fill*         0x00000000080046e6        0x2 
 .text          0x00000000080046e8      0x370 /usr/bin/../lib/gcc/arm-none-eabi/4.9.3/armv7e-m/softfp/libgcc.a(_arm_addsubdf3.o)
                0x00000000080046e8                __aeabi_drsub
                0x00000000080046f0                __aeabi_dsub
                0x00000000080046f0                __subdf3
                0x00000000080046f4                __adddf3
                0x00000000080046f4                __aeabi_dadd
                0x000000000800496c                __aeabi_ui2d
                0x000000000800496c                __floatunsidf
                0x000000000800498c                __floatsidf
                0x000000000800498c                __aeabi_i2d
                0x00000000080049b0                __extendsfdf2
                0x00000000080049b0                __aeabi_f2d
                0x00000000080049ec                __aeabi_ul2d
                0x00000000080049ec                __floatundidf
                0x00000000080049fc                __floatdidf
                0x00000000080049fc                __aeabi_l2d
 .text          0x0000000008004a58      0x424 /usr/bin/../lib/gcc/arm-none-eabi/4.9.3/armv7e-m/softfp/libgcc.a(_arm_muldivdf3.o)
                0x0000000008004a58                __aeabi_dmul
                0x0000000008004a58                __muldf3
                0x0000000008004cac                __aeabi_ddiv
                0x0000000008004cac                __divdf3
 .text          0x0000000008004e7c      0x110 /usr/bin/../lib/gcc/arm-none-eabi/4.9.3/armv7e-m/softfp/libgcc.a(_arm_cmpdf2.o)
                0x0000000008004e7c                __gtdf2
                0x0000000008004e7c                __gedf2
                0x0000000008004e84                __ltdf2
                0x0000000008004e84                __ledf2
                0x0000000008004e8c                __cmpdf2
                0x0000000008004e8c                __eqdf2
                0x0000000008004e8c                __nedf2
                0x0000000008004f08                __aeabi_cdrcmple
                0x0000000008004f18                __aeabi_cdcmple
                0x0000000008004f18                __aeabi_cdcmpeq
                0x0000000008004f28                __aeabi_dcmpeq
                0x0000000008004f3c                __aeabi_dcmplt
                0x0000000008004f50                __aeabi_dcmple
                0x0000000008004f64                __aeabi_dcmpge
                0x0000000008004f78                __aeabi_dcmpgt
 .text          0x0000000008004f8c       0x50 /usr/bin/../lib/gcc/arm-none-eabi/4.9.3/armv7e-m/softfp/libgcc.a(_arm_fixdfsi.o)
                0x0000000008004f8c                __fixdfsi
                0x0000000008004f8c                __aeabi_d2iz
 .text          0x0000000008004fdc       0x40 /usr/bin/../lib/gcc/arm-none-eabi/4.9.3/armv7e-m/softfp/libgcc.a(_arm_fixunsdfsi.o)
                0x0000000008004fdc                __fixunsdfsi
                0x0000000008004fdc                __aeabi_d2uiz
 .text          0x000000000800501c       0xa0 /usr/bin/../lib/gcc/arm-none-eabi/4.9.3/armv7e-m/softfp/libgcc.a(_arm_truncdfsf2.o)
                0x000000000800501c                __aeabi_d2f
                0x000000000800501c                __truncdfsf2
 .text._sbrk    0x00000000080050bc       0x1c /usr/bin/../lib/gcc/arm-none-eabi/4.9.3/../../../../arm-none-eabi/lib/armv7e-m/softfp/libnosys.a(sbrk.o)
                0x00000000080050bc                _sbrk
 *(.init)
 .init          0x00000000080050d8        0x4 /usr/bin/../lib/gcc/arm-none-eabi/4.9.3/armv7e-m/softfp/crti.o
                0x00000000080050d8                _init
 .init          0x00000000080050dc        0x8 /usr/bin/../lib/gcc/arm-none-eabi/4.9.3/armv7e-m/softfp/crtn.o
 *(.fini)
 .fini          0x00000000080050e4        0x4 /usr/bin/../lib/gcc/arm-none-eabi/4.9.3/armv7e-m/softfp/crti.o
                0x00000000080050e4                _fini
 .fini          0x00000000080050e8        0x8 /usr/bin/../lib/gcc/arm-none-eabi/4.9.3/armv7e-m/softfp/crtn.o
 *crtbegin.o(.ctors)
 *crtbegin?.o(.ctors)
 *(EXCLUDE_FILE(*crtend.o *crtend?.o) .ctors)
 *(SORT(.ctors.*))
 *(.ctors)
 *crtbegin.o(.dtors)
 *crtbegin?.o(.dtors)
 *(EXCLUDE_FILE(*crtend.o *crtend?.o) .dtors)
 *(SORT(.dtors.*))
 *(.dtors)
 *(.rodata*)
 .rodata        0x00000000080050f0        0x8 main.o
 .rodata.APBAHBPrescTable
                0x00000000080050f8       0x10 ../STM32Cube_FW_F4_V1.9.0/Drivers/STM32F4xx_HAL_Driver/Src/stm32f4xx_hal_rcc.o
                0x00000000080050f8                APBAHBPrescTable
 .rodata.str1.1
                0x0000000008005108        0x2 /usr/bin/../lib/gcc/arm-none-eabi/4.9.3/../../../../arm-none-eabi/lib/armv7e-m/softfp/libc_nano.a(lib_a-impure.o)
 .rodata.str1.1
                0x000000000800510a       0x12 /usr/bin/../lib/gcc/arm-none-eabi/4.9.3/../../../../arm-none-eabi/lib/armv7e-m/softfp/libc_nano.a(lib_a-nano-vfprintf_float.o)
 .rodata.str1.1
                0x000000000800511c       0x22 /usr/bin/../lib/gcc/arm-none-eabi/4.9.3/../../../../arm-none-eabi/lib/armv7e-m/softfp/libc_nano.a(lib_a-nano-vfprintf_i.o)
 .rodata.str1.1
                0x000000000800513e        0x5 /usr/bin/../lib/gcc/arm-none-eabi/4.9.3/../../../../arm-none-eabi/lib/armv7e-m/softfp/libc_nano.a(lib_a-nano-vfscanf_float.o)
 .rodata.str1.1
                0x0000000000000000        0x5 /usr/bin/../lib/gcc/arm-none-eabi/4.9.3/../../../../arm-none-eabi/lib/armv7e-m/softfp/libc_nano.a(lib_a-strtod.o)
                                          0xc (size before relaxing)
 *fill*         0x0000000008005143        0x1 
 .rodata.fpinan.5315
                0x0000000008005144       0x14 /usr/bin/../lib/gcc/arm-none-eabi/4.9.3/../../../../arm-none-eabi/lib/armv7e-m/softfp/libc_nano.a(lib_a-strtod.o)
 .rodata.tinytens
                0x0000000008005158       0x28 /usr/bin/../lib/gcc/arm-none-eabi/4.9.3/../../../../arm-none-eabi/lib/armv7e-m/softfp/libc_nano.a(lib_a-strtod.o)
 .rodata.fpi.5279
                0x0000000008005180       0x14 /usr/bin/../lib/gcc/arm-none-eabi/4.9.3/../../../../arm-none-eabi/lib/armv7e-m/softfp/libc_nano.a(lib_a-strtod.o)
 .rodata._ctype_
                0x0000000008005194      0x101 /usr/bin/../lib/gcc/arm-none-eabi/4.9.3/../../../../arm-none-eabi/lib/armv7e-m/softfp/libc_nano.a(lib_a-ctype_.o)
                0x0000000008005194                _ctype_
 .rodata.str1.1
                0x0000000008005295        0xd /usr/bin/../lib/gcc/arm-none-eabi/4.9.3/../../../../arm-none-eabi/lib/armv7e-m/softfp/libc_nano.a(lib_a-dtoa.o)
                                          0xf (size before relaxing)
 .rodata.str1.1
                0x00000000080052a2        0x8 /usr/bin/../lib/gcc/arm-none-eabi/4.9.3/../../../../arm-none-eabi/lib/armv7e-m/softfp/libc_nano.a(lib_a-locale.o)
                                          0xb (size before relaxing)
 *fill*         0x00000000080052aa        0x6 
 .rodata.__mprec_tens
                0x00000000080052b0       0xc8 /usr/bin/../lib/gcc/arm-none-eabi/4.9.3/../../../../arm-none-eabi/lib/armv7e-m/softfp/libc_nano.a(lib_a-mprec.o)
                0x00000000080052b0                __mprec_tens
 .rodata.__mprec_bigtens
                0x0000000008005378       0x28 /usr/bin/../lib/gcc/arm-none-eabi/4.9.3/../../../../arm-none-eabi/lib/armv7e-m/softfp/libc_nano.a(lib_a-mprec.o)
                0x0000000008005378                __mprec_bigtens
 .rodata.p05.5314
                0x00000000080053a0        0xc /usr/bin/../lib/gcc/arm-none-eabi/4.9.3/../../../../arm-none-eabi/lib/armv7e-m/softfp/libc_nano.a(lib_a-mprec.o)
 .rodata.str1.1
                0x00000000080053ac       0x11 /usr/bin/../lib/gcc/arm-none-eabi/4.9.3/../../../../arm-none-eabi/lib/armv7e-m/softfp/libc_nano.a(lib_a-nano-svfprintf.o)
 *(.eh_frame*)
 *fill*         0x00000000080053bd        0x3 
 .eh_frame      0x00000000080053c0        0x0 /usr/bin/../lib/gcc/arm-none-eabi/4.9.3/armv7e-m/softfp/crtbegin.o
 .eh_frame      0x00000000080053c0        0x0 /usr/bin/../lib/gcc/arm-none-eabi/4.9.3/../../../../arm-none-eabi/lib/armv7e-m/softfp/libc_nano.a(lib_a-strcmp.o)
                                         0x28 (size before relaxing)
 .eh_frame      0x00000000080053c0        0x4 /usr/bin/../lib/gcc/arm-none-eabi/4.9.3/armv7e-m/softfp/crtend.o

.glue_7         0x00000000080053c4        0x0
 .glue_7        0x0000000000000000        0x0 linker stubs

.glue_7t        0x00000000080053c4        0x0
 .glue_7t       0x0000000000000000        0x0 linker stubs

.vfp11_veneer   0x00000000080053c4        0x0
 .vfp11_veneer  0x0000000000000000        0x0 linker stubs

.v4_bx          0x00000000080053c4        0x0
 .v4_bx         0x0000000000000000        0x0 linker stubs

.iplt           0x00000000080053c4        0x0
 .iplt          0x0000000000000000        0x0 /usr/bin/../lib/gcc/arm-none-eabi/4.9.3/armv7e-m/softfp/crtbegin.o

.rel.dyn        0x00000000080053c4        0x0
 .rel.iplt      0x0000000000000000        0x0 /usr/bin/../lib/gcc/arm-none-eabi/4.9.3/armv7e-m/softfp/crtbegin.o

.ARM.extab
 *(.ARM.extab* .gnu.linkonce.armextab.*)
                0x00000000080053c4                __exidx_start = .

.ARM.exidx
 *(.ARM.exidx* .gnu.linkonce.armexidx.*)
                0x00000000080053c4                __exidx_end = .
                0x00000000080053c4                __etext = .
                0x00000000080053c4                _sidata = .

.data           0x0000000020000188       0xb0 load address 0x00000000080053c4
                0x0000000020000188                __data_start__ = .
                0x0000000020000188                _sdata = .
 *(vtable)
 *(.data*)
 .data.SystemCoreClock
                0x0000000020000188        0x4 ../STM32Cube_FW_F4_V1.9.0/Drivers/CMSIS/Device/ST/STM32F4xx/Source/Templates/system_stm32f4xx.o
                0x0000000020000188                SystemCoreClock
 .data.impure_data
                0x000000002000018c       0x60 /usr/bin/../lib/gcc/arm-none-eabi/4.9.3/../../../../arm-none-eabi/lib/armv7e-m/softfp/libc_nano.a(lib_a-impure.o)
 .data._impure_ptr
                0x00000000200001ec        0x4 /usr/bin/../lib/gcc/arm-none-eabi/4.9.3/../../../../arm-none-eabi/lib/armv7e-m/softfp/libc_nano.a(lib_a-impure.o)
                0x00000000200001ec                _impure_ptr
 .data.__ctype_ptr__
                0x00000000200001f0        0x4 /usr/bin/../lib/gcc/arm-none-eabi/4.9.3/../../../../arm-none-eabi/lib/armv7e-m/softfp/libc_nano.a(lib_a-ctype_.o)
                0x00000000200001f0                __ctype_ptr__
 .data.lconv    0x00000000200001f4       0x38 /usr/bin/../lib/gcc/arm-none-eabi/4.9.3/../../../../arm-none-eabi/lib/armv7e-m/softfp/libc_nano.a(lib_a-locale.o)
                0x000000002000022c                . = ALIGN (0x4)
                0x000000002000022c                PROVIDE (__preinit_array_start, .)
 *(.preinit_array)
                0x000000002000022c                PROVIDE (__preinit_array_end, .)
                0x000000002000022c                . = ALIGN (0x4)
                0x000000002000022c                PROVIDE (__init_array_start, .)
 *(SORT(.init_array.*))
 *(.init_array)
 .init_array    0x000000002000022c        0x4 /usr/bin/../lib/gcc/arm-none-eabi/4.9.3/armv7e-m/softfp/crtbegin.o
                0x0000000020000230                PROVIDE (__init_array_end, .)
                0x0000000020000230                . = ALIGN (0x4)
                0x0000000020000230                PROVIDE (__fini_array_start, .)
 *(SORT(.fini_array.*))
 *(.fini_array)
 .fini_array    0x0000000020000230        0x4 /usr/bin/../lib/gcc/arm-none-eabi/4.9.3/armv7e-m/softfp/crtbegin.o
                0x0000000020000234                PROVIDE (__fini_array_end, .)
 *(.jcr*)
 .jcr           0x0000000020000234        0x0 /usr/bin/../lib/gcc/arm-none-eabi/4.9.3/armv7e-m/softfp/crtbegin.o
 .jcr           0x0000000020000234        0x4 /usr/bin/../lib/gcc/arm-none-eabi/4.9.3/armv7e-m/softfp/crtend.o
                0x0000000020000238                . = ALIGN (0x4)
                0x0000000020000238                __data_end__ = .
                0x0000000020000238                _edata = .

.igot.plt       0x0000000020000238        0x0 load address 0x0000000008005474
 .igot.plt      0x0000000000000000        0x0 /usr/bin/../lib/gcc/arm-none-eabi/4.9.3/armv7e-m/softfp/crtbegin.o

.bss            0x0000000020000238       0xb0 load address 0x0000000008005474
                0x0000000020000238                . = ALIGN (0x4)
                0x0000000020000238                __bss_start__ = .
                0x0000000020000238                _sbss = .
 *(.bss*)
 .bss           0x0000000020000238       0x1c /usr/bin/../lib/gcc/arm-none-eabi/4.9.3/armv7e-m/softfp/crtbegin.o
 .bss.HCAN1     0x0000000020000254       0x40 main.o
                0x0000000020000254                HCAN1
 .bss.TxMessage
                0x0000000020000294       0x1c main.o
                0x0000000020000294                TxMessage
 .bss.RxMessage
                0x00000000200002b0       0x24 main.o
                0x00000000200002b0                RxMessage
 .bss.uwTick    0x00000000200002d4        0x4 ../STM32Cube_FW_F4_V1.9.0/Drivers/STM32F4xx_HAL_Driver/Src/stm32f4xx_hal.o
 .bss.__malloc_sbrk_start
                0x00000000200002d8        0x4 /usr/bin/../lib/gcc/arm-none-eabi/4.9.3/../../../../arm-none-eabi/lib/armv7e-m/softfp/libc_nano.a(lib_a-nano-mallocr.o)
                0x00000000200002d8                __malloc_sbrk_start
 .bss.__malloc_free_list
                0x00000000200002dc        0x4 /usr/bin/../lib/gcc/arm-none-eabi/4.9.3/../../../../arm-none-eabi/lib/armv7e-m/softfp/libc_nano.a(lib_a-nano-mallocr.o)
                0x00000000200002dc                __malloc_free_list
 .bss.heap_end.4079
                0x00000000200002e0        0x4 /usr/bin/../lib/gcc/arm-none-eabi/4.9.3/../../../../arm-none-eabi/lib/armv7e-m/softfp/libnosys.a(sbrk.o)
 *(COMMON)
 COMMON         0x00000000200002e4        0x4 /usr/bin/../lib/gcc/arm-none-eabi/4.9.3/../../../../arm-none-eabi/lib/armv7e-m/softfp/libc_nano.a(lib_a-reent.o)
                0x00000000200002e4                errno
                0x00000000200002e8                . = ALIGN (0x4)
                0x00000000200002e8                __bss_end__ = .
                0x00000000200002e8                _ebss = .

.heap           0x00000000200002e8        0x0
                0x00000000200002e8                __end__ = .
                0x00000000200002e8                end = __end__
 *(.heap*)
                0x00000000200002e8                __HeapLimit = .

.stack_dummy    0x00000000200002e8        0x0
 *(.stack*)
                0x0000000020020000                __StackTop = (ORIGIN (RAM) + 0x1fe78)
                0x0000000020020000                _estack = __StackTop
                0x0000000020020000                __StackLimit = (__StackTop - SIZEOF (.stack_dummy))
                0x0000000020020000                PROVIDE (__stack, __StackTop)
                0x0000000000000001                ASSERT ((__StackLimit >= __HeapLimit), region RAM overflowed with stack)
OUTPUT(build/main.elf elf32-littlearm)

.ARM.attributes
                0x0000000000000000       0x2e
 .ARM.attributes
                0x0000000000000000       0x22 /usr/bin/../lib/gcc/arm-none-eabi/4.9.3/armv7e-m/softfp/crti.o
 .ARM.attributes
                0x0000000000000022       0x32 /usr/bin/../lib/gcc/arm-none-eabi/4.9.3/armv7e-m/softfp/crtbegin.o
 .ARM.attributes
                0x0000000000000054       0x37 main.o
 .ARM.attributes
                0x000000000000008b       0x37 src/stm32f4xx_it.o
 .ARM.attributes
                0x00000000000000c2       0x37 ../STM32Cube_FW_F4_V1.9.0/Drivers/STM32F4xx_HAL_Driver/Src/stm32f4xx_hal.o
 .ARM.attributes
                0x00000000000000f9       0x37 ../STM32Cube_FW_F4_V1.9.0/Drivers/STM32F4xx_HAL_Driver/Src/stm32f4xx_hal_can.o
 .ARM.attributes
                0x0000000000000130       0x37 ../STM32Cube_FW_F4_V1.9.0/Drivers/STM32F4xx_HAL_Driver/Src/stm32f4xx_hal_cortex.o
 .ARM.attributes
                0x0000000000000167       0x37 ../STM32Cube_FW_F4_V1.9.0/Drivers/STM32F4xx_HAL_Driver/Src/stm32f4xx_hal_gpio.o
 .ARM.attributes
                0x000000000000019e       0x37 ../STM32Cube_FW_F4_V1.9.0/Drivers/STM32F4xx_HAL_Driver/Src/stm32f4xx_hal_rcc.o
 .ARM.attributes
                0x00000000000001d5       0x37 ../STM32Cube_FW_F4_V1.9.0/Drivers/CMSIS/Device/ST/STM32F4xx/Source/Templates/system_stm32f4xx.o
 .ARM.attributes
                0x000000000000020c       0x21 ../STM32Cube_FW_F4_V1.9.0/Drivers/CMSIS/Device/ST/STM32F4xx/Source/Templates/gcc/startup_stm32f407xx.o
 .ARM.attributes
                0x000000000000022d       0x32 /usr/bin/../lib/gcc/arm-none-eabi/4.9.3/../../../../arm-none-eabi/lib/armv7e-m/softfp/libc_nano.a(lib_a-impure.o)
 .ARM.attributes
                0x000000000000025f       0x32 /usr/bin/../lib/gcc/arm-none-eabi/4.9.3/../../../../arm-none-eabi/lib/armv7e-m/softfp/libc_nano.a(lib_a-init.o)
 .ARM.attributes
                0x0000000000000291       0x32 /usr/bin/../lib/gcc/arm-none-eabi/4.9.3/../../../../arm-none-eabi/lib/armv7e-m/softfp/libc_nano.a(lib_a-memset.o)
 .ARM.attributes
                0x00000000000002c3       0x32 /usr/bin/../lib/gcc/arm-none-eabi/4.9.3/../../../../arm-none-eabi/lib/armv7e-m/softfp/libc_nano.a(lib_a-nano-vfprintf_float.o)
 .ARM.attributes
                0x00000000000002f5       0x32 /usr/bin/../lib/gcc/arm-none-eabi/4.9.3/../../../../arm-none-eabi/lib/armv7e-m/softfp/libc_nano.a(lib_a-nano-vfprintf_i.o)
 .ARM.attributes
                0x0000000000000327       0x32 /usr/bin/../lib/gcc/arm-none-eabi/4.9.3/../../../../arm-none-eabi/lib/armv7e-m/softfp/libc_nano.a(lib_a-nano-vfscanf_float.o)
 .ARM.attributes
                0x0000000000000359       0x32 /usr/bin/../lib/gcc/arm-none-eabi/4.9.3/../../../../arm-none-eabi/lib/armv7e-m/softfp/libc_nano.a(lib_a-s_fpclassify.o)
 .ARM.attributes
                0x000000000000038b       0x32 /usr/bin/../lib/gcc/arm-none-eabi/4.9.3/../../../../arm-none-eabi/lib/armv7e-m/softfp/libc_nano.a(lib_a-sf_nan.o)
 .ARM.attributes
                0x00000000000003bd       0x32 /usr/bin/../lib/gcc/arm-none-eabi/4.9.3/../../../../arm-none-eabi/lib/armv7e-m/softfp/libc_nano.a(lib_a-sprintf.o)
 .ARM.attributes
                0x00000000000003ef       0x32 /usr/bin/../lib/gcc/arm-none-eabi/4.9.3/../../../../arm-none-eabi/lib/armv7e-m/softfp/libc_nano.a(lib_a-strlen.o)
 .ARM.attributes
                0x0000000000000421       0x32 /usr/bin/../lib/gcc/arm-none-eabi/4.9.3/../../../../arm-none-eabi/lib/armv7e-m/softfp/libc_nano.a(lib_a-strtod.o)
 .ARM.attributes
                0x0000000000000453       0x32 /usr/bin/../lib/gcc/arm-none-eabi/4.9.3/../../../../arm-none-eabi/lib/armv7e-m/softfp/libc_nano.a(lib_a-strtol.o)
 .ARM.attributes
                0x0000000000000485       0x32 /usr/bin/../lib/gcc/arm-none-eabi/4.9.3/../../../../arm-none-eabi/lib/armv7e-m/softfp/libc_nano.a(lib_a-ctype_.o)
 .ARM.attributes
                0x00000000000004b7       0x32 /usr/bin/../lib/gcc/arm-none-eabi/4.9.3/../../../../arm-none-eabi/lib/armv7e-m/softfp/libc_nano.a(lib_a-dtoa.o)
 .ARM.attributes
                0x00000000000004e9       0x32 /usr/bin/../lib/gcc/arm-none-eabi/4.9.3/../../../../arm-none-eabi/lib/armv7e-m/softfp/libc_nano.a(lib_a-gdtoa-gethex.o)
 .ARM.attributes
                0x000000000000051b       0x32 /usr/bin/../lib/gcc/arm-none-eabi/4.9.3/../../../../arm-none-eabi/lib/armv7e-m/softfp/libc_nano.a(lib_a-gdtoa-hexnan.o)
 .ARM.attributes
                0x000000000000054d       0x32 /usr/bin/../lib/gcc/arm-none-eabi/4.9.3/../../../../arm-none-eabi/lib/armv7e-m/softfp/libc_nano.a(lib_a-locale.o)
 .ARM.attributes
                0x000000000000057f       0x32 /usr/bin/../lib/gcc/arm-none-eabi/4.9.3/../../../../arm-none-eabi/lib/armv7e-m/softfp/libc_nano.a(lib_a-malloc.o)
 .ARM.attributes
                0x00000000000005b1       0x32 /usr/bin/../lib/gcc/arm-none-eabi/4.9.3/../../../../arm-none-eabi/lib/armv7e-m/softfp/libc_nano.a(lib_a-memchr.o)
 .ARM.attributes
                0x00000000000005e3       0x32 /usr/bin/../lib/gcc/arm-none-eabi/4.9.3/../../../../arm-none-eabi/lib/armv7e-m/softfp/libc_nano.a(lib_a-memcpy.o)
 .ARM.attributes
                0x0000000000000615       0x32 /usr/bin/../lib/gcc/arm-none-eabi/4.9.3/../../../../arm-none-eabi/lib/armv7e-m/softfp/libc_nano.a(lib_a-mprec.o)
 .ARM.attributes
                0x0000000000000647       0x32 /usr/bin/../lib/gcc/arm-none-eabi/4.9.3/../../../../arm-none-eabi/lib/armv7e-m/softfp/libc_nano.a(lib_a-nano-callocr.o)
 .ARM.attributes
                0x0000000000000679       0x32 /usr/bin/../lib/gcc/arm-none-eabi/4.9.3/../../../../arm-none-eabi/lib/armv7e-m/softfp/libc_nano.a(lib_a-nano-freer.o)
 .ARM.attributes
                0x00000000000006ab       0x32 /usr/bin/../lib/gcc/arm-none-eabi/4.9.3/../../../../arm-none-eabi/lib/armv7e-m/softfp/libc_nano.a(lib_a-nano-mallocr.o)
 .ARM.attributes
                0x00000000000006dd       0x32 /usr/bin/../lib/gcc/arm-none-eabi/4.9.3/../../../../arm-none-eabi/lib/armv7e-m/softfp/libc_nano.a(lib_a-nano-svfprintf.o)
 .ARM.attributes
                0x000000000000070f       0x32 /usr/bin/../lib/gcc/arm-none-eabi/4.9.3/../../../../arm-none-eabi/lib/armv7e-m/softfp/libc_nano.a(lib_a-sbrkr.o)
 .ARM.attributes
                0x0000000000000741       0x20 /usr/bin/../lib/gcc/arm-none-eabi/4.9.3/../../../../arm-none-eabi/lib/armv7e-m/softfp/libc_nano.a(lib_a-strcmp.o)
 .ARM.attributes
                0x0000000000000761       0x32 /usr/bin/../lib/gcc/arm-none-eabi/4.9.3/../../../../arm-none-eabi/lib/armv7e-m/softfp/libc_nano.a(lib_a-strncmp.o)
 .ARM.attributes
                0x0000000000000793       0x32 /usr/bin/../lib/gcc/arm-none-eabi/4.9.3/../../../../arm-none-eabi/lib/armv7e-m/softfp/libc_nano.a(lib_a-memmove.o)
 .ARM.attributes
                0x00000000000007c5       0x32 /usr/bin/../lib/gcc/arm-none-eabi/4.9.3/../../../../arm-none-eabi/lib/armv7e-m/softfp/libc_nano.a(lib_a-nano-reallocr.o)
 .ARM.attributes
                0x00000000000007f7       0x32 /usr/bin/../lib/gcc/arm-none-eabi/4.9.3/../../../../arm-none-eabi/lib/armv7e-m/softfp/libc_nano.a(lib_a-reent.o)
 .ARM.attributes
                0x0000000000000829       0x32 /usr/bin/../lib/gcc/arm-none-eabi/4.9.3/../../../../arm-none-eabi/lib/armv7e-m/softfp/libc_nano.a(lib_a-nano-msizer.o)
 .ARM.attributes
                0x000000000000085b       0x22 /usr/bin/../lib/gcc/arm-none-eabi/4.9.3/armv7e-m/softfp/libgcc.a(_arm_addsubdf3.o)
 .ARM.attributes
                0x000000000000087d       0x22 /usr/bin/../lib/gcc/arm-none-eabi/4.9.3/armv7e-m/softfp/libgcc.a(_arm_muldivdf3.o)
 .ARM.attributes
                0x000000000000089f       0x22 /usr/bin/../lib/gcc/arm-none-eabi/4.9.3/armv7e-m/softfp/libgcc.a(_arm_cmpdf2.o)
 .ARM.attributes
                0x00000000000008c1       0x22 /usr/bin/../lib/gcc/arm-none-eabi/4.9.3/armv7e-m/softfp/libgcc.a(_arm_fixdfsi.o)
 .ARM.attributes
                0x00000000000008e3       0x22 /usr/bin/../lib/gcc/arm-none-eabi/4.9.3/armv7e-m/softfp/libgcc.a(_arm_fixunsdfsi.o)
 .ARM.attributes
                0x0000000000000905       0x22 /usr/bin/../lib/gcc/arm-none-eabi/4.9.3/armv7e-m/softfp/libgcc.a(_arm_truncdfsf2.o)
 .ARM.attributes
                0x0000000000000927       0x32 /usr/bin/../lib/gcc/arm-none-eabi/4.9.3/../../../../arm-none-eabi/lib/armv7e-m/softfp/libnosys.a(sbrk.o)
 .ARM.attributes
                0x0000000000000959       0x32 /usr/bin/../lib/gcc/arm-none-eabi/4.9.3/armv7e-m/softfp/crtend.o
 .ARM.attributes
                0x000000000000098b       0x22 /usr/bin/../lib/gcc/arm-none-eabi/4.9.3/armv7e-m/softfp/crtn.o

.comment        0x0000000000000000       0x70
 .comment       0x0000000000000000       0x70 main.o
                                         0x71 (size before relaxing)
 .comment       0x0000000000000000       0x71 src/stm32f4xx_it.o
 .comment       0x0000000000000000       0x71 ../STM32Cube_FW_F4_V1.9.0/Drivers/STM32F4xx_HAL_Driver/Src/stm32f4xx_hal.o
 .comment       0x0000000000000000       0x71 ../STM32Cube_FW_F4_V1.9.0/Drivers/STM32F4xx_HAL_Driver/Src/stm32f4xx_hal_can.o
 .comment       0x0000000000000000       0x71 ../STM32Cube_FW_F4_V1.9.0/Drivers/STM32F4xx_HAL_Driver/Src/stm32f4xx_hal_cortex.o
 .comment       0x0000000000000000       0x71 ../STM32Cube_FW_F4_V1.9.0/Drivers/STM32F4xx_HAL_Driver/Src/stm32f4xx_hal_gpio.o
 .comment       0x0000000000000000       0x71 ../STM32Cube_FW_F4_V1.9.0/Drivers/STM32F4xx_HAL_Driver/Src/stm32f4xx_hal_rcc.o
 .comment       0x0000000000000000       0x71 ../STM32Cube_FW_F4_V1.9.0/Drivers/CMSIS/Device/ST/STM32F4xx/Source/Templates/system_stm32f4xx.o

.debug_info     0x0000000000000000     0x51a7
 .debug_info    0x0000000000000000     0x1435 main.o
 .debug_info    0x0000000000001435      0x14f src/stm32f4xx_it.o
 .debug_info    0x0000000000001584      0x91c ../STM32Cube_FW_F4_V1.9.0/Drivers/STM32F4xx_HAL_Driver/Src/stm32f4xx_hal.o
 .debug_info    0x0000000000001ea0      0xbcd ../STM32Cube_FW_F4_V1.9.0/Drivers/STM32F4xx_HAL_Driver/Src/stm32f4xx_hal_can.o
 .debug_info    0x0000000000002a6d      0xe61 ../STM32Cube_FW_F4_V1.9.0/Drivers/STM32F4xx_HAL_Driver/Src/stm32f4xx_hal_cortex.o
 .debug_info    0x00000000000038ce      0x70a ../STM32Cube_FW_F4_V1.9.0/Drivers/STM32F4xx_HAL_Driver/Src/stm32f4xx_hal_gpio.o
 .debug_info    0x0000000000003fd8      0xd31 ../STM32Cube_FW_F4_V1.9.0/Drivers/STM32F4xx_HAL_Driver/Src/stm32f4xx_hal_rcc.o
 .debug_info    0x0000000000004d09      0x49e ../STM32Cube_FW_F4_V1.9.0/Drivers/CMSIS/Device/ST/STM32F4xx/Source/Templates/system_stm32f4xx.o

.debug_abbrev   0x0000000000000000     0x118b
 .debug_abbrev  0x0000000000000000      0x32c main.o
 .debug_abbrev  0x000000000000032c       0xa0 src/stm32f4xx_it.o
 .debug_abbrev  0x00000000000003cc      0x258 ../STM32Cube_FW_F4_V1.9.0/Drivers/STM32F4xx_HAL_Driver/Src/stm32f4xx_hal.o
 .debug_abbrev  0x0000000000000624      0x259 ../STM32Cube_FW_F4_V1.9.0/Drivers/STM32F4xx_HAL_Driver/Src/stm32f4xx_hal_can.o
 .debug_abbrev  0x000000000000087d      0x30a ../STM32Cube_FW_F4_V1.9.0/Drivers/STM32F4xx_HAL_Driver/Src/stm32f4xx_hal_cortex.o
 .debug_abbrev  0x0000000000000b87      0x1c6 ../STM32Cube_FW_F4_V1.9.0/Drivers/STM32F4xx_HAL_Driver/Src/stm32f4xx_hal_gpio.o
 .debug_abbrev  0x0000000000000d4d      0x33d ../STM32Cube_FW_F4_V1.9.0/Drivers/STM32F4xx_HAL_Driver/Src/stm32f4xx_hal_rcc.o
 .debug_abbrev  0x000000000000108a      0x101 ../STM32Cube_FW_F4_V1.9.0/Drivers/CMSIS/Device/ST/STM32F4xx/Source/Templates/system_stm32f4xx.o

.debug_loc      0x0000000000000000     0x1768
 .debug_loc     0x0000000000000000      0x1b8 main.o
 .debug_loc     0x00000000000001b8       0x82 ../STM32Cube_FW_F4_V1.9.0/Drivers/STM32F4xx_HAL_Driver/Src/stm32f4xx_hal.o
 .debug_loc     0x000000000000023a      0x75d ../STM32Cube_FW_F4_V1.9.0/Drivers/STM32F4xx_HAL_Driver/Src/stm32f4xx_hal_can.o
 .debug_loc     0x0000000000000997      0x31e ../STM32Cube_FW_F4_V1.9.0/Drivers/STM32F4xx_HAL_Driver/Src/stm32f4xx_hal_cortex.o
 .debug_loc     0x0000000000000cb5      0x3b7 ../STM32Cube_FW_F4_V1.9.0/Drivers/STM32F4xx_HAL_Driver/Src/stm32f4xx_hal_gpio.o
 .debug_loc     0x000000000000106c      0x622 ../STM32Cube_FW_F4_V1.9.0/Drivers/STM32F4xx_HAL_Driver/Src/stm32f4xx_hal_rcc.o
 .debug_loc     0x000000000000168e       0xda ../STM32Cube_FW_F4_V1.9.0/Drivers/CMSIS/Device/ST/STM32F4xx/Source/Templates/system_stm32f4xx.o

.debug_aranges  0x0000000000000000      0x3b0
 .debug_aranges
                0x0000000000000000       0x48 main.o
 .debug_aranges
                0x0000000000000048       0x60 src/stm32f4xx_it.o
 .debug_aranges
                0x00000000000000a8       0xc0 ../STM32Cube_FW_F4_V1.9.0/Drivers/STM32F4xx_HAL_Driver/Src/stm32f4xx_hal.o
 .debug_aranges
                0x0000000000000168       0xa8 ../STM32Cube_FW_F4_V1.9.0/Drivers/STM32F4xx_HAL_Driver/Src/stm32f4xx_hal_can.o
 .debug_aranges
                0x0000000000000210       0x98 ../STM32Cube_FW_F4_V1.9.0/Drivers/STM32F4xx_HAL_Driver/Src/stm32f4xx_hal_cortex.o
 .debug_aranges
                0x00000000000002a8       0x58 ../STM32Cube_FW_F4_V1.9.0/Drivers/STM32F4xx_HAL_Driver/Src/stm32f4xx_hal_gpio.o
 .debug_aranges
                0x0000000000000300       0x88 ../STM32Cube_FW_F4_V1.9.0/Drivers/STM32F4xx_HAL_Driver/Src/stm32f4xx_hal_rcc.o
 .debug_aranges
                0x0000000000000388       0x28 ../STM32Cube_FW_F4_V1.9.0/Drivers/CMSIS/Device/ST/STM32F4xx/Source/Templates/system_stm32f4xx.o

.debug_ranges   0x0000000000000000      0x538
 .debug_ranges  0x0000000000000000       0xb0 main.o
 .debug_ranges  0x00000000000000b0       0x50 src/stm32f4xx_it.o
 .debug_ranges  0x0000000000000100       0xb0 ../STM32Cube_FW_F4_V1.9.0/Drivers/STM32F4xx_HAL_Driver/Src/stm32f4xx_hal.o
 .debug_ranges  0x00000000000001b0       0x98 ../STM32Cube_FW_F4_V1.9.0/Drivers/STM32F4xx_HAL_Driver/Src/stm32f4xx_hal_can.o
 .debug_ranges  0x0000000000000248      0x120 ../STM32Cube_FW_F4_V1.9.0/Drivers/STM32F4xx_HAL_Driver/Src/stm32f4xx_hal_cortex.o
 .debug_ranges  0x0000000000000368       0x60 ../STM32Cube_FW_F4_V1.9.0/Drivers/STM32F4xx_HAL_Driver/Src/stm32f4xx_hal_gpio.o
 .debug_ranges  0x00000000000003c8      0x158 ../STM32Cube_FW_F4_V1.9.0/Drivers/STM32F4xx_HAL_Driver/Src/stm32f4xx_hal_rcc.o
 .debug_ranges  0x0000000000000520       0x18 ../STM32Cube_FW_F4_V1.9.0/Drivers/CMSIS/Device/ST/STM32F4xx/Source/Templates/system_stm32f4xx.o

.debug_line     0x0000000000000000     0x1ed3
 .debug_line    0x0000000000000000      0x2e7 main.o
 .debug_line    0x00000000000002e7      0x1c0 src/stm32f4xx_it.o
 .debug_line    0x00000000000004a7      0x3df ../STM32Cube_FW_F4_V1.9.0/Drivers/STM32F4xx_HAL_Driver/Src/stm32f4xx_hal.o
 .debug_line    0x0000000000000886      0x6ac ../STM32Cube_FW_F4_V1.9.0/Drivers/STM32F4xx_HAL_Driver/Src/stm32f4xx_hal_can.o
 .debug_line    0x0000000000000f32      0x406 ../STM32Cube_FW_F4_V1.9.0/Drivers/STM32F4xx_HAL_Driver/Src/stm32f4xx_hal_cortex.o
 .debug_line    0x0000000000001338      0x3ea ../STM32Cube_FW_F4_V1.9.0/Drivers/STM32F4xx_HAL_Driver/Src/stm32f4xx_hal_gpio.o
 .debug_line    0x0000000000001722      0x5b9 ../STM32Cube_FW_F4_V1.9.0/Drivers/STM32F4xx_HAL_Driver/Src/stm32f4xx_hal_rcc.o
 .debug_line    0x0000000000001cdb      0x1f8 ../STM32Cube_FW_F4_V1.9.0/Drivers/CMSIS/Device/ST/STM32F4xx/Source/Templates/system_stm32f4xx.o

.debug_str      0x0000000000000000     0x1bef
 .debug_str     0x0000000000000000      0xec4 main.o
                                       0x10c8 (size before relaxing)
 .debug_str     0x0000000000000ec4      0x1af src/stm32f4xx_it.o
                                        0x298 (size before relaxing)
 .debug_str     0x0000000000001073      0x27c ../STM32Cube_FW_F4_V1.9.0/Drivers/STM32F4xx_HAL_Driver/Src/stm32f4xx_hal.o
                                        0xb00 (size before relaxing)
 .debug_str     0x00000000000012ef      0x18f ../STM32Cube_FW_F4_V1.9.0/Drivers/STM32F4xx_HAL_Driver/Src/stm32f4xx_hal_can.o
                                        0x78a (size before relaxing)
 .debug_str     0x000000000000147e      0x2f8 ../STM32Cube_FW_F4_V1.9.0/Drivers/STM32F4xx_HAL_Driver/Src/stm32f4xx_hal_cortex.o
                                        0xc46 (size before relaxing)
 .debug_str     0x0000000000001776      0x12b ../STM32Cube_FW_F4_V1.9.0/Drivers/STM32F4xx_HAL_Driver/Src/stm32f4xx_hal_gpio.o
                                        0x54e (size before relaxing)
 .debug_str     0x00000000000018a1      0x2c6 ../STM32Cube_FW_F4_V1.9.0/Drivers/STM32F4xx_HAL_Driver/Src/stm32f4xx_hal_rcc.o
                                        0x729 (size before relaxing)
 .debug_str     0x0000000000001b67       0x88 ../STM32Cube_FW_F4_V1.9.0/Drivers/CMSIS/Device/ST/STM32F4xx/Source/Templates/system_stm32f4xx.o
                                        0x3fa (size before relaxing)

.debug_frame    0x0000000000000000     0x1228
 .debug_frame   0x0000000000000000       0x9c main.o
 .debug_frame   0x000000000000009c       0xa0 src/stm32f4xx_it.o
 .debug_frame   0x000000000000013c      0x184 ../STM32Cube_FW_F4_V1.9.0/Drivers/STM32F4xx_HAL_Driver/Src/stm32f4xx_hal.o
 .debug_frame   0x00000000000002c0      0x1b8 ../STM32Cube_FW_F4_V1.9.0/Drivers/STM32F4xx_HAL_Driver/Src/stm32f4xx_hal_can.o
 .debug_frame   0x0000000000000478      0x134 ../STM32Cube_FW_F4_V1.9.0/Drivers/STM32F4xx_HAL_Driver/Src/stm32f4xx_hal_cortex.o
 .debug_frame   0x00000000000005ac       0xc4 ../STM32Cube_FW_F4_V1.9.0/Drivers/STM32F4xx_HAL_Driver/Src/stm32f4xx_hal_gpio.o
 .debug_frame   0x0000000000000670      0x154 ../STM32Cube_FW_F4_V1.9.0/Drivers/STM32F4xx_HAL_Driver/Src/stm32f4xx_hal_rcc.o
 .debug_frame   0x00000000000007c4       0x30 ../STM32Cube_FW_F4_V1.9.0/Drivers/CMSIS/Device/ST/STM32F4xx/Source/Templates/system_stm32f4xx.o
 .debug_frame   0x00000000000007f4       0x2c /usr/bin/../lib/gcc/arm-none-eabi/4.9.3/../../../../arm-none-eabi/lib/armv7e-m/softfp/libc_nano.a(lib_a-init.o)
 .debug_frame   0x0000000000000820       0x20 /usr/bin/../lib/gcc/arm-none-eabi/4.9.3/../../../../arm-none-eabi/lib/armv7e-m/softfp/libc_nano.a(lib_a-memset.o)
 .debug_frame   0x0000000000000840       0x8c /usr/bin/../lib/gcc/arm-none-eabi/4.9.3/../../../../arm-none-eabi/lib/armv7e-m/softfp/libc_nano.a(lib_a-nano-vfprintf_float.o)
 .debug_frame   0x00000000000008cc       0x58 /usr/bin/../lib/gcc/arm-none-eabi/4.9.3/../../../../arm-none-eabi/lib/armv7e-m/softfp/libc_nano.a(lib_a-nano-vfprintf_i.o)
 .debug_frame   0x0000000000000924       0x40 /usr/bin/../lib/gcc/arm-none-eabi/4.9.3/../../../../arm-none-eabi/lib/armv7e-m/softfp/libc_nano.a(lib_a-nano-vfscanf_float.o)
 .debug_frame   0x0000000000000964       0x28 /usr/bin/../lib/gcc/arm-none-eabi/4.9.3/../../../../arm-none-eabi/lib/armv7e-m/softfp/libc_nano.a(lib_a-s_fpclassify.o)
 .debug_frame   0x000000000000098c       0x20 /usr/bin/../lib/gcc/arm-none-eabi/4.9.3/../../../../arm-none-eabi/lib/armv7e-m/softfp/libc_nano.a(lib_a-sf_nan.o)
 .debug_frame   0x00000000000009ac       0x70 /usr/bin/../lib/gcc/arm-none-eabi/4.9.3/../../../../arm-none-eabi/lib/armv7e-m/softfp/libc_nano.a(lib_a-sprintf.o)
 .debug_frame   0x0000000000000a1c       0x20 /usr/bin/../lib/gcc/arm-none-eabi/4.9.3/../../../../arm-none-eabi/lib/armv7e-m/softfp/libc_nano.a(lib_a-strlen.o)
 .debug_frame   0x0000000000000a3c       0xb4 /usr/bin/../lib/gcc/arm-none-eabi/4.9.3/../../../../arm-none-eabi/lib/armv7e-m/softfp/libc_nano.a(lib_a-strtod.o)
 .debug_frame   0x0000000000000af0       0x54 /usr/bin/../lib/gcc/arm-none-eabi/4.9.3/../../../../arm-none-eabi/lib/armv7e-m/softfp/libc_nano.a(lib_a-strtol.o)
 .debug_frame   0x0000000000000b44       0x6c /usr/bin/../lib/gcc/arm-none-eabi/4.9.3/../../../../arm-none-eabi/lib/armv7e-m/softfp/libc_nano.a(lib_a-dtoa.o)
 .debug_frame   0x0000000000000bb0       0x70 /usr/bin/../lib/gcc/arm-none-eabi/4.9.3/../../../../arm-none-eabi/lib/armv7e-m/softfp/libc_nano.a(lib_a-gdtoa-gethex.o)
 .debug_frame   0x0000000000000c20       0x58 /usr/bin/../lib/gcc/arm-none-eabi/4.9.3/../../../../arm-none-eabi/lib/armv7e-m/softfp/libc_nano.a(lib_a-gdtoa-hexnan.o)
 .debug_frame   0x0000000000000c78       0x98 /usr/bin/../lib/gcc/arm-none-eabi/4.9.3/../../../../arm-none-eabi/lib/armv7e-m/softfp/libc_nano.a(lib_a-locale.o)
 .debug_frame   0x0000000000000d10       0x30 /usr/bin/../lib/gcc/arm-none-eabi/4.9.3/../../../../arm-none-eabi/lib/armv7e-m/softfp/libc_nano.a(lib_a-malloc.o)
 .debug_frame   0x0000000000000d40       0x28 /usr/bin/../lib/gcc/arm-none-eabi/4.9.3/../../../../arm-none-eabi/lib/armv7e-m/softfp/libc_nano.a(lib_a-memchr.o)
 .debug_frame   0x0000000000000d68       0x28 /usr/bin/../lib/gcc/arm-none-eabi/4.9.3/../../../../arm-none-eabi/lib/armv7e-m/softfp/libc_nano.a(lib_a-memcpy.o)
 .debug_frame   0x0000000000000d90      0x230 /usr/bin/../lib/gcc/arm-none-eabi/4.9.3/../../../../arm-none-eabi/lib/armv7e-m/softfp/libc_nano.a(lib_a-mprec.o)
 .debug_frame   0x0000000000000fc0       0x2c /usr/bin/../lib/gcc/arm-none-eabi/4.9.3/../../../../arm-none-eabi/lib/armv7e-m/softfp/libc_nano.a(lib_a-nano-callocr.o)
 .debug_frame   0x0000000000000fec       0x2c /usr/bin/../lib/gcc/arm-none-eabi/4.9.3/../../../../arm-none-eabi/lib/armv7e-m/softfp/libc_nano.a(lib_a-nano-freer.o)
 .debug_frame   0x0000000000001018       0x2c /usr/bin/../lib/gcc/arm-none-eabi/4.9.3/../../../../arm-none-eabi/lib/armv7e-m/softfp/libc_nano.a(lib_a-nano-mallocr.o)
 .debug_frame   0x0000000000001044       0x8c /usr/bin/../lib/gcc/arm-none-eabi/4.9.3/../../../../arm-none-eabi/lib/armv7e-m/softfp/libc_nano.a(lib_a-nano-svfprintf.o)
 .debug_frame   0x00000000000010d0       0x2c /usr/bin/../lib/gcc/arm-none-eabi/4.9.3/../../../../arm-none-eabi/lib/armv7e-m/softfp/libc_nano.a(lib_a-sbrkr.o)
 .debug_frame   0x00000000000010fc       0x2c /usr/bin/../lib/gcc/arm-none-eabi/4.9.3/../../../../arm-none-eabi/lib/armv7e-m/softfp/libc_nano.a(lib_a-strncmp.o)
 .debug_frame   0x0000000000001128       0x28 /usr/bin/../lib/gcc/arm-none-eabi/4.9.3/../../../../arm-none-eabi/lib/armv7e-m/softfp/libc_nano.a(lib_a-memmove.o)
 .debug_frame   0x0000000000001150       0x3c /usr/bin/../lib/gcc/arm-none-eabi/4.9.3/../../../../arm-none-eabi/lib/armv7e-m/softfp/libc_nano.a(lib_a-nano-reallocr.o)
 .debug_frame   0x000000000000118c       0x5c /usr/bin/../lib/gcc/arm-none-eabi/4.9.3/../../../../arm-none-eabi/lib/armv7e-m/softfp/libc_nano.a(lib_a-reent.o)
 .debug_frame   0x00000000000011e8       0x20 /usr/bin/../lib/gcc/arm-none-eabi/4.9.3/../../../../arm-none-eabi/lib/armv7e-m/softfp/libc_nano.a(lib_a-nano-msizer.o)
 .debug_frame   0x0000000000001208       0x20 /usr/bin/../lib/gcc/arm-none-eabi/4.9.3/../../../../arm-none-eabi/lib/armv7e-m/softfp/libnosys.a(sbrk.o)

Cross Reference Table

Symbol                                            File
ADC_IRQHandler                                    ../STM32Cube_FW_F4_V1.9.0/Drivers/CMSIS/Device/ST/STM32F4xx/Source/Templates/gcc/startup_stm32f407xx.o
AHBPrescTable                                     ../STM32Cube_FW_F4_V1.9.0/Drivers/CMSIS/Device/ST/STM32F4xx/Source/Templates/system_stm32f4xx.o
APBAHBPrescTable                                  ../STM32Cube_FW_F4_V1.9.0/Drivers/STM32F4xx_HAL_Driver/Src/stm32f4xx_hal_rcc.o
BusFault_Handler                                  src/stm32f4xx_it.o
CAN1SendMessage(unsigned char, unsigned char*)    main.o
CAN1_RX0_IRQHandler                               ../STM32Cube_FW_F4_V1.9.0/Drivers/CMSIS/Device/ST/STM32F4xx/Source/Templates/gcc/startup_stm32f407xx.o
CAN1_RX0_IRQHandler()                             main.o
CAN1_RX1_IRQHandler                               ../STM32Cube_FW_F4_V1.9.0/Drivers/CMSIS/Device/ST/STM32F4xx/Source/Templates/gcc/startup_stm32f407xx.o
CAN1_SCE_IRQHandler                               ../STM32Cube_FW_F4_V1.9.0/Drivers/CMSIS/Device/ST/STM32F4xx/Source/Templates/gcc/startup_stm32f407xx.o
CAN1_TX_IRQHandler                                ../STM32Cube_FW_F4_V1.9.0/Drivers/CMSIS/Device/ST/STM32F4xx/Source/Templates/gcc/startup_stm32f407xx.o
CAN1dataReceivedFlag                              main.o
CAN2_RX0_IRQHandler                               ../STM32Cube_FW_F4_V1.9.0/Drivers/CMSIS/Device/ST/STM32F4xx/Source/Templates/gcc/startup_stm32f407xx.o
CAN2_RX1_IRQHandler                               ../STM32Cube_FW_F4_V1.9.0/Drivers/CMSIS/Device/ST/STM32F4xx/Source/Templates/gcc/startup_stm32f407xx.o
CAN2_SCE_IRQHandler                               ../STM32Cube_FW_F4_V1.9.0/Drivers/CMSIS/Device/ST/STM32F4xx/Source/Templates/gcc/startup_stm32f407xx.o
CAN2_TX_IRQHandler                                ../STM32Cube_FW_F4_V1.9.0/Drivers/CMSIS/Device/ST/STM32F4xx/Source/Templates/gcc/startup_stm32f407xx.o
DCMI_IRQHandler                                   ../STM32Cube_FW_F4_V1.9.0/Drivers/CMSIS/Device/ST/STM32F4xx/Source/Templates/gcc/startup_stm32f407xx.o
DMA1_Stream0_IRQHandler                           ../STM32Cube_FW_F4_V1.9.0/Drivers/CMSIS/Device/ST/STM32F4xx/Source/Templates/gcc/startup_stm32f407xx.o
DMA1_Stream1_IRQHandler                           ../STM32Cube_FW_F4_V1.9.0/Drivers/CMSIS/Device/ST/STM32F4xx/Source/Templates/gcc/startup_stm32f407xx.o
DMA1_Stream2_IRQHandler                           ../STM32Cube_FW_F4_V1.9.0/Drivers/CMSIS/Device/ST/STM32F4xx/Source/Templates/gcc/startup_stm32f407xx.o
DMA1_Stream3_IRQHandler                           ../STM32Cube_FW_F4_V1.9.0/Drivers/CMSIS/Device/ST/STM32F4xx/Source/Templates/gcc/startup_stm32f407xx.o
DMA1_Stream4_IRQHandler                           ../STM32Cube_FW_F4_V1.9.0/Drivers/CMSIS/Device/ST/STM32F4xx/Source/Templates/gcc/startup_stm32f407xx.o
DMA1_Stream5_IRQHandler                           ../STM32Cube_FW_F4_V1.9.0/Drivers/CMSIS/Device/ST/STM32F4xx/Source/Templates/gcc/startup_stm32f407xx.o
DMA1_Stream6_IRQHandler                           ../STM32Cube_FW_F4_V1.9.0/Drivers/CMSIS/Device/ST/STM32F4xx/Source/Templates/gcc/startup_stm32f407xx.o
DMA1_Stream7_IRQHandler                           ../STM32Cube_FW_F4_V1.9.0/Drivers/CMSIS/Device/ST/STM32F4xx/Source/Templates/gcc/startup_stm32f407xx.o
DMA2_Stream0_IRQHandler                           ../STM32Cube_FW_F4_V1.9.0/Drivers/CMSIS/Device/ST/STM32F4xx/Source/Templates/gcc/startup_stm32f407xx.o
DMA2_Stream1_IRQHandler                           ../STM32Cube_FW_F4_V1.9.0/Drivers/CMSIS/Device/ST/STM32F4xx/Source/Templates/gcc/startup_stm32f407xx.o
DMA2_Stream2_IRQHandler                           ../STM32Cube_FW_F4_V1.9.0/Drivers/CMSIS/Device/ST/STM32F4xx/Source/Templates/gcc/startup_stm32f407xx.o
DMA2_Stream3_IRQHandler                           ../STM32Cube_FW_F4_V1.9.0/Drivers/CMSIS/Device/ST/STM32F4xx/Source/Templates/gcc/startup_stm32f407xx.o
DMA2_Stream4_IRQHandler                           ../STM32Cube_FW_F4_V1.9.0/Drivers/CMSIS/Device/ST/STM32F4xx/Source/Templates/gcc/startup_stm32f407xx.o
DMA2_Stream5_IRQHandler                           ../STM32Cube_FW_F4_V1.9.0/Drivers/CMSIS/Device/ST/STM32F4xx/Source/Templates/gcc/startup_stm32f407xx.o
DMA2_Stream6_IRQHandler                           ../STM32Cube_FW_F4_V1.9.0/Drivers/CMSIS/Device/ST/STM32F4xx/Source/Templates/gcc/startup_stm32f407xx.o
DMA2_Stream7_IRQHandler                           ../STM32Cube_FW_F4_V1.9.0/Drivers/CMSIS/Device/ST/STM32F4xx/Source/Templates/gcc/startup_stm32f407xx.o
DebugMon_Handler                                  src/stm32f4xx_it.o
Default_Handler                                   ../STM32Cube_FW_F4_V1.9.0/Drivers/CMSIS/Device/ST/STM32F4xx/Source/Templates/gcc/startup_stm32f407xx.o
ETH_IRQHandler                                    ../STM32Cube_FW_F4_V1.9.0/Drivers/CMSIS/Device/ST/STM32F4xx/Source/Templates/gcc/startup_stm32f407xx.o
ETH_WKUP_IRQHandler                               ../STM32Cube_FW_F4_V1.9.0/Drivers/CMSIS/Device/ST/STM32F4xx/Source/Templates/gcc/startup_stm32f407xx.o
EXTI0_IRQHandler                                  ../STM32Cube_FW_F4_V1.9.0/Drivers/CMSIS/Device/ST/STM32F4xx/Source/Templates/gcc/startup_stm32f407xx.o
EXTI15_10_IRQHandler                              ../STM32Cube_FW_F4_V1.9.0/Drivers/CMSIS/Device/ST/STM32F4xx/Source/Templates/gcc/startup_stm32f407xx.o
EXTI1_IRQHandler                                  ../STM32Cube_FW_F4_V1.9.0/Drivers/CMSIS/Device/ST/STM32F4xx/Source/Templates/gcc/startup_stm32f407xx.o
EXTI2_IRQHandler                                  ../STM32Cube_FW_F4_V1.9.0/Drivers/CMSIS/Device/ST/STM32F4xx/Source/Templates/gcc/startup_stm32f407xx.o
EXTI3_IRQHandler                                  ../STM32Cube_FW_F4_V1.9.0/Drivers/CMSIS/Device/ST/STM32F4xx/Source/Templates/gcc/startup_stm32f407xx.o
EXTI4_IRQHandler                                  ../STM32Cube_FW_F4_V1.9.0/Drivers/CMSIS/Device/ST/STM32F4xx/Source/Templates/gcc/startup_stm32f407xx.o
EXTI9_5_IRQHandler                                ../STM32Cube_FW_F4_V1.9.0/Drivers/CMSIS/Device/ST/STM32F4xx/Source/Templates/gcc/startup_stm32f407xx.o
FLASH_IRQHandler                                  ../STM32Cube_FW_F4_V1.9.0/Drivers/CMSIS/Device/ST/STM32F4xx/Source/Templates/gcc/startup_stm32f407xx.o
FPU_IRQHandler                                    ../STM32Cube_FW_F4_V1.9.0/Drivers/CMSIS/Device/ST/STM32F4xx/Source/Templates/gcc/startup_stm32f407xx.o
FSMC_IRQHandler                                   ../STM32Cube_FW_F4_V1.9.0/Drivers/CMSIS/Device/ST/STM32F4xx/Source/Templates/gcc/startup_stm32f407xx.o
HAL_CAN_ConfigFilter                              ../STM32Cube_FW_F4_V1.9.0/Drivers/STM32F4xx_HAL_Driver/Src/stm32f4xx_hal_can.o
                                                  main.o
HAL_CAN_DeInit                                    ../STM32Cube_FW_F4_V1.9.0/Drivers/STM32F4xx_HAL_Driver/Src/stm32f4xx_hal_can.o
HAL_CAN_ErrorCallback                             ../STM32Cube_FW_F4_V1.9.0/Drivers/STM32F4xx_HAL_Driver/Src/stm32f4xx_hal_can.o
HAL_CAN_GetError                                  ../STM32Cube_FW_F4_V1.9.0/Drivers/STM32F4xx_HAL_Driver/Src/stm32f4xx_hal_can.o
HAL_CAN_GetState                                  ../STM32Cube_FW_F4_V1.9.0/Drivers/STM32F4xx_HAL_Driver/Src/stm32f4xx_hal_can.o
HAL_CAN_IRQHandler                                ../STM32Cube_FW_F4_V1.9.0/Drivers/STM32F4xx_HAL_Driver/Src/stm32f4xx_hal_can.o
HAL_CAN_Init                                      ../STM32Cube_FW_F4_V1.9.0/Drivers/STM32F4xx_HAL_Driver/Src/stm32f4xx_hal_can.o
                                                  main.o
HAL_CAN_MspDeInit                                 ../STM32Cube_FW_F4_V1.9.0/Drivers/STM32F4xx_HAL_Driver/Src/stm32f4xx_hal_can.o
HAL_CAN_MspInit                                   ../STM32Cube_FW_F4_V1.9.0/Drivers/STM32F4xx_HAL_Driver/Src/stm32f4xx_hal_can.o
HAL_CAN_Receive                                   ../STM32Cube_FW_F4_V1.9.0/Drivers/STM32F4xx_HAL_Driver/Src/stm32f4xx_hal_can.o
                                                  main.o
HAL_CAN_Receive_IT                                ../STM32Cube_FW_F4_V1.9.0/Drivers/STM32F4xx_HAL_Driver/Src/stm32f4xx_hal_can.o
HAL_CAN_RxCpltCallback                            ../STM32Cube_FW_F4_V1.9.0/Drivers/STM32F4xx_HAL_Driver/Src/stm32f4xx_hal_can.o
HAL_CAN_Sleep                                     ../STM32Cube_FW_F4_V1.9.0/Drivers/STM32F4xx_HAL_Driver/Src/stm32f4xx_hal_can.o
HAL_CAN_Transmit                                  ../STM32Cube_FW_F4_V1.9.0/Drivers/STM32F4xx_HAL_Driver/Src/stm32f4xx_hal_can.o
                                                  main.o
HAL_CAN_Transmit_IT                               ../STM32Cube_FW_F4_V1.9.0/Drivers/STM32F4xx_HAL_Driver/Src/stm32f4xx_hal_can.o
HAL_CAN_TxCpltCallback                            ../STM32Cube_FW_F4_V1.9.0/Drivers/STM32F4xx_HAL_Driver/Src/stm32f4xx_hal_can.o
HAL_CAN_WakeUp                                    ../STM32Cube_FW_F4_V1.9.0/Drivers/STM32F4xx_HAL_Driver/Src/stm32f4xx_hal_can.o
HAL_CRC_Accumulate                                ../STM32Cube_FW_F4_V1.9.0/Drivers/STM32F4xx_HAL_Driver/Src/stm32f4xx_hal_crc.o
HAL_CRC_Calculate                                 ../STM32Cube_FW_F4_V1.9.0/Drivers/STM32F4xx_HAL_Driver/Src/stm32f4xx_hal_crc.o
HAL_CRC_DeInit                                    ../STM32Cube_FW_F4_V1.9.0/Drivers/STM32F4xx_HAL_Driver/Src/stm32f4xx_hal_crc.o
HAL_CRC_GetState                                  ../STM32Cube_FW_F4_V1.9.0/Drivers/STM32F4xx_HAL_Driver/Src/stm32f4xx_hal_crc.o
HAL_CRC_Init                                      ../STM32Cube_FW_F4_V1.9.0/Drivers/STM32F4xx_HAL_Driver/Src/stm32f4xx_hal_crc.o
HAL_CRC_MspDeInit                                 ../STM32Cube_FW_F4_V1.9.0/Drivers/STM32F4xx_HAL_Driver/Src/stm32f4xx_hal_crc.o
HAL_CRC_MspInit                                   ../STM32Cube_FW_F4_V1.9.0/Drivers/STM32F4xx_HAL_Driver/Src/stm32f4xx_hal_crc.o
HAL_DBGMCU_DisableDBGSleepMode                    ../STM32Cube_FW_F4_V1.9.0/Drivers/STM32F4xx_HAL_Driver/Src/stm32f4xx_hal.o
HAL_DBGMCU_DisableDBGStandbyMode                  ../STM32Cube_FW_F4_V1.9.0/Drivers/STM32F4xx_HAL_Driver/Src/stm32f4xx_hal.o
HAL_DBGMCU_DisableDBGStopMode                     ../STM32Cube_FW_F4_V1.9.0/Drivers/STM32F4xx_HAL_Driver/Src/stm32f4xx_hal.o
HAL_DBGMCU_EnableDBGSleepMode                     ../STM32Cube_FW_F4_V1.9.0/Drivers/STM32F4xx_HAL_Driver/Src/stm32f4xx_hal.o
HAL_DBGMCU_EnableDBGStandbyMode                   ../STM32Cube_FW_F4_V1.9.0/Drivers/STM32F4xx_HAL_Driver/Src/stm32f4xx_hal.o
HAL_DBGMCU_EnableDBGStopMode                      ../STM32Cube_FW_F4_V1.9.0/Drivers/STM32F4xx_HAL_Driver/Src/stm32f4xx_hal.o
HAL_DMA_Abort                                     ../STM32Cube_FW_F4_V1.9.0/Drivers/STM32F4xx_HAL_Driver/Src/stm32f4xx_hal_dma.o
                                                  ../STM32Cube_FW_F4_V1.9.0/Drivers/STM32F4xx_HAL_Driver/Src/stm32f4xx_hal_i2s_ex.o
                                                  ../STM32Cube_FW_F4_V1.9.0/Drivers/STM32F4xx_HAL_Driver/Src/stm32f4xx_hal_i2s.o
                                                  ../STM32Cube_FW_F4_V1.9.0/Drivers/STM32F4xx_HAL_Driver/Src/stm32f4xx_hal_spi.o
                                                  ../STM32Cube_FW_F4_V1.9.0/Drivers/STM32F4xx_HAL_Driver/Src/stm32f4xx_hal_usart.o
                                                  ../STM32Cube_FW_F4_V1.9.0/Drivers/STM32F4xx_HAL_Driver/Src/stm32f4xx_hal_uart.o
HAL_DMA_DeInit                                    ../STM32Cube_FW_F4_V1.9.0/Drivers/STM32F4xx_HAL_Driver/Src/stm32f4xx_hal_dma.o
HAL_DMA_GetError                                  ../STM32Cube_FW_F4_V1.9.0/Drivers/STM32F4xx_HAL_Driver/Src/stm32f4xx_hal_dma.o
HAL_DMA_GetState                                  ../STM32Cube_FW_F4_V1.9.0/Drivers/STM32F4xx_HAL_Driver/Src/stm32f4xx_hal_dma.o
HAL_DMA_IRQHandler                                ../STM32Cube_FW_F4_V1.9.0/Drivers/STM32F4xx_HAL_Driver/Src/stm32f4xx_hal_dma.o
HAL_DMA_Init                                      ../STM32Cube_FW_F4_V1.9.0/Drivers/STM32F4xx_HAL_Driver/Src/stm32f4xx_hal_dma.o
HAL_DMA_PollForTransfer                           ../STM32Cube_FW_F4_V1.9.0/Drivers/STM32F4xx_HAL_Driver/Src/stm32f4xx_hal_dma.o
HAL_DMA_Start                                     ../STM32Cube_FW_F4_V1.9.0/Drivers/STM32F4xx_HAL_Driver/Src/stm32f4xx_hal_dma.o
HAL_DMA_Start_IT                                  ../STM32Cube_FW_F4_V1.9.0/Drivers/STM32F4xx_HAL_Driver/Src/stm32f4xx_hal_dma.o
                                                  ../STM32Cube_FW_F4_V1.9.0/Drivers/STM32F4xx_HAL_Driver/Src/stm32f4xx_hal_i2s_ex.o
                                                  ../STM32Cube_FW_F4_V1.9.0/Drivers/STM32F4xx_HAL_Driver/Src/stm32f4xx_hal_i2s.o
                                                  ../STM32Cube_FW_F4_V1.9.0/Drivers/STM32F4xx_HAL_Driver/Src/stm32f4xx_hal_i2c.o
                                                  ../STM32Cube_FW_F4_V1.9.0/Drivers/STM32F4xx_HAL_Driver/Src/stm32f4xx_hal_spi.o
                                                  ../STM32Cube_FW_F4_V1.9.0/Drivers/STM32F4xx_HAL_Driver/Src/stm32f4xx_hal_usart.o
                                                  ../STM32Cube_FW_F4_V1.9.0/Drivers/STM32F4xx_HAL_Driver/Src/stm32f4xx_hal_uart.o
HAL_DeInit                                        ../STM32Cube_FW_F4_V1.9.0/Drivers/STM32F4xx_HAL_Driver/Src/stm32f4xx_hal.o
HAL_Delay                                         ../STM32Cube_FW_F4_V1.9.0/Drivers/STM32F4xx_HAL_Driver/Src/stm32f4xx_hal.o
                                                  main.o
HAL_DisableCompensationCell                       ../STM32Cube_FW_F4_V1.9.0/Drivers/STM32F4xx_HAL_Driver/Src/stm32f4xx_hal.o
HAL_EnableCompensationCell                        ../STM32Cube_FW_F4_V1.9.0/Drivers/STM32F4xx_HAL_Driver/Src/stm32f4xx_hal.o
HAL_GPIO_DeInit                                   ../STM32Cube_FW_F4_V1.9.0/Drivers/STM32F4xx_HAL_Driver/Src/stm32f4xx_hal_gpio.o
HAL_GPIO_EXTI_Callback                            ../STM32Cube_FW_F4_V1.9.0/Drivers/STM32F4xx_HAL_Driver/Src/stm32f4xx_hal_gpio.o
HAL_GPIO_EXTI_IRQHandler                          ../STM32Cube_FW_F4_V1.9.0/Drivers/STM32F4xx_HAL_Driver/Src/stm32f4xx_hal_gpio.o
HAL_GPIO_Init                                     ../STM32Cube_FW_F4_V1.9.0/Drivers/STM32F4xx_HAL_Driver/Src/stm32f4xx_hal_gpio.o
                                                  ../STM32Cube_FW_F4_V1.9.0/Drivers/STM32F4xx_HAL_Driver/Src/stm32f4xx_hal_rcc.o
                                                  main.o
HAL_GPIO_LockPin                                  ../STM32Cube_FW_F4_V1.9.0/Drivers/STM32F4xx_HAL_Driver/Src/stm32f4xx_hal_gpio.o
HAL_GPIO_ReadPin                                  ../STM32Cube_FW_F4_V1.9.0/Drivers/STM32F4xx_HAL_Driver/Src/stm32f4xx_hal_gpio.o
HAL_GPIO_TogglePin                                ../STM32Cube_FW_F4_V1.9.0/Drivers/STM32F4xx_HAL_Driver/Src/stm32f4xx_hal_gpio.o
                                                  main.o
HAL_GPIO_WritePin                                 ../STM32Cube_FW_F4_V1.9.0/Drivers/STM32F4xx_HAL_Driver/Src/stm32f4xx_hal_gpio.o
                                                  main.o
HAL_GetDEVID                                      ../STM32Cube_FW_F4_V1.9.0/Drivers/STM32F4xx_HAL_Driver/Src/stm32f4xx_hal.o
HAL_GetHalVersion                                 ../STM32Cube_FW_F4_V1.9.0/Drivers/STM32F4xx_HAL_Driver/Src/stm32f4xx_hal.o
HAL_GetREVID                                      ../STM32Cube_FW_F4_V1.9.0/Drivers/STM32F4xx_HAL_Driver/Src/stm32f4xx_hal.o
HAL_GetTick                                       ../STM32Cube_FW_F4_V1.9.0/Drivers/STM32F4xx_HAL_Driver/Src/stm32f4xx_hal.o
                                                  ../STM32Cube_FW_F4_V1.9.0/Drivers/STM32F4xx_HAL_Driver/Src/stm32f4xx_hal_i2s_ex.o
                                                  ../STM32Cube_FW_F4_V1.9.0/Drivers/STM32F4xx_HAL_Driver/Src/stm32f4xx_hal_i2s.o
                                                  ../STM32Cube_FW_F4_V1.9.0/Drivers/STM32F4xx_HAL_Driver/Src/stm32f4xx_hal_i2c.o
                                                  ../STM32Cube_FW_F4_V1.9.0/Drivers/STM32F4xx_HAL_Driver/Src/stm32f4xx_hal_spi.o
                                                  ../STM32Cube_FW_F4_V1.9.0/Drivers/STM32F4xx_HAL_Driver/Src/stm32f4xx_hal_dma.o
                                                  ../STM32Cube_FW_F4_V1.9.0/Drivers/STM32F4xx_HAL_Driver/Src/stm32f4xx_hal_rcc.o
                                                  ../STM32Cube_FW_F4_V1.9.0/Drivers/STM32F4xx_HAL_Driver/Src/stm32f4xx_hal_usart.o
                                                  ../STM32Cube_FW_F4_V1.9.0/Drivers/STM32F4xx_HAL_Driver/Src/stm32f4xx_hal_uart.o
                                                  ../STM32Cube_FW_F4_V1.9.0/Drivers/STM32F4xx_HAL_Driver/Src/stm32f4xx_hal_can.o
HAL_HalfDuplex_EnableReceiver                     ../STM32Cube_FW_F4_V1.9.0/Drivers/STM32F4xx_HAL_Driver/Src/stm32f4xx_hal_uart.o
HAL_HalfDuplex_EnableTransmitter                  ../STM32Cube_FW_F4_V1.9.0/Drivers/STM32F4xx_HAL_Driver/Src/stm32f4xx_hal_uart.o
HAL_HalfDuplex_Init                               ../STM32Cube_FW_F4_V1.9.0/Drivers/STM32F4xx_HAL_Driver/Src/stm32f4xx_hal_uart.o
HAL_I2C_DeInit                                    ../STM32Cube_FW_F4_V1.9.0/Drivers/STM32F4xx_HAL_Driver/Src/stm32f4xx_hal_i2c.o
HAL_I2C_ER_IRQHandler                             ../STM32Cube_FW_F4_V1.9.0/Drivers/STM32F4xx_HAL_Driver/Src/stm32f4xx_hal_i2c.o
HAL_I2C_EV_IRQHandler                             ../STM32Cube_FW_F4_V1.9.0/Drivers/STM32F4xx_HAL_Driver/Src/stm32f4xx_hal_i2c.o
HAL_I2C_ErrorCallback                             ../STM32Cube_FW_F4_V1.9.0/Drivers/STM32F4xx_HAL_Driver/Src/stm32f4xx_hal_i2c.o
HAL_I2C_GetError                                  ../STM32Cube_FW_F4_V1.9.0/Drivers/STM32F4xx_HAL_Driver/Src/stm32f4xx_hal_i2c.o
HAL_I2C_GetState                                  ../STM32Cube_FW_F4_V1.9.0/Drivers/STM32F4xx_HAL_Driver/Src/stm32f4xx_hal_i2c.o
HAL_I2C_Init                                      ../STM32Cube_FW_F4_V1.9.0/Drivers/STM32F4xx_HAL_Driver/Src/stm32f4xx_hal_i2c.o
HAL_I2C_IsDeviceReady                             ../STM32Cube_FW_F4_V1.9.0/Drivers/STM32F4xx_HAL_Driver/Src/stm32f4xx_hal_i2c.o
HAL_I2C_MasterRxCpltCallback                      ../STM32Cube_FW_F4_V1.9.0/Drivers/STM32F4xx_HAL_Driver/Src/stm32f4xx_hal_i2c.o
HAL_I2C_MasterTxCpltCallback                      ../STM32Cube_FW_F4_V1.9.0/Drivers/STM32F4xx_HAL_Driver/Src/stm32f4xx_hal_i2c.o
HAL_I2C_Master_Receive                            ../STM32Cube_FW_F4_V1.9.0/Drivers/STM32F4xx_HAL_Driver/Src/stm32f4xx_hal_i2c.o
HAL_I2C_Master_Receive_DMA                        ../STM32Cube_FW_F4_V1.9.0/Drivers/STM32F4xx_HAL_Driver/Src/stm32f4xx_hal_i2c.o
HAL_I2C_Master_Receive_IT                         ../STM32Cube_FW_F4_V1.9.0/Drivers/STM32F4xx_HAL_Driver/Src/stm32f4xx_hal_i2c.o
HAL_I2C_Master_Transmit                           ../STM32Cube_FW_F4_V1.9.0/Drivers/STM32F4xx_HAL_Driver/Src/stm32f4xx_hal_i2c.o
HAL_I2C_Master_Transmit_DMA                       ../STM32Cube_FW_F4_V1.9.0/Drivers/STM32F4xx_HAL_Driver/Src/stm32f4xx_hal_i2c.o
HAL_I2C_Master_Transmit_IT                        ../STM32Cube_FW_F4_V1.9.0/Drivers/STM32F4xx_HAL_Driver/Src/stm32f4xx_hal_i2c.o
HAL_I2C_MemRxCpltCallback                         ../STM32Cube_FW_F4_V1.9.0/Drivers/STM32F4xx_HAL_Driver/Src/stm32f4xx_hal_i2c.o
HAL_I2C_MemTxCpltCallback                         ../STM32Cube_FW_F4_V1.9.0/Drivers/STM32F4xx_HAL_Driver/Src/stm32f4xx_hal_i2c.o
HAL_I2C_Mem_Read                                  ../STM32Cube_FW_F4_V1.9.0/Drivers/STM32F4xx_HAL_Driver/Src/stm32f4xx_hal_i2c.o
HAL_I2C_Mem_Read_DMA                              ../STM32Cube_FW_F4_V1.9.0/Drivers/STM32F4xx_HAL_Driver/Src/stm32f4xx_hal_i2c.o
HAL_I2C_Mem_Read_IT                               ../STM32Cube_FW_F4_V1.9.0/Drivers/STM32F4xx_HAL_Driver/Src/stm32f4xx_hal_i2c.o
HAL_I2C_Mem_Write                                 ../STM32Cube_FW_F4_V1.9.0/Drivers/STM32F4xx_HAL_Driver/Src/stm32f4xx_hal_i2c.o
HAL_I2C_Mem_Write_DMA                             ../STM32Cube_FW_F4_V1.9.0/Drivers/STM32F4xx_HAL_Driver/Src/stm32f4xx_hal_i2c.o
HAL_I2C_Mem_Write_IT                              ../STM32Cube_FW_F4_V1.9.0/Drivers/STM32F4xx_HAL_Driver/Src/stm32f4xx_hal_i2c.o
HAL_I2C_MspDeInit                                 ../STM32Cube_FW_F4_V1.9.0/Drivers/STM32F4xx_HAL_Driver/Src/stm32f4xx_hal_i2c.o
HAL_I2C_MspInit                                   ../STM32Cube_FW_F4_V1.9.0/Drivers/STM32F4xx_HAL_Driver/Src/stm32f4xx_hal_i2c.o
HAL_I2C_SlaveRxCpltCallback                       ../STM32Cube_FW_F4_V1.9.0/Drivers/STM32F4xx_HAL_Driver/Src/stm32f4xx_hal_i2c.o
HAL_I2C_SlaveTxCpltCallback                       ../STM32Cube_FW_F4_V1.9.0/Drivers/STM32F4xx_HAL_Driver/Src/stm32f4xx_hal_i2c.o
HAL_I2C_Slave_Receive                             ../STM32Cube_FW_F4_V1.9.0/Drivers/STM32F4xx_HAL_Driver/Src/stm32f4xx_hal_i2c.o
HAL_I2C_Slave_Receive_DMA                         ../STM32Cube_FW_F4_V1.9.0/Drivers/STM32F4xx_HAL_Driver/Src/stm32f4xx_hal_i2c.o
HAL_I2C_Slave_Receive_IT                          ../STM32Cube_FW_F4_V1.9.0/Drivers/STM32F4xx_HAL_Driver/Src/stm32f4xx_hal_i2c.o
HAL_I2C_Slave_Transmit                            ../STM32Cube_FW_F4_V1.9.0/Drivers/STM32F4xx_HAL_Driver/Src/stm32f4xx_hal_i2c.o
HAL_I2C_Slave_Transmit_DMA                        ../STM32Cube_FW_F4_V1.9.0/Drivers/STM32F4xx_HAL_Driver/Src/stm32f4xx_hal_i2c.o
HAL_I2C_Slave_Transmit_IT                         ../STM32Cube_FW_F4_V1.9.0/Drivers/STM32F4xx_HAL_Driver/Src/stm32f4xx_hal_i2c.o
HAL_I2SEx_TransmitReceive                         ../STM32Cube_FW_F4_V1.9.0/Drivers/STM32F4xx_HAL_Driver/Src/stm32f4xx_hal_i2s_ex.o
HAL_I2SEx_TransmitReceive_DMA                     ../STM32Cube_FW_F4_V1.9.0/Drivers/STM32F4xx_HAL_Driver/Src/stm32f4xx_hal_i2s_ex.o
HAL_I2SEx_TransmitReceive_IT                      ../STM32Cube_FW_F4_V1.9.0/Drivers/STM32F4xx_HAL_Driver/Src/stm32f4xx_hal_i2s_ex.o
HAL_I2S_DMAPause                                  ../STM32Cube_FW_F4_V1.9.0/Drivers/STM32F4xx_HAL_Driver/Src/stm32f4xx_hal_i2s_ex.o
                                                  ../STM32Cube_FW_F4_V1.9.0/Drivers/STM32F4xx_HAL_Driver/Src/stm32f4xx_hal_i2s.o
HAL_I2S_DMAResume                                 ../STM32Cube_FW_F4_V1.9.0/Drivers/STM32F4xx_HAL_Driver/Src/stm32f4xx_hal_i2s_ex.o
                                                  ../STM32Cube_FW_F4_V1.9.0/Drivers/STM32F4xx_HAL_Driver/Src/stm32f4xx_hal_i2s.o
HAL_I2S_DMAStop                                   ../STM32Cube_FW_F4_V1.9.0/Drivers/STM32F4xx_HAL_Driver/Src/stm32f4xx_hal_i2s_ex.o
                                                  ../STM32Cube_FW_F4_V1.9.0/Drivers/STM32F4xx_HAL_Driver/Src/stm32f4xx_hal_i2s.o
HAL_I2S_DeInit                                    ../STM32Cube_FW_F4_V1.9.0/Drivers/STM32F4xx_HAL_Driver/Src/stm32f4xx_hal_i2s.o
HAL_I2S_ErrorCallback                             ../STM32Cube_FW_F4_V1.9.0/Drivers/STM32F4xx_HAL_Driver/Src/stm32f4xx_hal_i2s.o
                                                  ../STM32Cube_FW_F4_V1.9.0/Drivers/STM32F4xx_HAL_Driver/Src/stm32f4xx_hal_i2s_ex.o
HAL_I2S_GetError                                  ../STM32Cube_FW_F4_V1.9.0/Drivers/STM32F4xx_HAL_Driver/Src/stm32f4xx_hal_i2s.o
HAL_I2S_GetState                                  ../STM32Cube_FW_F4_V1.9.0/Drivers/STM32F4xx_HAL_Driver/Src/stm32f4xx_hal_i2s.o
HAL_I2S_IRQHandler                                ../STM32Cube_FW_F4_V1.9.0/Drivers/STM32F4xx_HAL_Driver/Src/stm32f4xx_hal_i2s_ex.o
                                                  ../STM32Cube_FW_F4_V1.9.0/Drivers/STM32F4xx_HAL_Driver/Src/stm32f4xx_hal_i2s.o
HAL_I2S_Init                                      ../STM32Cube_FW_F4_V1.9.0/Drivers/STM32F4xx_HAL_Driver/Src/stm32f4xx_hal_i2s_ex.o
                                                  ../STM32Cube_FW_F4_V1.9.0/Drivers/STM32F4xx_HAL_Driver/Src/stm32f4xx_hal_i2s.o
HAL_I2S_MspDeInit                                 ../STM32Cube_FW_F4_V1.9.0/Drivers/STM32F4xx_HAL_Driver/Src/stm32f4xx_hal_i2s.o
HAL_I2S_MspInit                                   ../STM32Cube_FW_F4_V1.9.0/Drivers/STM32F4xx_HAL_Driver/Src/stm32f4xx_hal_i2s.o
                                                  ../STM32Cube_FW_F4_V1.9.0/Drivers/STM32F4xx_HAL_Driver/Src/stm32f4xx_hal_i2s_ex.o
HAL_I2S_Receive                                   ../STM32Cube_FW_F4_V1.9.0/Drivers/STM32F4xx_HAL_Driver/Src/stm32f4xx_hal_i2s.o
HAL_I2S_Receive_DMA                               ../STM32Cube_FW_F4_V1.9.0/Drivers/STM32F4xx_HAL_Driver/Src/stm32f4xx_hal_i2s.o
HAL_I2S_Receive_IT                                ../STM32Cube_FW_F4_V1.9.0/Drivers/STM32F4xx_HAL_Driver/Src/stm32f4xx_hal_i2s.o
HAL_I2S_RxCpltCallback                            ../STM32Cube_FW_F4_V1.9.0/Drivers/STM32F4xx_HAL_Driver/Src/stm32f4xx_hal_i2s.o
                                                  ../STM32Cube_FW_F4_V1.9.0/Drivers/STM32F4xx_HAL_Driver/Src/stm32f4xx_hal_i2s_ex.o
HAL_I2S_RxHalfCpltCallback                        ../STM32Cube_FW_F4_V1.9.0/Drivers/STM32F4xx_HAL_Driver/Src/stm32f4xx_hal_i2s.o
HAL_I2S_Transmit                                  ../STM32Cube_FW_F4_V1.9.0/Drivers/STM32F4xx_HAL_Driver/Src/stm32f4xx_hal_i2s.o
HAL_I2S_Transmit_DMA                              ../STM32Cube_FW_F4_V1.9.0/Drivers/STM32F4xx_HAL_Driver/Src/stm32f4xx_hal_i2s.o
HAL_I2S_Transmit_IT                               ../STM32Cube_FW_F4_V1.9.0/Drivers/STM32F4xx_HAL_Driver/Src/stm32f4xx_hal_i2s.o
HAL_I2S_TxCpltCallback                            ../STM32Cube_FW_F4_V1.9.0/Drivers/STM32F4xx_HAL_Driver/Src/stm32f4xx_hal_i2s.o
                                                  ../STM32Cube_FW_F4_V1.9.0/Drivers/STM32F4xx_HAL_Driver/Src/stm32f4xx_hal_i2s_ex.o
HAL_I2S_TxHalfCpltCallback                        ../STM32Cube_FW_F4_V1.9.0/Drivers/STM32F4xx_HAL_Driver/Src/stm32f4xx_hal_i2s.o
HAL_IncTick                                       ../STM32Cube_FW_F4_V1.9.0/Drivers/STM32F4xx_HAL_Driver/Src/stm32f4xx_hal.o
                                                  src/stm32f4xx_it.o
HAL_Init                                          ../STM32Cube_FW_F4_V1.9.0/Drivers/STM32F4xx_HAL_Driver/Src/stm32f4xx_hal.o
                                                  main.o
HAL_InitTick                                      ../STM32Cube_FW_F4_V1.9.0/Drivers/STM32F4xx_HAL_Driver/Src/stm32f4xx_hal.o
                                                  ../STM32Cube_FW_F4_V1.9.0/Drivers/STM32F4xx_HAL_Driver/Src/stm32f4xx_hal_rcc.o
HAL_LIN_Init                                      ../STM32Cube_FW_F4_V1.9.0/Drivers/STM32F4xx_HAL_Driver/Src/stm32f4xx_hal_uart.o
HAL_LIN_SendBreak                                 ../STM32Cube_FW_F4_V1.9.0/Drivers/STM32F4xx_HAL_Driver/Src/stm32f4xx_hal_uart.o
HAL_MPU_ConfigRegion                              ../STM32Cube_FW_F4_V1.9.0/Drivers/STM32F4xx_HAL_Driver/Src/stm32f4xx_hal_cortex.o
HAL_MspDeInit                                     ../STM32Cube_FW_F4_V1.9.0/Drivers/STM32F4xx_HAL_Driver/Src/stm32f4xx_hal.o
HAL_MspInit                                       ../STM32Cube_FW_F4_V1.9.0/Drivers/STM32F4xx_HAL_Driver/Src/stm32f4xx_hal.o
HAL_MultiProcessor_EnterMuteMode                  ../STM32Cube_FW_F4_V1.9.0/Drivers/STM32F4xx_HAL_Driver/Src/stm32f4xx_hal_uart.o
HAL_MultiProcessor_ExitMuteMode                   ../STM32Cube_FW_F4_V1.9.0/Drivers/STM32F4xx_HAL_Driver/Src/stm32f4xx_hal_uart.o
HAL_MultiProcessor_Init                           ../STM32Cube_FW_F4_V1.9.0/Drivers/STM32F4xx_HAL_Driver/Src/stm32f4xx_hal_uart.o
HAL_NVIC_ClearPendingIRQ                          ../STM32Cube_FW_F4_V1.9.0/Drivers/STM32F4xx_HAL_Driver/Src/stm32f4xx_hal_cortex.o
HAL_NVIC_DisableIRQ                               ../STM32Cube_FW_F4_V1.9.0/Drivers/STM32F4xx_HAL_Driver/Src/stm32f4xx_hal_cortex.o
HAL_NVIC_EnableIRQ                                ../STM32Cube_FW_F4_V1.9.0/Drivers/STM32F4xx_HAL_Driver/Src/stm32f4xx_hal_cortex.o
                                                  main.o