Archive member included because of file (symbol)

/home/rmcbee/bin/gcc-toolchain/bin/../lib/gcc/arm-none-eabi/4.9.3/../../../../arm-none-eabi/lib/armv7e-m/softfp/libstdc++_nano.a(new_op.o)
                              ../Libraries/mbed/common/BusIn.o (operator new(unsigned int))
/home/rmcbee/bin/gcc-toolchain/bin/../lib/gcc/arm-none-eabi/4.9.3/../../../../arm-none-eabi/lib/armv7e-m/softfp/libstdc++_nano.a(del_op.o)
                              main.o (operator delete(void*))
/home/rmcbee/bin/gcc-toolchain/bin/../lib/gcc/arm-none-eabi/4.9.3/../../../../arm-none-eabi/lib/armv7e-m/softfp/libstdc++_nano.a(new_handler.o)
                              /home/rmcbee/bin/gcc-toolchain/bin/../lib/gcc/arm-none-eabi/4.9.3/../../../../arm-none-eabi/lib/armv7e-m/softfp/libstdc++_nano.a(new_op.o) (std::get_new_handler())
/home/rmcbee/bin/gcc-toolchain/bin/../lib/gcc/arm-none-eabi/4.9.3/../../../../arm-none-eabi/lib/armv7e-m/softfp/libstdc++_nano.a(atexit_arm.o)
                              main.o (__aeabi_atexit)
/home/rmcbee/bin/gcc-toolchain/bin/../lib/gcc/arm-none-eabi/4.9.3/../../../../arm-none-eabi/lib/armv7e-m/softfp/libstdc++_nano.a(del_opv.o)
                              ../Libraries/mbed/common/RawSerial.o (operator delete[](void*))
/home/rmcbee/bin/gcc-toolchain/bin/../lib/gcc/arm-none-eabi/4.9.3/../../../../arm-none-eabi/lib/armv7e-m/softfp/libstdc++_nano.a(new_opv.o)
                              ../Libraries/mbed/common/RawSerial.o (operator new[](unsigned int))
/home/rmcbee/bin/gcc-toolchain/bin/../lib/gcc/arm-none-eabi/4.9.3/../../../../arm-none-eabi/lib/armv7e-m/softfp/libc_nano.a(lib_a-abort.o)
                              /home/rmcbee/bin/gcc-toolchain/bin/../lib/gcc/arm-none-eabi/4.9.3/../../../../arm-none-eabi/lib/armv7e-m/softfp/libstdc++_nano.a(new_op.o) (abort)
/home/rmcbee/bin/gcc-toolchain/bin/../lib/gcc/arm-none-eabi/4.9.3/../../../../arm-none-eabi/lib/armv7e-m/softfp/libc_nano.a(lib_a-cxa_atexit.o)
                              /home/rmcbee/bin/gcc-toolchain/bin/../lib/gcc/arm-none-eabi/4.9.3/../../../../arm-none-eabi/lib/armv7e-m/softfp/libstdc++_nano.a(atexit_arm.o) (__cxa_atexit)
/home/rmcbee/bin/gcc-toolchain/bin/../lib/gcc/arm-none-eabi/4.9.3/../../../../arm-none-eabi/lib/armv7e-m/softfp/libc_nano.a(lib_a-errno.o)
                              ../Libraries/mbed/common/retarget.o (__errno)
/home/rmcbee/bin/gcc-toolchain/bin/../lib/gcc/arm-none-eabi/4.9.3/../../../../arm-none-eabi/lib/armv7e-m/softfp/libc_nano.a(lib_a-exit.o)
                              /home/rmcbee/bin/gcc-toolchain/bin/../lib/gcc/arm-none-eabi/4.9.3/../../../../arm-none-eabi/lib/armv7e-m/softfp/crt0.o (exit)
/home/rmcbee/bin/gcc-toolchain/bin/../lib/gcc/arm-none-eabi/4.9.3/../../../../arm-none-eabi/lib/armv7e-m/softfp/libc_nano.a(lib_a-fclose.o)
                              ../Libraries/mbed/common/Stream.o (fclose)
/home/rmcbee/bin/gcc-toolchain/bin/../lib/gcc/arm-none-eabi/4.9.3/../../../../arm-none-eabi/lib/armv7e-m/softfp/libc_nano.a(lib_a-fflush.o)
                              /home/rmcbee/bin/gcc-toolchain/bin/../lib/gcc/arm-none-eabi/4.9.3/../../../../arm-none-eabi/lib/armv7e-m/softfp/libc_nano.a(lib_a-fclose.o) (__sflush_r)
/home/rmcbee/bin/gcc-toolchain/bin/../lib/gcc/arm-none-eabi/4.9.3/../../../../arm-none-eabi/lib/armv7e-m/softfp/libc_nano.a(lib_a-fgetc.o)
                              ../Libraries/mbed/common/retarget.o (fgetc)
/home/rmcbee/bin/gcc-toolchain/bin/../lib/gcc/arm-none-eabi/4.9.3/../../../../arm-none-eabi/lib/armv7e-m/softfp/libc_nano.a(lib_a-fgets.o)
                              ../Libraries/mbed/common/retarget.o (fgets)
/home/rmcbee/bin/gcc-toolchain/bin/../lib/gcc/arm-none-eabi/4.9.3/../../../../arm-none-eabi/lib/armv7e-m/softfp/libc_nano.a(lib_a-findfp.o)
                              /home/rmcbee/bin/gcc-toolchain/bin/../lib/gcc/arm-none-eabi/4.9.3/../../../../arm-none-eabi/lib/armv7e-m/softfp/libc_nano.a(lib_a-fclose.o) (__sinit)
/home/rmcbee/bin/gcc-toolchain/bin/../lib/gcc/arm-none-eabi/4.9.3/../../../../arm-none-eabi/lib/armv7e-m/softfp/libc_nano.a(lib_a-fopen.o)
                              ../Libraries/mbed/common/Stream.o (fopen)
/home/rmcbee/bin/gcc-toolchain/bin/../lib/gcc/arm-none-eabi/4.9.3/../../../../arm-none-eabi/lib/armv7e-m/softfp/libc_nano.a(lib_a-fputc.o)
                              ../Libraries/mbed/common/Stream.o (fputc)
/home/rmcbee/bin/gcc-toolchain/bin/../lib/gcc/arm-none-eabi/4.9.3/../../../../arm-none-eabi/lib/armv7e-m/softfp/libc_nano.a(lib_a-fputs.o)
                              ../Libraries/mbed/common/Stream.o (fputs)
/home/rmcbee/bin/gcc-toolchain/bin/../lib/gcc/arm-none-eabi/4.9.3/../../../../arm-none-eabi/lib/armv7e-m/softfp/libc_nano.a(lib_a-fseek.o)
                              /home/rmcbee/bin/gcc-toolchain/bin/../lib/gcc/arm-none-eabi/4.9.3/../../../../arm-none-eabi/lib/armv7e-m/softfp/libc_nano.a(lib_a-fopen.o) (_fseek_r)
[...]
Memory Configuration

Name             Origin             Length             Attributes
FLASH            0x08000000         0x00100000         xr
CCM              0x10000000         0x00010000         xrw
RAM              0x20000188         0x0001fe78         xrw
*default*        0x00000000         0xffffffff

Linker script and memory map

LOAD /home/rmcbee/bin/gcc-toolchain/bin/../lib/gcc/arm-none-eabi/4.9.3/armv7e-m/softfp/crti.o
LOAD /home/rmcbee/bin/gcc-toolchain/bin/../lib/gcc/arm-none-eabi/4.9.3/armv7e-m/softfp/crtbegin.o
LOAD /home/rmcbee/bin/gcc-toolchain/bin/../lib/gcc/arm-none-eabi/4.9.3/../../../../arm-none-eabi/lib/armv7e-m/softfp/crt0.o
LOAD ../Libraries/mbed/targets/cmsis/TARGET_STM/TARGET_STM32F4/TARGET_STM32F407VG/TOOLCHAIN_GCC_ARM/startup_stm32f407xx.o
LOAD ../Libraries/mbed/common/mbed_interface.o
LOAD ../Libraries/mbed/common/pinmap_common.o
LOAD ../Libraries/mbed/common/rtc_time.o
LOAD ../Libraries/mbed/common/board.o
LOAD ../Libraries/mbed/common/ticker_api.o
LOAD ../Libraries/mbed/common/gpio.o
LOAD ../Libraries/mbed/common/lp_ticker_api.o
LOAD ../Libraries/mbed/common/error.o
LOAD ../Libraries/mbed/common/wait_api.o
LOAD ../Libraries/mbed/common/semihost_api.o
LOAD ../Libraries/mbed/common/us_ticker_api.o
LOAD ../Libraries/mbed/common/assert.o
LOAD ../Libraries/mbed/targets/hal/TARGET_STM/TARGET_STM32F4/analogout_api.o
LOAD ../Libraries/mbed/targets/hal/TARGET_STM/TARGET_STM32F4/pinmap.o
LOAD ../Libraries/mbed/targets/hal/TARGET_STM/TARGET_STM32F4/rtc_api.o
LOAD ../Libraries/mbed/targets/hal/TARGET_STM/TARGET_STM32F4/analogin_api.o
LOAD ../Libraries/mbed/targets/hal/TARGET_STM/TARGET_STM32F4/mbed_overrides.o
LOAD ../Libraries/mbed/targets/hal/TARGET_STM/TARGET_STM32F4/sleep.o
LOAD ../Libraries/mbed/targets/hal/TARGET_STM/TARGET_STM32F4/pwmout_api.o
LOAD ../Libraries/mbed/targets/hal/TARGET_STM/TARGET_STM32F4/serial_api.o
LOAD ../Libraries/mbed/targets/hal/TARGET_STM/TARGET_STM32F4/gpio_irq_api.o
LOAD ../Libraries/mbed/targets/hal/TARGET_STM/TARGET_STM32F4/us_ticker.o
LOAD ../Libraries/mbed/targets/hal/TARGET_STM/TARGET_STM32F4/gpio_api.o
LOAD ../Libraries/mbed/targets/hal/TARGET_STM/TARGET_STM32F4/port_api.o
LOAD ../Libraries/mbed/targets/hal/TARGET_STM/TARGET_STM32F4/spi_api.o
LOAD ../Libraries/mbed/targets/hal/TARGET_STM/TARGET_STM32F4/i2c_api.o
LOAD ../Libraries/mbed/targets/hal/TARGET_STM/TARGET_STM32F4/TARGET_DISCO_F407VG/PeripheralPins.o
LOAD ../Libraries/mbed/targets/cmsis/TARGET_STM/TARGET_STM32F4/stm32f4xx_hal_flash.o
LOAD ../Libraries/mbed/targets/cmsis/TARGET_STM/TARGET_STM32F4/stm32f4xx_hal_rcc.o
LOAD ../Libraries/mbed/targets/cmsis/TARGET_STM/TARGET_STM32F4/stm32f4xx_ll_usb.o
LOAD ../Libraries/mbed/targets/cmsis/TARGET_STM/TARGET_STM32F4/stm32f4xx_hal_sai_ex.o
LOAD ../Libraries/mbed/targets/cmsis/TARGET_STM/TARGET_STM32F4/stm32f4xx_hal_spi.o
LOAD ../Libraries/mbed/targets/cmsis/TARGET_STM/TARGET_STM32F4/stm32f4xx_hal_spdifrx.o
LOAD ../Libraries/mbed/targets/cmsis/TARGET_STM/TARGET_STM32F4/stm32f4xx_hal_qspi.o
LOAD ../Libraries/mbed/targets/cmsis/TARGET_STM/TARGET_STM32F4/stm32f4xx_hal_rtc.o
LOAD ../Libraries/mbed/targets/cmsis/TARGET_STM/TARGET_STM32F4/stm32f4xx_hal_rtc_ex.o
LOAD ../Libraries/mbed/targets/cmsis/TARGET_STM/TARGET_STM32F4/stm32f4xx_hal_flash_ex.o
LOAD ../Libraries/mbed/targets/cmsis/TARGET_STM/TARGET_STM32F4/stm32f4xx_hal_rcc_ex.o
LOAD ../Libraries/mbed/targets/cmsis/TARGET_STM/TARGET_STM32F4/stm32f4xx_hal_rng.o
LOAD ../Libraries/mbed/targets/cmsis/TARGET_STM/TARGET_STM32F4/stm32f4xx_hal_flash_ramfunc.o
LOAD ../Libraries/mbed/targets/cmsis/TARGET_STM/TARGET_STM32F4/stm32f4xx_hal_nand.o
LOAD ../Libraries/mbed/targets/cmsis/TARGET_STM/TARGET_STM32F4/stm32f4xx_hal_irda.o
LOAD ../Libraries/mbed/targets/cmsis/TARGET_STM/TARGET_STM32F4/stm32f4xx_hal_dcmi_ex.o
LOAD ../Libraries/mbed/targets/cmsis/TARGET_STM/TARGET_STM32F4/stm32f4xx_hal_fmpi2c_ex.o
LOAD ../Libraries/mbed/targets/cmsis/TARGET_STM/TARGET_STM32F4/stm32f4xx_ll_sdmmc.o
LOAD ../Libraries/mbed/targets/cmsis/TARGET_STM/TARGET_STM32F4/stm32f4xx_hal_sd.o
LOAD ../Libraries/mbed/targets/cmsis/TARGET_STM/TARGET_STM32F4/stm32f4xx_hal_cryp_ex.o
LOAD ../Libraries/mbed/targets/cmsis/TARGET_STM/TARGET_STM32F4/stm32f4xx_hal_adc.o
LOAD ../Libraries/mbed/targets/cmsis/TARGET_STM/TARGET_STM32F4/stm32f4xx_hal_cortex.o
LOAD ../Libraries/mbed/targets/cmsis/TARGET_STM/TARGET_STM32F4/stm32f4xx_hal_crc.o
LOAD ../Libraries/mbed/targets/cmsis/TARGET_STM/TARGET_STM32F4/stm32f4xx_hal_sai.o
LOAD ../Libraries/mbed/targets/cmsis/TARGET_STM/TARGET_STM32F4/stm32f4xx_hal_dac_ex.o
LOAD ../Libraries/mbed/targets/cmsis/TARGET_STM/TARGET_STM32F4/stm32f4xx_hal_hash_ex.o
LOAD ../Libraries/mbed/targets/cmsis/TARGET_STM/TARGET_STM32F4/stm32f4xx_hal_usart.o
LOAD ../Libraries/mbed/targets/cmsis/TARGET_STM/TARGET_STM32F4/stm32f4xx_hal_i2s.o
LOAD ../Libraries/mbed/targets/cmsis/TARGET_STM/TARGET_STM32F4/stm32f4xx_ll_fsmc.o
LOAD ../Libraries/mbed/targets/cmsis/TARGET_STM/TARGET_STM32F4/stm32f4xx_hal_dma.o
LOAD ../Libraries/mbed/targets/cmsis/TARGET_STM/TARGET_STM32F4/stm32f4xx_hal_sram.o
LOAD ../Libraries/mbed/targets/cmsis/TARGET_STM/TARGET_STM32F4/stm32f4xx_hal_nor.o
LOAD ../Libraries/mbed/targets/cmsis/TARGET_STM/TARGET_STM32F4/stm32f4xx_hal_uart.o
LOAD ../Libraries/mbed/targets/cmsis/TARGET_STM/TARGET_STM32F4/stm32f4xx_hal_can.o
LOAD ../Libraries/mbed/targets/cmsis/TARGET_STM/TARGET_STM32F4/stm32f4xx_hal_tim.o
LOAD ../Libraries/mbed/targets/cmsis/TARGET_STM/TARGET_STM32F4/stm32f4xx_hal_iwdg.o
LOAD ../Libraries/mbed/targets/cmsis/TARGET_STM/TARGET_STM32F4/stm32f4xx_hal_hash.o
LOAD ../Libraries/mbed/targets/cmsis/TARGET_STM/TARGET_STM32F4/stm32f4xx_hal_pcd_ex.o
LOAD ../Libraries/mbed/targets/cmsis/TARGET_STM/TARGET_STM32F4/stm32f4xx_hal_ltdc.o
LOAD ../Libraries/mbed/targets/cmsis/TARGET_STM/TARGET_STM32F4/stm32f4xx_hal_pccard.o
LOAD ../Libraries/mbed/targets/cmsis/TARGET_STM/TARGET_STM32F4/stm32f4xx_hal_dma_ex.o
LOAD ../Libraries/mbed/targets/cmsis/TARGET_STM/TARGET_STM32F4/stm32f4xx_hal_pwr_ex.o
LOAD ../Libraries/mbed/targets/cmsis/TARGET_STM/TARGET_STM32F4/stm32f4xx_hal_smartcard.o
LOAD ../Libraries/mbed/targets/cmsis/TARGET_STM/TARGET_STM32F4/stm32f4xx_hal_adc_ex.o
LOAD ../Libraries/mbed/targets/cmsis/TARGET_STM/TARGET_STM32F4/stm32f4xx_ll_fmc.o
LOAD ../Libraries/mbed/targets/cmsis/TARGET_STM/TARGET_STM32F4/stm32f4xx_hal.o
LOAD ../Libraries/mbed/targets/cmsis/TARGET_STM/TARGET_STM32F4/stm32f4xx_hal_i2c_ex.o
LOAD ../Libraries/mbed/targets/cmsis/TARGET_STM/TARGET_STM32F4/stm32f4xx_hal_hcd.o
LOAD ../Libraries/mbed/targets/cmsis/TARGET_STM/TARGET_STM32F4/stm32f4xx_hal_i2c.o
LOAD ../Libraries/mbed/targets/cmsis/TARGET_STM/TARGET_STM32F4/stm32f4xx_hal_tim_ex.o
LOAD ../Libraries/mbed/targets/cmsis/TARGET_STM/TARGET_STM32F4/stm32f4xx_hal_dcmi.o
LOAD ../Libraries/mbed/targets/cmsis/TARGET_STM/TARGET_STM32F4/stm32f4xx_hal_cryp.o
LOAD ../Libraries/mbed/targets/cmsis/TARGET_STM/TARGET_STM32F4/stm32f4xx_hal_gpio.o
LOAD ../Libraries/mbed/targets/cmsis/TARGET_STM/TARGET_STM32F4/stm32f4xx_hal_i2s_ex.o
LOAD ../Libraries/mbed/targets/cmsis/TARGET_STM/TARGET_STM32F4/stm32f4xx_hal_pcd.o
LOAD ../Libraries/mbed/targets/cmsis/TARGET_STM/TARGET_STM32F4/stm32f4xx_hal_wwdg.o
LOAD ../Libraries/mbed/targets/cmsis/TARGET_STM/TARGET_STM32F4/stm32f4xx_hal_cec.o
LOAD ../Libraries/mbed/targets/cmsis/TARGET_STM/TARGET_STM32F4/stm32f4xx_hal_sdram.o
LOAD ../Libraries/mbed/targets/cmsis/TARGET_STM/TARGET_STM32F4/stm32f4xx_hal_eth.o
LOAD ../Libraries/mbed/targets/cmsis/TARGET_STM/TARGET_STM32F4/stm32f4xx_hal_dma2d.o
LOAD ../Libraries/mbed/targets/cmsis/TARGET_STM/TARGET_STM32F4/stm32f4xx_hal_pwr.o
LOAD ../Libraries/mbed/targets/cmsis/TARGET_STM/TARGET_STM32F4/stm32f4xx_hal_fmpi2c.o
LOAD ../Libraries/mbed/targets/cmsis/TARGET_STM/TARGET_STM32F4/stm32f4xx_hal_dac.o
LOAD ../Libraries/mbed/targets/cmsis/TARGET_STM/TARGET_STM32F4/TARGET_STM32F407VG/hal_tick.o
LOAD ../Libraries/mbed/targets/cmsis/TARGET_STM/TARGET_STM32F4/TARGET_STM32F407VG/cmsis_nvic.o
LOAD ../Libraries/mbed/targets/cmsis/TARGET_STM/TARGET_STM32F4/TARGET_STM32F407VG/system_stm32f4xx.o
LOAD main.o
LOAD ../Libraries/mbed/common/FileBase.o
LOAD ../Libraries/mbed/common/I2C.o
LOAD ../Libraries/mbed/common/retarget.o
LOAD ../Libraries/mbed/common/BusIn.o
LOAD ../Libraries/mbed/common/CAN.o
LOAD ../Libraries/mbed/common/FileLike.o
LOAD ../Libraries/mbed/common/LocalFileSystem.o
LOAD ../Libraries/mbed/common/BusInOut.o
LOAD ../Libraries/mbed/common/SerialBase.o
LOAD ../Libraries/mbed/common/Timer.o
LOAD ../Libraries/mbed/common/SPI.o
LOAD ../Libraries/mbed/common/InterruptIn.o
LOAD ../Libraries/mbed/common/FilePath.o
LOAD ../Libraries/mbed/common/Serial.o
LOAD ../Libraries/mbed/common/Stream.o
LOAD ../Libraries/mbed/common/SPISlave.o
LOAD ../Libraries/mbed/common/FileSystemLike.o
LOAD ../Libraries/mbed/common/Ethernet.o
LOAD ../Libraries/mbed/common/BusOut.o
LOAD ../Libraries/mbed/common/InterruptManager.o
LOAD ../Libraries/mbed/common/Ticker.o
LOAD ../Libraries/mbed/common/TimerEvent.o
LOAD ../Libraries/mbed/common/I2CSlave.o
LOAD ../Libraries/mbed/common/Timeout.o
LOAD ../Libraries/mbed/common/RawSerial.o
LOAD ../Libraries/mbed/common/CallChain.o
LOAD /home/rmcbee/bin/gcc-toolchain/bin/../lib/gcc/arm-none-eabi/4.9.3/../../../../arm-none-eabi/lib/armv7e-m/softfp/libstdc++_nano.a
LOAD /home/rmcbee/bin/gcc-toolchain/bin/../lib/gcc/arm-none-eabi/4.9.3/../../../../arm-none-eabi/lib/armv7e-m/softfp/libsupc++_nano.a
LOAD /home/rmcbee/bin/gcc-toolchain/bin/../lib/gcc/arm-none-eabi/4.9.3/../../../../arm-none-eabi/lib/armv7e-m/softfp/libm.a
LOAD /home/rmcbee/bin/gcc-toolchain/bin/../lib/gcc/arm-none-eabi/4.9.3/../../../../arm-none-eabi/lib/armv7e-m/softfp/libc_nano.a
LOAD /home/rmcbee/bin/gcc-toolchain/bin/../lib/gcc/arm-none-eabi/4.9.3/armv7e-m/softfp/libgcc.a
LOAD /home/rmcbee/bin/gcc-toolchain/bin/../lib/gcc/arm-none-eabi/4.9.3/../../../../arm-none-eabi/lib/armv7e-m/softfp/libnosys.a
LOAD /home/rmcbee/bin/gcc-toolchain/bin/../lib/gcc/arm-none-eabi/4.9.3/../../../../arm-none-eabi/lib/armv7e-m/softfp/libstdc++_nano.a
LOAD /home/rmcbee/bin/gcc-toolchain/bin/../lib/gcc/arm-none-eabi/4.9.3/../../../../arm-none-eabi/lib/armv7e-m/softfp/libsupc++_nano.a
LOAD /home/rmcbee/bin/gcc-toolchain/bin/../lib/gcc/arm-none-eabi/4.9.3/../../../../arm-none-eabi/lib/armv7e-m/softfp/libm.a
LOAD /home/rmcbee/bin/gcc-toolchain/bin/../lib/gcc/arm-none-eabi/4.9.3/../../../../arm-none-eabi/lib/armv7e-m/softfp/libc_nano.a
LOAD /home/rmcbee/bin/gcc-toolchain/bin/../lib/gcc/arm-none-eabi/4.9.3/armv7e-m/softfp/libgcc.a
LOAD /home/rmcbee/bin/gcc-toolchain/bin/../lib/gcc/arm-none-eabi/4.9.3/../../../../arm-none-eabi/lib/armv7e-m/softfp/libnosys.a
START GROUP
LOAD /home/rmcbee/bin/gcc-toolchain/bin/../lib/gcc/arm-none-eabi/4.9.3/armv7e-m/softfp/libgcc.a
LOAD /home/rmcbee/bin/gcc-toolchain/bin/../lib/gcc/arm-none-eabi/4.9.3/../../../../arm-none-eabi/lib/armv7e-m/softfp/libc_nano.a
END GROUP
START GROUP
LOAD /home/rmcbee/bin/gcc-toolchain/bin/../lib/gcc/arm-none-eabi/4.9.3/armv7e-m/softfp/libgcc.a
LOAD /home/rmcbee/bin/gcc-toolchain/bin/../lib/gcc/arm-none-eabi/4.9.3/../../../../arm-none-eabi/lib/armv7e-m/softfp/libc_nano.a
END GROUP
LOAD /home/rmcbee/bin/gcc-toolchain/bin/../lib/gcc/arm-none-eabi/4.9.3/armv7e-m/softfp/crtend.o
LOAD /home/rmcbee/bin/gcc-toolchain/bin/../lib/gcc/arm-none-eabi/4.9.3/armv7e-m/softfp/crtn.o

.text           0x08000000     0x6f30
 *(.isr_vector)
 .isr_vector    0x08000000      0x188 ../Libraries/mbed/targets/cmsis/TARGET_STM/TARGET_STM32F4/TARGET_STM32F407VG/TOOLCHAIN_GCC_ARM/startup_stm32f407xx.o
                0x08000000                g_pfnVectors
 *(.text*)
 .text          0x08000188       0x5c /home/rmcbee/bin/gcc-toolchain/bin/../lib/gcc/arm-none-eabi/4.9.3/armv7e-m/softfp/crtbegin.o
 .text          0x080001e4       0x74 /home/rmcbee/bin/gcc-toolchain/bin/../lib/gcc/arm-none-eabi/4.9.3/../../../../arm-none-eabi/lib/armv7e-m/softfp/crt0.o
                0x080001e4                _mainCRTStartup
                0x080001e4                _start
 .text.Reset_Handler
                0x08000258       0x4c ../Libraries/mbed/targets/cmsis/TARGET_STM/TARGET_STM32F4/TARGET_STM32F407VG/TOOLCHAIN_GCC_ARM/startup_stm32f407xx.o
                0x08000258                Reset_Handler
 .text.Default_Handler
                0x080002a4        0x2 ../Libraries/mbed/targets/cmsis/TARGET_STM/TARGET_STM32F4/TARGET_STM32F407VG/TOOLCHAIN_GCC_ARM/startup_stm32f407xx.o
                0x080002a4                RTC_Alarm_IRQHandler
                0x080002a4                HASH_RNG_IRQHandler
                0x080002a4                EXTI2_IRQHandler
                0x080002a4                TIM8_CC_IRQHandler
                0x080002a4                DebugMon_Handler
                0x080002a4                TIM1_CC_IRQHandler
                0x080002a4                DMA2_Stream5_IRQHandler
                0x080002a4                HardFault_Handler
                0x080002a4                DMA1_Stream5_IRQHandler
                0x080002a4                SysTick_Handler
                0x080002a4                PVD_IRQHandler
                0x080002a4                SDIO_IRQHandler
                0x080002a4                TAMP_STAMP_IRQHandler
                0x080002a4                PendSV_Handler
                0x080002a4                NMI_Handler
                0x080002a4                CAN2_RX1_IRQHandler
                0x080002a4                EXTI3_IRQHandler
                0x080002a4                TIM8_TRG_COM_TIM14_IRQHandler
                0x080002a4                TIM1_UP_TIM10_IRQHandler
                0x080002a4                TIM8_UP_TIM13_IRQHandler
                0x080002a4                I2C3_ER_IRQHandler
                0x080002a4                EXTI0_IRQHandler
                0x080002a4                I2C2_EV_IRQHandler
                0x080002a4                DMA1_Stream2_IRQHandler
                0x080002a4                CAN1_RX0_IRQHandler
                0x080002a4                FPU_IRQHandler
                0x080002a4                OTG_HS_WKUP_IRQHandler
                0x080002a4                UsageFault_Handler
                0x080002a4                CAN2_SCE_IRQHandler
                0x080002a4                DMA2_Stream2_IRQHandler
                0x080002a4                SPI1_IRQHandler
                0x080002a4                TIM6_DAC_IRQHandler
                0x080002a4                TIM1_BRK_TIM9_IRQHandler
                0x080002a4                DCMI_IRQHandler
                0x080002a4                CAN2_RX0_IRQHandler
                0x080002a4                DMA2_Stream3_IRQHandler
                0x080002a4                USART6_IRQHandler
                0x080002a4                USART3_IRQHandler
                0x080002a4                CAN1_RX1_IRQHandler
                0x080002a4                UART5_IRQHandler
                0x080002a4                DMA2_Stream0_IRQHandler
                0x080002a4                TIM4_IRQHandler
                0x080002a4                I2C1_EV_IRQHandler
                0x080002a4                DMA1_Stream6_IRQHandler
                0x080002a4                DMA1_Stream1_IRQHandler
                0x080002a4                UART4_IRQHandler
                0x080002a4                TIM3_IRQHandler
                0x080002a4                RCC_IRQHandler
                0x080002a4                TIM8_BRK_TIM12_IRQHandler
                0x080002a4                Default_Handler
                0x080002a4                EXTI15_10_IRQHandler
                0x080002a4                ADC_IRQHandler
                0x080002a4                DMA1_Stream7_IRQHandler
                0x080002a4                TIM7_IRQHandler
                0x080002a4                CAN2_TX_IRQHandler
                0x080002a4                TIM5_IRQHandler
                0x080002a4                DMA2_Stream7_IRQHandler
                0x080002a4                I2C3_EV_IRQHandler
                0x080002a4                EXTI9_5_IRQHandler
                0x080002a4                RTC_WKUP_IRQHandler
                0x080002a4                ETH_WKUP_IRQHandler
                0x080002a4                SPI2_IRQHandler
                0x080002a4                OTG_HS_EP1_IN_IRQHandler
                0x080002a4                MemManage_Handler
                0x080002a4                DMA1_Stream0_IRQHandler
                0x080002a4                CAN1_TX_IRQHandler
                0x080002a4                SVC_Handler
                0x080002a4                EXTI4_IRQHandler
                0x080002a4                FSMC_IRQHandler
                0x080002a4                ETH_IRQHandler
                0x080002a4                OTG_HS_EP1_OUT_IRQHandler
                0x080002a4                WWDG_IRQHandler
                0x080002a4                TIM2_IRQHandler
                0x080002a4                OTG_FS_WKUP_IRQHandler
                0x080002a4                TIM1_TRG_COM_TIM11_IRQHandler
                0x080002a4                OTG_HS_IRQHandler
                0x080002a4                EXTI1_IRQHandler
                0x080002a4                USART2_IRQHandler
                0x080002a4                I2C2_ER_IRQHandler
                0x080002a4                DMA2_Stream1_IRQHandler
                0x080002a4                CAN1_SCE_IRQHandler
                0x080002a4                FLASH_IRQHandler
                0x080002a4                DMA2_Stream4_IRQHandler
                0x080002a4                BusFault_Handler
                0x080002a4                USART1_IRQHandler
                0x080002a4                OTG_FS_IRQHandler
                0x080002a4                SPI3_IRQHandler
                0x080002a4                DMA1_Stream4_IRQHandler
                0x080002a4                I2C1_ER_IRQHandler
                0x080002a4                DMA2_Stream6_IRQHandler
                0x080002a4                DMA1_Stream3_IRQHandler
 *fill*         0x080002a6        0x2 
 .text.pinmap_pinout
                0x080002a8       0x3c ../Libraries/mbed/common/pinmap_common.o
                0x080002a8                pinmap_pinout
 .text.pinmap_merge
                0x080002e4       0x24 ../Libraries/mbed/common/pinmap_common.o
                0x080002e4                pinmap_merge
 .text.pinmap_find_peripheral
                0x08000308       0x18 ../Libraries/mbed/common/pinmap_common.o
                0x08000308                pinmap_find_peripheral
 .text.pinmap_peripheral
                0x08000320       0x20 ../Libraries/mbed/common/pinmap_common.o
                0x08000320                pinmap_peripheral
 .text.mbed_die
                0x08000340       0x28 ../Libraries/mbed/common/board.o
                0x08000340                mbed_die
 .text.ticker_set_handler
                0x08000368       0x12 ../Libraries/mbed/common/ticker_api.o
                0x08000368                ticker_set_handler
 .text.ticker_irq_handler
                0x0800037a       0x48 ../Libraries/mbed/common/ticker_api.o
                0x0800037a                ticker_irq_handler
 .text.ticker_insert_event
                0x080003c2       0x36 ../Libraries/mbed/common/ticker_api.o
                0x080003c2                ticker_insert_event
 .text.ticker_remove_event
                0x080003f8       0x34 ../Libraries/mbed/common/ticker_api.o
                0x080003f8                ticker_remove_event
 .text.ticker_read
                0x0800042c        0x6 ../Libraries/mbed/common/ticker_api.o
                0x0800042c                ticker_read
 .text.gpio_init_out_ex
                0x08000432       0x30 ../Libraries/mbed/common/gpio.o
                0x08000432                gpio_init_out_ex
 .text.gpio_init_out
                0x08000462        0x6 ../Libraries/mbed/common/gpio.o
                0x08000462                gpio_init_out
 .text.error    0x08000468       0x20 ../Libraries/mbed/common/error.o
                0x08000468                error
 .text.wait_us  0x08000488       0x16 ../Libraries/mbed/common/wait_api.o
                0x08000488                wait_us
 .text.wait_ms  0x0800049e        0xa ../Libraries/mbed/common/wait_api.o
                0x0800049e                wait_ms
 .text.get_us_ticker_data
                0x080004a8        0x8 ../Libraries/mbed/common/us_ticker_api.o
                0x080004a8                get_us_ticker_data
 .text.us_ticker_irq_handler
                0x080004b0        0xc ../Libraries/mbed/common/us_ticker_api.o
                0x080004b0                us_ticker_irq_handler
 .text.Set_GPIO_Clock
                0x080004bc      0x128 ../Libraries/mbed/targets/hal/TARGET_STM/TARGET_STM32F4/pinmap.o
                0x080004bc                Set_GPIO_Clock
 .text.pin_function
                0x080005e4       0x44 ../Libraries/mbed/targets/hal/TARGET_STM/TARGET_STM32F4/pinmap.o
                0x080005e4                pin_function
 .text.pin_mode
                0x08000628       0x2e ../Libraries/mbed/targets/hal/TARGET_STM/TARGET_STM32F4/pinmap.o
                0x08000628                pin_mode
 .text.mbed_sdk_init
                0x08000656        0xe ../Libraries/mbed/targets/hal/TARGET_STM/TARGET_STM32F4/mbed_overrides.o
                0x08000656                mbed_sdk_init
 .text.init_uart
                0x08000664       0x54 ../Libraries/mbed/targets/hal/TARGET_STM/TARGET_STM32F4/serial_api.o
 .text.serial_init
                0x080006b8      0x170 ../Libraries/mbed/targets/hal/TARGET_STM/TARGET_STM32F4/serial_api.o
                0x080006b8                serial_init
 .text.serial_readable
                0x08000828       0x14 ../Libraries/mbed/targets/hal/TARGET_STM/TARGET_STM32F4/serial_api.o
                0x08000828                serial_readable
 .text.serial_getc
                0x0800083c       0x18 ../Libraries/mbed/targets/hal/TARGET_STM/TARGET_STM32F4/serial_api.o
                0x0800083c                serial_getc
 .text.serial_writable
                0x08000854       0x14 ../Libraries/mbed/targets/hal/TARGET_STM/TARGET_STM32F4/serial_api.o
                0x08000854                serial_writable
 .text.serial_putc
                0x08000868       0x1a ../Libraries/mbed/targets/hal/TARGET_STM/TARGET_STM32F4/serial_api.o
                0x08000868                serial_putc
 *fill*         0x08000882        0x2 
 .text.us_ticker_init
                0x08000884       0x24 ../Libraries/mbed/targets/hal/TARGET_STM/TARGET_STM32F4/us_ticker.o
                0x08000884                us_ticker_init
 .text.us_ticker_read
                0x080008a8       0x1c ../Libraries/mbed/targets/hal/TARGET_STM/TARGET_STM32F4/us_ticker.o
                0x080008a8                us_ticker_read
 .text.us_ticker_set_interrupt
                0x080008c4       0x14 ../Libraries/mbed/targets/hal/TARGET_STM/TARGET_STM32F4/us_ticker.o
                0x080008c4                us_ticker_set_interrupt
 .text.us_ticker_disable_interrupt
                0x080008d8       0x14 ../Libraries/mbed/targets/hal/TARGET_STM/TARGET_STM32F4/us_ticker.o
                0x080008d8                us_ticker_disable_interrupt
 .text.us_ticker_clear_interrupt
                0x080008ec       0x10 ../Libraries/mbed/targets/hal/TARGET_STM/TARGET_STM32F4/us_ticker.o
                0x080008ec                us_ticker_clear_interrupt
 .text.gpio_set
                0x080008fc       0x14 ../Libraries/mbed/targets/hal/TARGET_STM/TARGET_STM32F4/gpio_api.o
                0x080008fc                gpio_set
 .text.gpio_init
                0x08000910       0x2a ../Libraries/mbed/targets/hal/TARGET_STM/TARGET_STM32F4/gpio_api.o
                0x08000910                gpio_init
 .text.gpio_mode
                0x0800093a        0x8 ../Libraries/mbed/targets/hal/TARGET_STM/TARGET_STM32F4/gpio_api.o
                0x0800093a                gpio_mode
 .text.gpio_dir
                0x08000942        0xe ../Libraries/mbed/targets/hal/TARGET_STM/TARGET_STM32F4/gpio_api.o
                0x08000942                gpio_dir
 .text.HAL_RCC_OscConfig
                0x08000950      0x320 ../Libraries/mbed/targets/cmsis/TARGET_STM/TARGET_STM32F4/stm32f4xx_hal_rcc.o
                0x08000950                HAL_RCC_OscConfig
 .text.HAL_RCC_ClockConfig
                0x08000c70      0x208 ../Libraries/mbed/targets/cmsis/TARGET_STM/TARGET_STM32F4/stm32f4xx_hal_rcc.o
                0x08000c70                HAL_RCC_ClockConfig
 .text.HAL_RCC_GetSysClockFreq
                0x08000e78       0x84 ../Libraries/mbed/targets/cmsis/TARGET_STM/TARGET_STM32F4/stm32f4xx_hal_rcc.o
                0x08000e78                HAL_RCC_GetSysClockFreq
 .text.HAL_RCC_GetHCLKFreq
                0x08000efc       0x38 ../Libraries/mbed/targets/cmsis/TARGET_STM/TARGET_STM32F4/stm32f4xx_hal_rcc.o
                0x08000efc                HAL_RCC_GetHCLKFreq
 .text.HAL_RCC_GetPCLK1Freq
                0x08000f34       0x30 ../Libraries/mbed/targets/cmsis/TARGET_STM/TARGET_STM32F4/stm32f4xx_hal_rcc.o
                0x08000f34                HAL_RCC_GetPCLK1Freq
 .text.HAL_RCC_GetPCLK2Freq
                0x08000f64       0x30 ../Libraries/mbed/targets/cmsis/TARGET_STM/TARGET_STM32F4/stm32f4xx_hal_rcc.o
                0x08000f64                HAL_RCC_GetPCLK2Freq
 .text.HAL_NVIC_SetPriorityGrouping
                0x08000f94       0x24 ../Libraries/mbed/targets/cmsis/TARGET_STM/TARGET_STM32F4/stm32f4xx_hal_cortex.o
                0x08000f94                HAL_NVIC_SetPriorityGrouping
 .text.UART_SetConfig
                0x08000fb8      0x148 ../Libraries/mbed/targets/cmsis/TARGET_STM/TARGET_STM32F4/stm32f4xx_hal_uart.o
 .text.HAL_UART_MspInit
                0x08001100        0x2 ../Libraries/mbed/targets/cmsis/TARGET_STM/TARGET_STM32F4/stm32f4xx_hal_uart.o
                0x08001100                HAL_UART_MspInit
 .text.HAL_UART_Init
                0x08001102       0x58 ../Libraries/mbed/targets/cmsis/TARGET_STM/TARGET_STM32F4/stm32f4xx_hal_uart.o
                0x08001102                HAL_UART_Init
 .text.HAL_TIM_OC_MspInit
                0x0800115a        0x2 ../Libraries/mbed/targets/cmsis/TARGET_STM/TARGET_STM32F4/stm32f4xx_hal_tim.o
                0x0800115a                HAL_TIM_OC_MspInit
 .text.TIM_Base_SetConfig
                0x0800115c       0xc8 ../Libraries/mbed/targets/cmsis/TARGET_STM/TARGET_STM32F4/stm32f4xx_hal_tim.o
                0x0800115c                TIM_Base_SetConfig
 .text.HAL_TIM_OC_Init
                0x08001224       0x34 ../Libraries/mbed/targets/cmsis/TARGET_STM/TARGET_STM32F4/stm32f4xx_hal_tim.o
                0x08001224                HAL_TIM_OC_Init
 .text.TIM_CCxChannelCmd
                0x08001258       0x18 ../Libraries/mbed/targets/cmsis/TARGET_STM/TARGET_STM32F4/stm32f4xx_hal_tim.o
                0x08001258                TIM_CCxChannelCmd
 .text.HAL_TIM_OC_Start
                0x08001270       0x34 ../Libraries/mbed/targets/cmsis/TARGET_STM/TARGET_STM32F4/stm32f4xx_hal_tim.o
                0x08001270                HAL_TIM_OC_Start
 .text.HAL_MspInit
                0x080012a4        0x2 ../Libraries/mbed/targets/cmsis/TARGET_STM/TARGET_STM32F4/stm32f4xx_hal.o
                0x080012a4                HAL_MspInit
 *fill*         0x080012a6        0x2 
 .text.HAL_Init
                0x080012a8       0x2c ../Libraries/mbed/targets/cmsis/TARGET_STM/TARGET_STM32F4/stm32f4xx_hal.o
                0x080012a8                HAL_Init
 .text.HAL_IncTick
                0x080012d4       0x10 ../Libraries/mbed/targets/cmsis/TARGET_STM/TARGET_STM32F4/stm32f4xx_hal.o
                0x080012d4                HAL_IncTick
 .text.HAL_GetTick
                0x080012e4        0xc ../Libraries/mbed/targets/cmsis/TARGET_STM/TARGET_STM32F4/stm32f4xx_hal.o
                0x080012e4                HAL_GetTick
 .text.HAL_GPIO_Init
                0x080012f0      0x1c8 ../Libraries/mbed/targets/cmsis/TARGET_STM/TARGET_STM32F4/stm32f4xx_hal_gpio.o
                0x080012f0                HAL_GPIO_Init
 .text.timer_irq_handler
                0x080014b8       0x50 ../Libraries/mbed/targets/cmsis/TARGET_STM/TARGET_STM32F4/TARGET_STM32F407VG/hal_tick.o
                0x080014b8                timer_irq_handler
 .text.HAL_InitTick
                0x08001508       0xbc ../Libraries/mbed/targets/cmsis/TARGET_STM/TARGET_STM32F4/TARGET_STM32F407VG/hal_tick.o
                0x08001508                HAL_InitTick
 .text.NVIC_SetVector
                0x080015c4       0x40 ../Libraries/mbed/targets/cmsis/TARGET_STM/TARGET_STM32F4/TARGET_STM32F407VG/cmsis_nvic.o
                0x080015c4                NVIC_SetVector
 .text.SystemCoreClockUpdate
                0x08001604       0x74 ../Libraries/mbed/targets/cmsis/TARGET_STM/TARGET_STM32F4/TARGET_STM32F407VG/system_stm32f4xx.o
                0x08001604                SystemCoreClockUpdate
 .text.SetSysClock_PLL_HSE
                0x08001678       0x90 ../Libraries/mbed/targets/cmsis/TARGET_STM/TARGET_STM32F4/TARGET_STM32F407VG/system_stm32f4xx.o
                0x08001678                SetSysClock_PLL_HSE
 .text.SetSysClock_PLL_HSI
                0x08001708       0x8c ../Libraries/mbed/targets/cmsis/TARGET_STM/TARGET_STM32F4/TARGET_STM32F407VG/system_stm32f4xx.o
                0x08001708                SetSysClock_PLL_HSI
 .text.SetSysClock
                0x08001794       0x1a ../Libraries/mbed/targets/cmsis/TARGET_STM/TARGET_STM32F4/TARGET_STM32F407VG/system_stm32f4xx.o
                0x08001794                SetSysClock
 *fill*         0x080017ae        0x2 
 .text.SystemInit
                0x080017b0       0x78 ../Libraries/mbed/targets/cmsis/TARGET_STM/TARGET_STM32F4/TARGET_STM32F407VG/system_stm32f4xx.o
                0x080017b0                SystemInit
 .text._ZN4mbed6TickerD2Ev
                0x08001828       0x1c main.o
                0x08001828                mbed::Ticker::~Ticker()
                0x08001828                mbed::Ticker::~Ticker()
 .text._Z9togglePinv
                0x08001844       0x18 main.o
                0x08001844                togglePin()
 .text._ZN4mbed6TickerD0Ev
                0x0800185c       0x12 main.o
                0x0800185c                mbed::Ticker::~Ticker()
 *fill*         0x0800186e        0x2 
 .text.startup.main
                0x08001870       0x20 main.o
                0x08001870                main
 .text.startup._GLOBAL__sub_I_tick
                0x08001890       0x4c main.o
 .text._ZL11init_serialv
                0x080018dc       0x1c ../Libraries/mbed/common/retarget.o
 .text._close   0x080018f8       0x2c ../Libraries/mbed/common/retarget.o
                0x080018f8                _close
 .text._write   0x08001924       0x50 ../Libraries/mbed/common/retarget.o
                0x08001924                _write
 .text._read    0x08001974       0x44 ../Libraries/mbed/common/retarget.o
                0x08001974                _read
 .text._isatty  0x080019b8       0x24 ../Libraries/mbed/common/retarget.o
                0x080019b8                _isatty
 .text._lseek   0x080019dc       0x24 ../Libraries/mbed/common/retarget.o
                0x080019dc                _lseek
 .text._fstat   0x08001a00       0x1e ../Libraries/mbed/common/retarget.o
                0x08001a00                _fstat
 .text.__cxa_pure_virtual
                0x08001a1e        0x8 ../Libraries/mbed/common/retarget.o
                0x08001a1e                __cxa_pure_virtual
 .text.mbed_main
                0x08001a26        0x2 ../Libraries/mbed/common/retarget.o
                0x08001a26                mbed_main
 .text.__wrap_main
                0x08001a28       0x12 ../Libraries/mbed/common/retarget.o
                0x08001a28                __wrap_main
 *fill*         0x08001a3a        0x2 
 .text._sbrk    0x08001a3c       0x28 ../Libraries/mbed/common/retarget.o
                0x08001a3c                _sbrk
 .text._exit    0x08001a64       0x24 ../Libraries/mbed/common/retarget.o
                0x08001a64                _exit
 .text._ZN4mbed6Ticker7handlerEv
                0x08001a88       0x2c ../Libraries/mbed/common/Ticker.o
                0x08001a88                mbed::Ticker::handler()
 .text._ZN4mbed6Ticker6detachEv
                0x08001ab4       0x10 ../Libraries/mbed/common/Ticker.o
                0x08001ab4                mbed::Ticker::detach()
 .text._ZN4mbed6Ticker5setupEm
                0x08001ac4       0x1e ../Libraries/mbed/common/Ticker.o
                0x08001ac4                mbed::Ticker::setup(unsigned long)
 .text._ZN4mbed10TimerEvent3irqEm
                0x08001ae2        0x6 ../Libraries/mbed/common/TimerEvent.o
                0x08001ae2                mbed::TimerEvent::irq(unsigned long)
 .text._ZN4mbed10TimerEventC2Ev
                0x08001ae8       0x28 ../Libraries/mbed/common/TimerEvent.o
                0x08001ae8                mbed::TimerEvent::TimerEvent()
                0x08001ae8                mbed::TimerEvent::TimerEvent()
 .text._ZN4mbed10TimerEvent6insertEm
                0x08001b10        0xc ../Libraries/mbed/common/TimerEvent.o
                0x08001b10                mbed::TimerEvent::insert(unsigned long)
 .text._ZN4mbed10TimerEvent6removeEv
                0x08001b1c        0xa ../Libraries/mbed/common/TimerEvent.o
                0x08001b1c                mbed::TimerEvent::remove()
 *fill*         0x08001b26        0x2 
 .text._ZN4mbed10TimerEventD2Ev
                0x08001b28       0x14 ../Libraries/mbed/common/TimerEvent.o
                0x08001b28                mbed::TimerEvent::~TimerEvent()
                0x08001b28                mbed::TimerEvent::~TimerEvent()
 .text._ZdlPv   0x08001b3c        0x4 /home/rmcbee/bin/gcc-toolchain/bin/../lib/gcc/arm-none-eabi/4.9.3/../../../../arm-none-eabi/lib/armv7e-m/softfp/libstdc++_nano.a(del_op.o)
                0x08001b3c                operator delete(void*)
 .text.__aeabi_atexit
                0x08001b40        0xa /home/rmcbee/bin/gcc-toolchain/bin/../lib/gcc/arm-none-eabi/4.9.3/../../../../arm-none-eabi/lib/armv7e-m/softfp/libstdc++_nano.a(atexit_arm.o)
                0x08001b40                __aeabi_atexit
 *fill*         0x08001b4a        0x2 
 .text.__cxa_atexit
                0x08001b4c       0x1c /home/rmcbee/bin/gcc-toolchain/bin/../lib/gcc/arm-none-eabi/4.9.3/../../../../arm-none-eabi/lib/armv7e-m/softfp/libc_nano.a(lib_a-cxa_atexit.o)
                0x08001b4c                __cxa_atexit
 .text.__errno  0x08001b68        0xc /home/rmcbee/bin/gcc-toolchain/bin/../lib/gcc/arm-none-eabi/4.9.3/../../../../arm-none-eabi/lib/armv7e-m/softfp/libc_nano.a(lib_a-errno.o)
                0x08001b68                __errno
 .text.exit     0x08001b74       0x28 /home/rmcbee/bin/gcc-toolchain/bin/../lib/gcc/arm-none-eabi/4.9.3/../../../../arm-none-eabi/lib/armv7e-m/softfp/libc_nano.a(lib_a-exit.o)
                0x08001b74                exit
 .text.__sflush_r
                0x08001b9c      0x108 /home/rmcbee/bin/gcc-toolchain/bin/../lib/gcc/arm-none-eabi/4.9.3/../../../../arm-none-eabi/lib/armv7e-m/softfp/libc_nano.a(lib_a-fflush.o)
                0x08001b9c                __sflush_r
 .text._fflush_r
                0x08001ca4       0x54 /home/rmcbee/bin/gcc-toolchain/bin/../lib/gcc/arm-none-eabi/4.9.3/../../../../arm-none-eabi/lib/armv7e-m/softfp/libc_nano.a(lib_a-fflush.o)
                0x08001ca4                _fflush_r
 .text.fflush   0x08001cf8       0x24 /home/rmcbee/bin/gcc-toolchain/bin/../lib/gcc/arm-none-eabi/4.9.3/../../../../arm-none-eabi/lib/armv7e-m/softfp/libc_nano.a(lib_a-fflush.o)
                0x08001cf8                fflush
 .text._cleanup_r
                0x08001d1c        0xc /home/rmcbee/bin/gcc-toolchain/bin/../lib/gcc/arm-none-eabi/4.9.3/../../../../arm-none-eabi/lib/armv7e-m/softfp/libc_nano.a(lib_a-findfp.o)
                0x08001d1c                _cleanup_r
 .text.std.isra.0
                0x08001d28       0x48 /home/rmcbee/bin/gcc-toolchain/bin/../lib/gcc/arm-none-eabi/4.9.3/../../../../arm-none-eabi/lib/armv7e-m/softfp/libc_nano.a(lib_a-findfp.o)
 .text.__sfmoreglue
                0x08001d70       0x2c /home/rmcbee/bin/gcc-toolchain/bin/../lib/gcc/arm-none-eabi/4.9.3/../../../../arm-none-eabi/lib/armv7e-m/softfp/libc_nano.a(lib_a-findfp.o)
                0x08001d70                __sfmoreglue
 .text.__sinit  0x08001d9c       0x60 /home/rmcbee/bin/gcc-toolchain/bin/../lib/gcc/arm-none-eabi/4.9.3/../../../../arm-none-eabi/lib/armv7e-m/softfp/libc_nano.a(lib_a-findfp.o)
                0x08001d9c                __sinit
 .text.__sfp    0x08001dfc       0x74 /home/rmcbee/bin/gcc-toolchain/bin/../lib/gcc/arm-none-eabi/4.9.3/../../../../arm-none-eabi/lib/armv7e-m/softfp/libc_nano.a(lib_a-findfp.o)
                0x08001dfc                __sfp
 .text._fwalk_reent
                0x08001e70       0x3c /home/rmcbee/bin/gcc-toolchain/bin/../lib/gcc/arm-none-eabi/4.9.3/../../../../arm-none-eabi/lib/armv7e-m/softfp/libc_nano.a(lib_a-fwalk.o)
                0x08001e70                _fwalk_reent
 .text.__libc_init_array
                0x08001eac       0x4c /home/rmcbee/bin/gcc-toolchain/bin/../lib/gcc/arm-none-eabi/4.9.3/../../../../arm-none-eabi/lib/armv7e-m/softfp/libc_nano.a(lib_a-init.o)
                0x08001eac                __libc_init_array
 .text.__smakebuf_r
                0x08001ef8       0x9c /home/rmcbee/bin/gcc-toolchain/bin/../lib/gcc/arm-none-eabi/4.9.3/../../../../arm-none-eabi/lib/armv7e-m/softfp/libc_nano.a(lib_a-makebuf.o)
                0x08001ef8                __smakebuf_r
 .text.malloc   0x08001f94       0x10 /home/rmcbee/bin/gcc-toolchain/bin/../lib/gcc/arm-none-eabi/4.9.3/../../../../arm-none-eabi/lib/armv7e-m/softfp/libc_nano.a(lib_a-malloc.o)
                0x08001f94                malloc
 .text.free     0x08001fa4       0x10 /home/rmcbee/bin/gcc-toolchain/bin/../lib/gcc/arm-none-eabi/4.9.3/../../../../arm-none-eabi/lib/armv7e-m/softfp/libc_nano.a(lib_a-malloc.o)
                0x08001fa4                free
 .text.memchr   0x08001fb4       0x1e /home/rmcbee/bin/gcc-toolchain/bin/../lib/gcc/arm-none-eabi/4.9.3/../../../../arm-none-eabi/lib/armv7e-m/softfp/libc_nano.a(lib_a-memchr.o)
                0x08001fb4                memchr
 .text.memcpy   0x08001fd2       0x16 /home/rmcbee/bin/gcc-toolchain/bin/../lib/gcc/arm-none-eabi/4.9.3/../../../../arm-none-eabi/lib/armv7e-m/softfp/libc_nano.a(lib_a-memcpy.o)
                0x08001fd2                memcpy
 .text.memmove  0x08001fe8       0x36 /home/rmcbee/bin/gcc-toolchain/bin/../lib/gcc/arm-none-eabi/4.9.3/../../../../arm-none-eabi/lib/armv7e-m/softfp/libc_nano.a(lib_a-memmove.o)
                0x08001fe8                memmove
 .text.memset   0x0800201e       0x10 /home/rmcbee/bin/gcc-toolchain/bin/../lib/gcc/arm-none-eabi/4.9.3/../../../../arm-none-eabi/lib/armv7e-m/softfp/libc_nano.a(lib_a-memset.o)
                0x0800201e                memset
 *fill*         0x0800202e        0x2 
 .text._free_r  0x08002030       0x88 /home/rmcbee/bin/gcc-toolchain/bin/../lib/gcc/arm-none-eabi/4.9.3/../../../../arm-none-eabi/lib/armv7e-m/softfp/libc_nano.a(lib_a-nano-freer.o)
                0x08002030                _free_r
 .text._malloc_r
                0x080020b8       0xac /home/rmcbee/bin/gcc-toolchain/bin/../lib/gcc/arm-none-eabi/4.9.3/../../../../arm-none-eabi/lib/armv7e-m/softfp/libc_nano.a(lib_a-nano-mallocr.o)
                0x080020b8                _malloc_r
 .text.__sfputc_r
                0x08002164       0x2c /home/rmcbee/bin/gcc-toolchain/bin/../lib/gcc/arm-none-eabi/4.9.3/../../../../arm-none-eabi/lib/armv7e-m/softfp/libc_nano.a(lib_a-nano-vfprintf.o)
 .text.__sfputs_r
                0x08002190       0x24 /home/rmcbee/bin/gcc-toolchain/bin/../lib/gcc/arm-none-eabi/4.9.3/../../../../arm-none-eabi/lib/armv7e-m/softfp/libc_nano.a(lib_a-nano-vfprintf.o)
                0x08002190                __sfputs_r
 .text._vfprintf_r
                0x080021b4      0x210 /home/rmcbee/bin/gcc-toolchain/bin/../lib/gcc/arm-none-eabi/4.9.3/../../../../arm-none-eabi/lib/armv7e-m/softfp/libc_nano.a(lib_a-nano-vfprintf.o)
                0x080021b4                _vfiprintf_r
                0x080021b4                _vfprintf_r
 .text.vfprintf
                0x080023c4       0x1c /home/rmcbee/bin/gcc-toolchain/bin/../lib/gcc/arm-none-eabi/4.9.3/../../../../arm-none-eabi/lib/armv7e-m/softfp/libc_nano.a(lib_a-nano-vfprintf.o)
                0x080023c4                vfiprintf
                0x080023c4                vfprintf
 .text.__cvt    0x080023e0       0xc0 /home/rmcbee/bin/gcc-toolchain/bin/../lib/gcc/arm-none-eabi/4.9.3/../../../../arm-none-eabi/lib/armv7e-m/softfp/libc_nano.a(lib_a-nano-vfprintf_float.o)
                0x080023e0                __cvt
 .text.__exponent
                0x080024a0       0x60 /home/rmcbee/bin/gcc-toolchain/bin/../lib/gcc/arm-none-eabi/4.9.3/../../../../arm-none-eabi/lib/armv7e-m/softfp/libc_nano.a(lib_a-nano-vfprintf_float.o)
                0x080024a0                __exponent
 .text._printf_float
                0x08002500      0x48c /home/rmcbee/bin/gcc-toolchain/bin/../lib/gcc/arm-none-eabi/4.9.3/../../../../arm-none-eabi/lib/armv7e-m/softfp/libc_nano.a(lib_a-nano-vfprintf_float.o)
                0x08002500                _printf_float
 .text._printf_common
                0x0800298c       0xea /home/rmcbee/bin/gcc-toolchain/bin/../lib/gcc/arm-none-eabi/4.9.3/../../../../arm-none-eabi/lib/armv7e-m/softfp/libc_nano.a(lib_a-nano-vfprintf_i.o)
                0x0800298c                _printf_common
 *fill*         0x08002a76        0x2 
 .text._printf_i
                0x08002a78      0x240 /home/rmcbee/bin/gcc-toolchain/bin/../lib/gcc/arm-none-eabi/4.9.3/../../../../arm-none-eabi/lib/armv7e-m/softfp/libc_nano.a(lib_a-nano-vfprintf_i.o)
                0x08002a78                _printf_i
 .text._scanf_float
                0x08002cb8      0x3cc /home/rmcbee/bin/gcc-toolchain/bin/../lib/gcc/arm-none-eabi/4.9.3/../../../../arm-none-eabi/lib/armv7e-m/softfp/libc_nano.a(lib_a-nano-vfscanf_float.o)
                0x08002cb8                _scanf_float
 .text.__fpclassifyd
                0x08003084       0x54 /home/rmcbee/bin/gcc-toolchain/bin/../lib/gcc/arm-none-eabi/4.9.3/../../../../arm-none-eabi/lib/armv7e-m/softfp/libc_nano.a(lib_a-s_fpclassify.o)
                0x08003084                __fpclassifyd
 .text._sbrk_r  0x080030d8       0x20 /home/rmcbee/bin/gcc-toolchain/bin/../lib/gcc/arm-none-eabi/4.9.3/../../../../arm-none-eabi/lib/armv7e-m/softfp/libc_nano.a(lib_a-sbrkr.o)
                0x080030d8                _sbrk_r
 .text.nanf     0x080030f8        0x8 /home/rmcbee/bin/gcc-toolchain/bin/../lib/gcc/arm-none-eabi/4.9.3/../../../../arm-none-eabi/lib/armv7e-m/softfp/libc_nano.a(lib_a-sf_nan.o)
                0x080030f8                nanf
 .text.sprintf  0x08003100       0x48 /home/rmcbee/bin/gcc-toolchain/bin/../lib/gcc/arm-none-eabi/4.9.3/../../../../arm-none-eabi/lib/armv7e-m/softfp/libc_nano.a(lib_a-sprintf.o)
                0x08003100                sprintf
                0x08003100                siprintf
 .text.__sread  0x08003148       0x22 /home/rmcbee/bin/gcc-toolchain/bin/../lib/gcc/arm-none-eabi/4.9.3/../../../../arm-none-eabi/lib/armv7e-m/softfp/libc_nano.a(lib_a-stdio.o)
                0x08003148                __sread
 .text.__swrite
                0x0800316a       0x38 /home/rmcbee/bin/gcc-toolchain/bin/../lib/gcc/arm-none-eabi/4.9.3/../../../../arm-none-eabi/lib/armv7e-m/softfp/libc_nano.a(lib_a-stdio.o)
                0x0800316a                __swrite
 .text.__sseek  0x080031a2       0x24 /home/rmcbee/bin/gcc-toolchain/bin/../lib/gcc/arm-none-eabi/4.9.3/../../../../arm-none-eabi/lib/armv7e-m/softfp/libc_nano.a(lib_a-stdio.o)
                0x080031a2                __sseek
 .text.__sclose
                0x080031c6        0x8 /home/rmcbee/bin/gcc-toolchain/bin/../lib/gcc/arm-none-eabi/4.9.3/../../../../arm-none-eabi/lib/armv7e-m/softfp/libc_nano.a(lib_a-stdio.o)
                0x080031c6                __sclose
 .text.strlen   0x080031ce       0x10 /home/rmcbee/bin/gcc-toolchain/bin/../lib/gcc/arm-none-eabi/4.9.3/../../../../arm-none-eabi/lib/armv7e-m/softfp/libc_nano.a(lib_a-strlen.o)
                0x080031ce                strlen
 .text.strncmp  0x080031de       0x34 /home/rmcbee/bin/gcc-toolchain/bin/../lib/gcc/arm-none-eabi/4.9.3/../../../../arm-none-eabi/lib/armv7e-m/softfp/libc_nano.a(lib_a-strncmp.o)
                0x080031de                strncmp
 .text.match    0x08003212       0x26 /home/rmcbee/bin/gcc-toolchain/bin/../lib/gcc/arm-none-eabi/4.9.3/../../../../arm-none-eabi/lib/armv7e-m/softfp/libc_nano.a(lib_a-strtod.o)
 .text.sulp     0x08003238       0x42 /home/rmcbee/bin/gcc-toolchain/bin/../lib/gcc/arm-none-eabi/4.9.3/../../../../arm-none-eabi/lib/armv7e-m/softfp/libc_nano.a(lib_a-strtod.o)
 *fill*         0x0800327a        0x6 
 .text._strtod_r
                0x08003280      0xc28 /home/rmcbee/bin/gcc-toolchain/bin/../lib/gcc/arm-none-eabi/4.9.3/../../../../arm-none-eabi/lib/armv7e-m/softfp/libc_nano.a(lib_a-strtod.o)
                0x08003280                _strtod_r
 .text._strtol_r
                0x08003ea8      0x10c /home/rmcbee/bin/gcc-toolchain/bin/../lib/gcc/arm-none-eabi/4.9.3/../../../../arm-none-eabi/lib/armv7e-m/softfp/libc_nano.a(lib_a-strtol.o)
                0x08003ea8                _strtol_r
 .text.__swbuf_r
                0x08003fb4       0xa8 /home/rmcbee/bin/gcc-toolchain/bin/../lib/gcc/arm-none-eabi/4.9.3/../../../../arm-none-eabi/lib/armv7e-m/softfp/libc_nano.a(lib_a-wbuf.o)
                0x08003fb4                __swbuf_r
 .text._write_r
                0x0800405c       0x24 /home/rmcbee/bin/gcc-toolchain/bin/../lib/gcc/arm-none-eabi/4.9.3/../../../../arm-none-eabi/lib/armv7e-m/softfp/libc_nano.a(lib_a-writer.o)
                0x0800405c                _write_r
 .text.__swsetup_r
                0x08004080       0xd8 /home/rmcbee/bin/gcc-toolchain/bin/../lib/gcc/arm-none-eabi/4.9.3/../../../../arm-none-eabi/lib/armv7e-m/softfp/libc_nano.a(lib_a-wsetup.o)
                0x08004080                __swsetup_r
 .text._close_r
                0x08004158       0x20 /home/rmcbee/bin/gcc-toolchain/bin/../lib/gcc/arm-none-eabi/4.9.3/../../../../arm-none-eabi/lib/armv7e-m/softfp/libc_nano.a(lib_a-closer.o)
                0x08004158                _close_r
 .text.quorem   0x08004178      0x11a /home/rmcbee/bin/gcc-toolchain/bin/../lib/gcc/arm-none-eabi/4.9.3/../../../../arm-none-eabi/lib/armv7e-m/softfp/libc_nano.a(lib_a-dtoa.o)
 *fill*         0x08004292        0x6 
 .text._dtoa_r  0x08004298      0xb88 /home/rmcbee/bin/gcc-toolchain/bin/../lib/gcc/arm-none-eabi/4.9.3/../../../../arm-none-eabi/lib/armv7e-m/softfp/libc_nano.a(lib_a-dtoa.o)
                0x08004298                _dtoa_r
 .text._fstat_r
                0x08004e20       0x24 /home/rmcbee/bin/gcc-toolchain/bin/../lib/gcc/arm-none-eabi/4.9.3/../../../../arm-none-eabi/lib/armv7e-m/softfp/libc_nano.a(lib_a-fstatr.o)
                0x08004e20                _fstat_r
 .text.rshift   0x08004e44       0x6c /home/rmcbee/bin/gcc-toolchain/bin/../lib/gcc/arm-none-eabi/4.9.3/../../../../arm-none-eabi/lib/armv7e-m/softfp/libc_nano.a(lib_a-gdtoa-gethex.o)
 .text.__hexdig_fun
                0x08004eb0       0x2a /home/rmcbee/bin/gcc-toolchain/bin/../lib/gcc/arm-none-eabi/4.9.3/../../../../arm-none-eabi/lib/armv7e-m/softfp/libc_nano.a(lib_a-gdtoa-gethex.o)
                0x08004eb0                __hexdig_fun
 .text.__gethex
                0x08004eda      0x44a /home/rmcbee/bin/gcc-toolchain/bin/../lib/gcc/arm-none-eabi/4.9.3/../../../../arm-none-eabi/lib/armv7e-m/softfp/libc_nano.a(lib_a-gdtoa-gethex.o)
                0x08004eda                __gethex
 .text.L_shift  0x08005324       0x24 /home/rmcbee/bin/gcc-toolchain/bin/../lib/gcc/arm-none-eabi/4.9.3/../../../../arm-none-eabi/lib/armv7e-m/softfp/libc_nano.a(lib_a-gdtoa-hexnan.o)
 .text.__hexnan
                0x08005348      0x114 /home/rmcbee/bin/gcc-toolchain/bin/../lib/gcc/arm-none-eabi/4.9.3/../../../../arm-none-eabi/lib/armv7e-m/softfp/libc_nano.a(lib_a-gdtoa-hexnan.o)
                0x08005348                __hexnan
 .text._isatty_r
                0x0800545c       0x20 /home/rmcbee/bin/gcc-toolchain/bin/../lib/gcc/arm-none-eabi/4.9.3/../../../../arm-none-eabi/lib/armv7e-m/softfp/libc_nano.a(lib_a-isattyr.o)
                0x0800545c                _isatty_r
 .text._localeconv_r
                0x0800547c        0x8 /home/rmcbee/bin/gcc-toolchain/bin/../lib/gcc/arm-none-eabi/4.9.3/../../../../arm-none-eabi/lib/armv7e-m/softfp/libc_nano.a(lib_a-locale.o)
                0x0800547c                _localeconv_r
 .text._lseek_r
                0x08005484       0x24 /home/rmcbee/bin/gcc-toolchain/bin/../lib/gcc/arm-none-eabi/4.9.3/../../../../arm-none-eabi/lib/armv7e-m/softfp/libc_nano.a(lib_a-lseekr.o)
                0x08005484                _lseek_r
 .text._Balloc  0x080054a8       0x6a /home/rmcbee/bin/gcc-toolchain/bin/../lib/gcc/arm-none-eabi/4.9.3/../../../../arm-none-eabi/lib/armv7e-m/softfp/libc_nano.a(lib_a-mprec.o)
                0x080054a8                _Balloc
 .text._Bfree   0x08005512       0x2e /home/rmcbee/bin/gcc-toolchain/bin/../lib/gcc/arm-none-eabi/4.9.3/../../../../arm-none-eabi/lib/armv7e-m/softfp/libc_nano.a(lib_a-mprec.o)
                0x08005512                _Bfree
 .text.__multadd
                0x08005540       0x7c /home/rmcbee/bin/gcc-toolchain/bin/../lib/gcc/arm-none-eabi/4.9.3/../../../../arm-none-eabi/lib/armv7e-m/softfp/libc_nano.a(lib_a-mprec.o)
                0x08005540                __multadd
 .text.__s2b    0x080055bc       0x80 /home/rmcbee/bin/gcc-toolchain/bin/../lib/gcc/arm-none-eabi/4.9.3/../../../../arm-none-eabi/lib/armv7e-m/softfp/libc_nano.a(lib_a-mprec.o)
                0x080055bc                __s2b
 .text.__hi0bits
                0x0800563c       0x40 /home/rmcbee/bin/gcc-toolchain/bin/../lib/gcc/arm-none-eabi/4.9.3/../../../../arm-none-eabi/lib/armv7e-m/softfp/libc_nano.a(lib_a-mprec.o)
                0x0800563c                __hi0bits
 .text.__lo0bits
                0x0800567c       0x5a /home/rmcbee/bin/gcc-toolchain/bin/../lib/gcc/arm-none-eabi/4.9.3/../../../../arm-none-eabi/lib/armv7e-m/softfp/libc_nano.a(lib_a-mprec.o)
                0x0800567c                __lo0bits
 .text.__i2b    0x080056d6       0x12 /home/rmcbee/bin/gcc-toolchain/bin/../lib/gcc/arm-none-eabi/4.9.3/../../../../arm-none-eabi/lib/armv7e-m/softfp/libc_nano.a(lib_a-mprec.o)
                0x080056d6                __i2b
 .text.__multiply
                0x080056e8      0x122 /home/rmcbee/bin/gcc-toolchain/bin/../lib/gcc/arm-none-eabi/4.9.3/../../../../arm-none-eabi/lib/armv7e-m/softfp/libc_nano.a(lib_a-mprec.o)
                0x080056e8                __multiply
 *fill*         0x0800580a        0x2 
 .text.__pow5mult
                0x0800580c       0x9c /home/rmcbee/bin/gcc-toolchain/bin/../lib/gcc/arm-none-eabi/4.9.3/../../../../arm-none-eabi/lib/armv7e-m/softfp/libc_nano.a(lib_a-mprec.o)
                0x0800580c                __pow5mult
 .text.__lshift
                0x080058a8       0xa6 /home/rmcbee/bin/gcc-toolchain/bin/../lib/gcc/arm-none-eabi/4.9.3/../../../../arm-none-eabi/lib/armv7e-m/softfp/libc_nano.a(lib_a-mprec.o)
                0x080058a8                __lshift
 .text.__mcmp   0x0800594e       0x38 /home/rmcbee/bin/gcc-toolchain/bin/../lib/gcc/arm-none-eabi/4.9.3/../../../../arm-none-eabi/lib/armv7e-m/softfp/libc_nano.a(lib_a-mprec.o)
                0x0800594e                __mcmp
 .text.__mdiff  0x08005986       0xbe /home/rmcbee/bin/gcc-toolchain/bin/../lib/gcc/arm-none-eabi/4.9.3/../../../../arm-none-eabi/lib/armv7e-m/softfp/libc_nano.a(lib_a-mprec.o)
                0x08005986                __mdiff
 .text.__ulp    0x08005a44       0x48 /home/rmcbee/bin/gcc-toolchain/bin/../lib/gcc/arm-none-eabi/4.9.3/../../../../arm-none-eabi/lib/armv7e-m/softfp/libc_nano.a(lib_a-mprec.o)
                0x08005a44                __ulp
 .text.__b2d    0x08005a8c       0x9e /home/rmcbee/bin/gcc-toolchain/bin/../lib/gcc/arm-none-eabi/4.9.3/../../../../arm-none-eabi/lib/armv7e-m/softfp/libc_nano.a(lib_a-mprec.o)
                0x08005a8c                __b2d
 .text.__d2b    0x08005b2a       0xa4 /home/rmcbee/bin/gcc-toolchain/bin/../lib/gcc/arm-none-eabi/4.9.3/../../../../arm-none-eabi/lib/armv7e-m/softfp/libc_nano.a(lib_a-mprec.o)
                0x08005b2a                __d2b
 .text.__ratio  0x08005bce       0x52 /home/rmcbee/bin/gcc-toolchain/bin/../lib/gcc/arm-none-eabi/4.9.3/../../../../arm-none-eabi/lib/armv7e-m/softfp/libc_nano.a(lib_a-mprec.o)
                0x08005bce                __ratio
 .text.__copybits
                0x08005c20       0x34 /home/rmcbee/bin/gcc-toolchain/bin/../lib/gcc/arm-none-eabi/4.9.3/../../../../arm-none-eabi/lib/armv7e-m/softfp/libc_nano.a(lib_a-mprec.o)
                0x08005c20                __copybits
 .text.__any_on
                0x08005c54       0x44 /home/rmcbee/bin/gcc-toolchain/bin/../lib/gcc/arm-none-eabi/4.9.3/../../../../arm-none-eabi/lib/armv7e-m/softfp/libc_nano.a(lib_a-mprec.o)
                0x08005c54                __any_on
 .text._calloc_r
                0x08005c98       0x1c /home/rmcbee/bin/gcc-toolchain/bin/../lib/gcc/arm-none-eabi/4.9.3/../../../../arm-none-eabi/lib/armv7e-m/softfp/libc_nano.a(lib_a-nano-callocr.o)
                0x08005c98                _calloc_r
 .text._realloc_r
                0x08005cb4       0x4c /home/rmcbee/bin/gcc-toolchain/bin/../lib/gcc/arm-none-eabi/4.9.3/../../../../arm-none-eabi/lib/armv7e-m/softfp/libc_nano.a(lib_a-nano-reallocr.o)
                0x08005cb4                _realloc_r
 .text.__ssputs_r
                0x08005d00       0xb2 /home/rmcbee/bin/gcc-toolchain/bin/../lib/gcc/arm-none-eabi/4.9.3/../../../../arm-none-eabi/lib/armv7e-m/softfp/libc_nano.a(lib_a-nano-svfprintf.o)
                0x08005d00                __ssputs_r
 *fill*         0x08005db2        0x2 
 .text._svfprintf_r
                0x08005db4      0x1e4 /home/rmcbee/bin/gcc-toolchain/bin/../lib/gcc/arm-none-eabi/4.9.3/../../../../arm-none-eabi/lib/armv7e-m/softfp/libc_nano.a(lib_a-nano-svfprintf.o)
                0x08005db4                _svfprintf_r
                0x08005db4                _svfiprintf_r
 .text._read_r  0x08005f98       0x24 /home/rmcbee/bin/gcc-toolchain/bin/../lib/gcc/arm-none-eabi/4.9.3/../../../../arm-none-eabi/lib/armv7e-m/softfp/libc_nano.a(lib_a-readr.o)
                0x08005f98                _read_r
 .text._malloc_usable_size_r
                0x08005fbc       0x14 /home/rmcbee/bin/gcc-toolchain/bin/../lib/gcc/arm-none-eabi/4.9.3/../../../../arm-none-eabi/lib/armv7e-m/softfp/libc_nano.a(lib_a-nano-msizer.o)
                0x08005fbc                _malloc_usable_size_r
 .text          0x08005fd0      0x370 /home/rmcbee/bin/gcc-toolchain/bin/../lib/gcc/arm-none-eabi/4.9.3/armv7e-m/softfp/libgcc.a(_arm_addsubdf3.o)
                0x08005fd0                __aeabi_drsub
                0x08005fd8                __aeabi_dsub
                0x08005fd8                __subdf3
                0x08005fdc                __adddf3
                0x08005fdc                __aeabi_dadd
                0x08006254                __aeabi_ui2d
                0x08006254                __floatunsidf
                0x08006274                __floatsidf
                0x08006274                __aeabi_i2d
                0x08006298                __extendsfdf2
                0x08006298                __aeabi_f2d
                0x080062d4                __aeabi_ul2d
                0x080062d4                __floatundidf
                0x080062e4                __floatdidf
                0x080062e4                __aeabi_l2d
 .text          0x08006340      0x424 /home/rmcbee/bin/gcc-toolchain/bin/../lib/gcc/arm-none-eabi/4.9.3/armv7e-m/softfp/libgcc.a(_arm_muldivdf3.o)
                0x08006340                __aeabi_dmul
                0x08006340                __muldf3
                0x08006594                __aeabi_ddiv
                0x08006594                __divdf3
 .text          0x08006764      0x110 /home/rmcbee/bin/gcc-toolchain/bin/../lib/gcc/arm-none-eabi/4.9.3/armv7e-m/softfp/libgcc.a(_arm_cmpdf2.o)
                0x08006764                __gtdf2
                0x08006764                __gedf2
                0x0800676c                __ltdf2
                0x0800676c                __ledf2
                0x08006774                __cmpdf2
                0x08006774                __eqdf2
                0x08006774                __nedf2
                0x080067f0                __aeabi_cdrcmple
                0x08006800                __aeabi_cdcmple
                0x08006800                __aeabi_cdcmpeq
                0x08006810                __aeabi_dcmpeq
                0x08006824                __aeabi_dcmplt
                0x08006838                __aeabi_dcmple
                0x0800684c                __aeabi_dcmpge
                0x08006860                __aeabi_dcmpgt
 .text          0x08006874       0x50 /home/rmcbee/bin/gcc-toolchain/bin/../lib/gcc/arm-none-eabi/4.9.3/armv7e-m/softfp/libgcc.a(_arm_fixdfsi.o)
                0x08006874                __fixdfsi
                0x08006874                __aeabi_d2iz
 .text          0x080068c4       0x40 /home/rmcbee/bin/gcc-toolchain/bin/../lib/gcc/arm-none-eabi/4.9.3/armv7e-m/softfp/libgcc.a(_arm_fixunsdfsi.o)
                0x080068c4                __fixunsdfsi
                0x080068c4                __aeabi_d2uiz
 .text          0x08006904       0xa0 /home/rmcbee/bin/gcc-toolchain/bin/../lib/gcc/arm-none-eabi/4.9.3/armv7e-m/softfp/libgcc.a(_arm_truncdfsf2.o)
                0x08006904                __aeabi_d2f
                0x08006904                __truncdfsf2
 *(.init)
 .init          0x080069a4        0x4 /home/rmcbee/bin/gcc-toolchain/bin/../lib/gcc/arm-none-eabi/4.9.3/armv7e-m/softfp/crti.o
                0x080069a4                _init
 .init          0x080069a8        0x8 /home/rmcbee/bin/gcc-toolchain/bin/../lib/gcc/arm-none-eabi/4.9.3/armv7e-m/softfp/crtn.o
 *(.fini)
 .fini          0x080069b0        0x4 /home/rmcbee/bin/gcc-toolchain/bin/../lib/gcc/arm-none-eabi/4.9.3/armv7e-m/softfp/crti.o
                0x080069b0                _fini
 .fini          0x080069b4        0x8 /home/rmcbee/bin/gcc-toolchain/bin/../lib/gcc/arm-none-eabi/4.9.3/armv7e-m/softfp/crtn.o
 *crtbegin.o(.ctors)
 *crtbegin?.o(.ctors)
 *(EXCLUDE_FILE(*crtend.o *crtend?.o) .ctors)
 *(SORT(.ctors.*))
 *(.ctors)
 *crtbegin.o(.dtors)
 *crtbegin?.o(.dtors)
 *(EXCLUDE_FILE(*crtend.o *crtend?.o) .dtors)
 *(SORT(.dtors.*))
 *(.dtors)
 *(.rodata*)
 .rodata.str1.1
                0x080069bc       0x60 ../Libraries/mbed/common/pinmap_common.o
 .rodata.us_interface
                0x08006a1c       0x14 ../Libraries/mbed/common/us_ticker_api.o
 .rodata.us_data
                0x08006a30        0x8 ../Libraries/mbed/common/us_ticker_api.o
 .rodata.str1.1
                0x08006a38       0x21 ../Libraries/mbed/targets/hal/TARGET_STM/TARGET_STM32F4/pinmap.o
 *fill*         0x08006a59        0x3 
 .rodata.gpio_mode
                0x08006a5c       0x34 ../Libraries/mbed/targets/hal/TARGET_STM/TARGET_STM32F4/pinmap.o
 .rodata.str1.1
                0x08006a90       0x17 ../Libraries/mbed/targets/hal/TARGET_STM/TARGET_STM32F4/serial_api.o
 *fill*         0x08006aa7        0x1 
 .rodata.PinMap_UART_RX
                0x08006aa8       0x90 ../Libraries/mbed/targets/hal/TARGET_STM/TARGET_STM32F4/TARGET_DISCO_F407VG/PeripheralPins.o
                0x08006aa8                PinMap_UART_RX
 .rodata.PinMap_UART_TX
                0x08006b38       0x90 ../Libraries/mbed/targets/hal/TARGET_STM/TARGET_STM32F4/TARGET_DISCO_F407VG/PeripheralPins.o
                0x08006b38                PinMap_UART_TX
 .rodata.APBAHBPrescTable
                0x08006bc8       0x10 ../Libraries/mbed/targets/cmsis/TARGET_STM/TARGET_STM32F4/stm32f4xx_hal_rcc.o
                0x08006bc8                APBAHBPrescTable
 .rodata.AHBPrescTable
                0x08006bd8       0x10 ../Libraries/mbed/targets/cmsis/TARGET_STM/TARGET_STM32F4/TARGET_STM32F407VG/system_stm32f4xx.o
                0x08006bd8                AHBPrescTable
 .rodata._ZTVN4mbed6TickerE
                0x08006be8       0x18 ../Libraries/mbed/common/Ticker.o
                0x08006be8                vtable for mbed::Ticker
 .rodata._ZTVN4mbed10TimerEventE
                0x08006c00       0x18 ../Libraries/mbed/common/TimerEvent.o
                0x08006c00                vtable for mbed::TimerEvent
 .rodata.__sf_fake_stdin
                0x08006c18       0x20 /home/rmcbee/bin/gcc-toolchain/bin/../lib/gcc/arm-none-eabi/4.9.3/../../../../arm-none-eabi/lib/armv7e-m/softfp/libc_nano.a(lib_a-findfp.o)
                0x08006c18                __sf_fake_stdin
 .rodata.__sf_fake_stdout
                0x08006c38       0x20 /home/rmcbee/bin/gcc-toolchain/bin/../lib/gcc/arm-none-eabi/4.9.3/../../../../arm-none-eabi/lib/armv7e-m/softfp/libc_nano.a(lib_a-findfp.o)
                0x08006c38                __sf_fake_stdout
 .rodata.__sf_fake_stderr
                0x08006c58       0x20 /home/rmcbee/bin/gcc-toolchain/bin/../lib/gcc/arm-none-eabi/4.9.3/../../../../arm-none-eabi/lib/armv7e-m/softfp/libc_nano.a(lib_a-findfp.o)
                0x08006c58                __sf_fake_stderr
 .rodata.str1.1
                0x08006c78        0x2 /home/rmcbee/bin/gcc-toolchain/bin/../lib/gcc/arm-none-eabi/4.9.3/../../../../arm-none-eabi/lib/armv7e-m/softfp/libc_nano.a(lib_a-impure.o)
 *fill*         0x08006c7a        0x2 
 .rodata._global_impure_ptr
                0x08006c7c        0x4 /home/rmcbee/bin/gcc-toolchain/bin/../lib/gcc/arm-none-eabi/4.9.3/../../../../arm-none-eabi/lib/armv7e-m/softfp/libc_nano.a(lib_a-impure.o)
                0x08006c7c                _global_impure_ptr
 .rodata.str1.1
                0x08006c80       0x11 /home/rmcbee/bin/gcc-toolchain/bin/../lib/gcc/arm-none-eabi/4.9.3/../../../../arm-none-eabi/lib/armv7e-m/softfp/libc_nano.a(lib_a-nano-vfprintf.o)
 .rodata.str1.1
                0x08006c91       0x12 /home/rmcbee/bin/gcc-toolchain/bin/../lib/gcc/arm-none-eabi/4.9.3/../../../../arm-none-eabi/lib/armv7e-m/softfp/libc_nano.a(lib_a-nano-vfprintf_float.o)
 .rodata.str1.1
                0x08006ca3       0x22 /home/rmcbee/bin/gcc-toolchain/bin/../lib/gcc/arm-none-eabi/4.9.3/../../../../arm-none-eabi/lib/armv7e-m/softfp/libc_nano.a(lib_a-nano-vfprintf_i.o)
 .rodata.str1.1
                0x08006cc5        0x5 /home/rmcbee/bin/gcc-toolchain/bin/../lib/gcc/arm-none-eabi/4.9.3/../../../../arm-none-eabi/lib/armv7e-m/softfp/libc_nano.a(lib_a-nano-vfscanf_float.o)
 *fill*         0x08006cca        0x2 
 .rodata.fpinan.5309
                0x08006ccc       0x14 /home/rmcbee/bin/gcc-toolchain/bin/../lib/gcc/arm-none-eabi/4.9.3/../../../../arm-none-eabi/lib/armv7e-m/softfp/libc_nano.a(lib_a-strtod.o)
 .rodata.str1.1
                0x00000000        0x5 /home/rmcbee/bin/gcc-toolchain/bin/../lib/gcc/arm-none-eabi/4.9.3/../../../../arm-none-eabi/lib/armv7e-m/softfp/libc_nano.a(lib_a-strtod.o)
                                  0xc (size before relaxing)
 .rodata.tinytens
                0x08006ce0       0x28 /home/rmcbee/bin/gcc-toolchain/bin/../lib/gcc/arm-none-eabi/4.9.3/../../../../arm-none-eabi/lib/armv7e-m/softfp/libc_nano.a(lib_a-strtod.o)
 .rodata.fpi.5273
                0x08006d08       0x14 /home/rmcbee/bin/gcc-toolchain/bin/../lib/gcc/arm-none-eabi/4.9.3/../../../../arm-none-eabi/lib/armv7e-m/softfp/libc_nano.a(lib_a-strtod.o)
 .rodata._ctype_
                0x08006d1c      0x101 /home/rmcbee/bin/gcc-toolchain/bin/../lib/gcc/arm-none-eabi/4.9.3/../../../../arm-none-eabi/lib/armv7e-m/softfp/libc_nano.a(lib_a-ctype_.o)
                0x08006d1c                _ctype_
 .rodata.str1.1
                0x08006e1d        0xd /home/rmcbee/bin/gcc-toolchain/bin/../lib/gcc/arm-none-eabi/4.9.3/../../../../arm-none-eabi/lib/armv7e-m/softfp/libc_nano.a(lib_a-dtoa.o)
                                  0xf (size before relaxing)
 .rodata.str1.1
                0x08006e2a        0x6 /home/rmcbee/bin/gcc-toolchain/bin/../lib/gcc/arm-none-eabi/4.9.3/../../../../arm-none-eabi/lib/armv7e-m/softfp/libc_nano.a(lib_a-locale.o)
                                  0xb (size before relaxing)
 .rodata.__mprec_tens
                0x08006e30       0xc8 /home/rmcbee/bin/gcc-toolchain/bin/../lib/gcc/arm-none-eabi/4.9.3/../../../../arm-none-eabi/lib/armv7e-m/softfp/libc_nano.a(lib_a-mprec.o)
                0x08006e30                __mprec_tens
 .rodata.__mprec_bigtens
                0x08006ef8       0x28 /home/rmcbee/bin/gcc-toolchain/bin/../lib/gcc/arm-none-eabi/4.9.3/../../../../arm-none-eabi/lib/armv7e-m/softfp/libc_nano.a(lib_a-mprec.o)
                0x08006ef8                __mprec_bigtens
 .rodata.p05.5308
                0x08006f20        0xc /home/rmcbee/bin/gcc-toolchain/bin/../lib/gcc/arm-none-eabi/4.9.3/../../../../arm-none-eabi/lib/armv7e-m/softfp/libc_nano.a(lib_a-mprec.o)
 .rodata.str1.1
                0x00000000       0x11 /home/rmcbee/bin/gcc-toolchain/bin/../lib/gcc/arm-none-eabi/4.9.3/../../../../arm-none-eabi/lib/armv7e-m/softfp/libc_nano.a(lib_a-nano-svfprintf.o)
 *(.eh_frame*)
 .eh_frame      0x08006f2c        0x0 /home/rmcbee/bin/gcc-toolchain/bin/../lib/gcc/arm-none-eabi/4.9.3/armv7e-m/softfp/crtbegin.o
 .eh_frame      0x08006f2c        0x0 /home/rmcbee/bin/gcc-toolchain/bin/../lib/gcc/arm-none-eabi/4.9.3/../../../../arm-none-eabi/lib/armv7e-m/softfp/libc_nano.a(lib_a-strcmp.o)
                                 0x28 (size before relaxing)
 .eh_frame      0x08006f2c        0x4 /home/rmcbee/bin/gcc-toolchain/bin/../lib/gcc/arm-none-eabi/4.9.3/armv7e-m/softfp/crtend.o

.glue_7         0x08006f30        0x0
 .glue_7        0x00000000        0x0 linker stubs

.glue_7t        0x08006f30        0x0
 .glue_7t       0x00000000        0x0 linker stubs

.vfp11_veneer   0x08006f30        0x0
 .vfp11_veneer  0x00000000        0x0 linker stubs

.v4_bx          0x08006f30        0x0
 .v4_bx         0x00000000        0x0 linker stubs

.iplt           0x08006f30        0x0
 .iplt          0x00000000        0x0 /home/rmcbee/bin/gcc-toolchain/bin/../lib/gcc/arm-none-eabi/4.9.3/armv7e-m/softfp/crtbegin.o

.ARM.extab
 *(.ARM.extab* .gnu.linkonce.armextab.*)
                0x08006f30                __exidx_start = .

.ARM.exidx      0x08006f30        0x8
 *(.ARM.exidx* .gnu.linkonce.armexidx.*)
 .ARM.exidx     0x08006f30        0x8 /home/rmcbee/bin/gcc-toolchain/bin/../lib/gcc/arm-none-eabi/4.9.3/../../../../arm-none-eabi/lib/armv7e-m/softfp/crt0.o
                0x08006f38                __exidx_end = .
                0x08006f38                __etext = .
                0x08006f38                _sidata = .

.rel.dyn        0x08006f38        0x0
 .rel.iplt      0x00000000        0x0 /home/rmcbee/bin/gcc-toolchain/bin/../lib/gcc/arm-none-eabi/4.9.3/armv7e-m/softfp/crtbegin.o

.data           0x20000188       0xbc load address 0x08006f38
                0x20000188                __data_start__ = .
                0x20000188                _sdata = .
 *(vtable)
 *(.data*)
 .data          0x20000188        0x4 /home/rmcbee/bin/gcc-toolchain/bin/../lib/gcc/arm-none-eabi/4.9.3/armv7e-m/softfp/crtbegin.o
                0x20000188                __dso_handle
 .data.SystemCoreClock
                0x2000018c        0x4 ../Libraries/mbed/targets/cmsis/TARGET_STM/TARGET_STM32F4/TARGET_STM32F407VG/system_stm32f4xx.o
                0x2000018c                SystemCoreClock
 .data._ZZ5_sbrkE4heap
                0x20000190        0x4 ../Libraries/mbed/common/retarget.o
 .data.impure_data
                0x20000194       0x60 /home/rmcbee/bin/gcc-toolchain/bin/../lib/gcc/arm-none-eabi/4.9.3/../../../../arm-none-eabi/lib/armv7e-m/softfp/libc_nano.a(lib_a-impure.o)
 .data._impure_ptr
                0x200001f4        0x4 /home/rmcbee/bin/gcc-toolchain/bin/../lib/gcc/arm-none-eabi/4.9.3/../../../../arm-none-eabi/lib/armv7e-m/softfp/libc_nano.a(lib_a-impure.o)
                0x200001f4                _impure_ptr
 .data.__ctype_ptr__
                0x200001f8        0x4 /home/rmcbee/bin/gcc-toolchain/bin/../lib/gcc/arm-none-eabi/4.9.3/../../../../arm-none-eabi/lib/armv7e-m/softfp/libc_nano.a(lib_a-ctype_.o)
                0x200001f8                __ctype_ptr__
 .data.lconv    0x200001fc       0x38 /home/rmcbee/bin/gcc-toolchain/bin/../lib/gcc/arm-none-eabi/4.9.3/../../../../arm-none-eabi/lib/armv7e-m/softfp/libc_nano.a(lib_a-locale.o)
                0x20000234                . = ALIGN (0x4)
                0x20000234                PROVIDE (__preinit_array_start, .)
 *(.preinit_array)
                0x20000234                PROVIDE (__preinit_array_end, .)
                0x20000234                . = ALIGN (0x4)
                0x20000234                PROVIDE (__init_array_start, .)
 *(SORT(.init_array.*))
 *(.init_array)
 .init_array    0x20000234        0x4 /home/rmcbee/bin/gcc-toolchain/bin/../lib/gcc/arm-none-eabi/4.9.3/armv7e-m/softfp/crtbegin.o
 .init_array    0x20000238        0x4 main.o
                0x2000023c                PROVIDE (__init_array_end, .)
                0x2000023c                . = ALIGN (0x4)
                0x2000023c                PROVIDE (__fini_array_start, .)
 *(SORT(.fini_array.*))
 *(.fini_array)
 .fini_array    0x2000023c        0x4 /home/rmcbee/bin/gcc-toolchain/bin/../lib/gcc/arm-none-eabi/4.9.3/armv7e-m/softfp/crtbegin.o
                0x20000240                PROVIDE (__fini_array_end, .)
 *(.jcr*)
 .jcr           0x20000240        0x0 /home/rmcbee/bin/gcc-toolchain/bin/../lib/gcc/arm-none-eabi/4.9.3/armv7e-m/softfp/crtbegin.o
 .jcr           0x20000240        0x4 /home/rmcbee/bin/gcc-toolchain/bin/../lib/gcc/arm-none-eabi/4.9.3/armv7e-m/softfp/crtend.o
                0x20000244                . = ALIGN (0x4)
                0x20000244                __data_end__ = .
                0x20000244                _edata = .

.igot.plt       0x20000244        0x0 load address 0x08006ff4
 .igot.plt      0x00000000        0x0 /home/rmcbee/bin/gcc-toolchain/bin/../lib/gcc/arm-none-eabi/4.9.3/armv7e-m/softfp/crtbegin.o

.bss            0x20000244      0x254 load address 0x08006ff4
                0x20000244                . = ALIGN (0x4)
                0x20000244                __bss_start__ = .
                0x20000244                _sbss = .
 *(.bss*)
 .bss           0x20000244       0x1c /home/rmcbee/bin/gcc-toolchain/bin/../lib/gcc/arm-none-eabi/4.9.3/armv7e-m/softfp/crtbegin.o
 .bss.events    0x20000260        0x8 ../Libraries/mbed/common/us_ticker_api.o
 .bss.stdio_uart_inited
                0x20000268        0x4 ../Libraries/mbed/targets/hal/TARGET_STM/TARGET_STM32F4/serial_api.o
                0x20000268                stdio_uart_inited
 .bss.UartHandle
                0x2000026c       0x40 ../Libraries/mbed/targets/hal/TARGET_STM/TARGET_STM32F4/serial_api.o
                0x2000026c                UartHandle
 .bss.stdio_uart
                0x200002ac       0x1c ../Libraries/mbed/targets/hal/TARGET_STM/TARGET_STM32F4/serial_api.o
                0x200002ac                stdio_uart
 .bss.TimMasterHandle
                0x200002c8       0x3c ../Libraries/mbed/targets/hal/TARGET_STM/TARGET_STM32F4/us_ticker.o
 .bss.us_ticker_inited
                0x20000304        0x4 ../Libraries/mbed/targets/hal/TARGET_STM/TARGET_STM32F4/us_ticker.o
 .bss.uwTick    0x20000308        0x4 ../Libraries/mbed/targets/cmsis/TARGET_STM/TARGET_STM32F4/stm32f4xx_hal.o
 .bss.PreviousVal
                0x2000030c        0x4 ../Libraries/mbed/targets/cmsis/TARGET_STM/TARGET_STM32F4/TARGET_STM32F407VG/hal_tick.o
                0x2000030c                PreviousVal
 .bss.TimMasterHandle
                0x20000310       0x3c ../Libraries/mbed/targets/cmsis/TARGET_STM/TARGET_STM32F4/TARGET_STM32F407VG/hal_tick.o
                0x20000310                TimMasterHandle
 .bss.tick      0x2000034c       0x30 main.o
                0x2000034c                tick
 .bss.led       0x2000037c       0x10 main.o
                0x2000037c                led
 .bss._ZL11filehandles
                0x2000038c      0x100 ../Libraries/mbed/common/retarget.o
 .bss.__malloc_sbrk_start
                0x2000048c        0x4 /home/rmcbee/bin/gcc-toolchain/bin/../lib/gcc/arm-none-eabi/4.9.3/../../../../arm-none-eabi/lib/armv7e-m/softfp/libc_nano.a(lib_a-nano-mallocr.o)
                0x2000048c                __malloc_sbrk_start
 .bss.__malloc_free_list
                0x20000490        0x4 /home/rmcbee/bin/gcc-toolchain/bin/../lib/gcc/arm-none-eabi/4.9.3/../../../../arm-none-eabi/lib/armv7e-m/softfp/libc_nano.a(lib_a-nano-mallocr.o)
                0x20000490                __malloc_free_list
 *(COMMON)
 COMMON         0x20000494        0x4 /home/rmcbee/bin/gcc-toolchain/bin/../lib/gcc/arm-none-eabi/4.9.3/../../../../arm-none-eabi/lib/armv7e-m/softfp/libc_nano.a(lib_a-reent.o)
                0x20000494                errno
                0x20000498                . = ALIGN (0x4)
                0x20000498                __bss_end__ = .
                0x20000498                _ebss = .

.heap           0x20000498        0x0
                0x20000498                __end__ = .
                0x20000498                end = __end__
 *(.heap*)
                0x20000498                __HeapLimit = .

.stack_dummy    0x20000498        0x0
 *(.stack*)
                0x20020000                __StackTop = (ORIGIN (RAM) + 0x1fe78)
                0x20020000                _estack = __StackTop
                0x20020000                __StackLimit = (__StackTop - SIZEOF (.stack_dummy))
                0x20020000                PROVIDE (__stack, __StackTop)
                0x00000001                ASSERT ((__StackLimit >= __HeapLimit), region RAM overflowed with stack)
OUTPUT(build/main.elf elf32-littlearm)

.ARM.attributes
                0x00000000       0x2e
 .ARM.attributes
                0x00000000       0x22 /home/rmcbee/bin/gcc-toolchain/bin/../lib/gcc/arm-none-eabi/4.9.3/armv7e-m/softfp/crti.o
 .ARM.attributes
                0x00000022       0x32 /home/rmcbee/bin/gcc-toolchain/bin/../lib/gcc/arm-none-eabi/4.9.3/armv7e-m/softfp/crtbegin.o
 .ARM.attributes
                0x00000054       0x20 /home/rmcbee/bin/gcc-toolchain/bin/../lib/gcc/arm-none-eabi/4.9.3/../../../../arm-none-eabi/lib/armv7e-m/softfp/crt0.o
 .ARM.attributes
                0x00000074       0x21 ../Libraries/mbed/targets/cmsis/TARGET_STM/TARGET_STM32F4/TARGET_STM32F407VG/TOOLCHAIN_GCC_ARM/startup_stm32f407xx.o
 .ARM.attributes
                0x00000095       0x37 ../Libraries/mbed/common/pinmap_common.o
 .ARM.attributes
                0x000000cc       0x37 ../Libraries/mbed/common/board.o
 .ARM.attributes
                0x00000103       0x37 ../Libraries/mbed/common/ticker_api.o
 .ARM.attributes
                0x0000013a       0x37 ../Libraries/mbed/common/gpio.o
 .ARM.attributes
                0x00000171       0x37 ../Libraries/mbed/common/error.o
 .ARM.attributes
                0x000001a8       0x37 ../Libraries/mbed/common/wait_api.o
 .ARM.attributes
                0x000001df       0x37 ../Libraries/mbed/common/us_ticker_api.o
 .ARM.attributes
                0x00000216       0x37 ../Libraries/mbed/targets/hal/TARGET_STM/TARGET_STM32F4/pinmap.o
 .ARM.attributes
                0x0000024d       0x37 ../Libraries/mbed/targets/hal/TARGET_STM/TARGET_STM32F4/mbed_overrides.o
 .ARM.attributes
                0x00000284       0x37 ../Libraries/mbed/targets/hal/TARGET_STM/TARGET_STM32F4/serial_api.o
 .ARM.attributes
                0x000002bb       0x37 ../Libraries/mbed/targets/hal/TARGET_STM/TARGET_STM32F4/us_ticker.o
 .ARM.attributes
                0x000002f2       0x37 ../Libraries/mbed/targets/hal/TARGET_STM/TARGET_STM32F4/gpio_api.o
 .ARM.attributes
                0x00000329       0x37 ../Libraries/mbed/targets/hal/TARGET_STM/TARGET_STM32F4/TARGET_DISCO_F407VG/PeripheralPins.o
 .ARM.attributes
                0x00000360       0x37 ../Libraries/mbed/targets/cmsis/TARGET_STM/TARGET_STM32F4/stm32f4xx_hal_rcc.o
 .ARM.attributes
                0x00000397       0x37 ../Libraries/mbed/targets/cmsis/TARGET_STM/TARGET_STM32F4/stm32f4xx_hal_cortex.o
 .ARM.attributes
                0x000003ce       0x37 ../Libraries/mbed/targets/cmsis/TARGET_STM/TARGET_STM32F4/stm32f4xx_hal_uart.o
 .ARM.attributes
                0x00000405       0x37 ../Libraries/mbed/targets/cmsis/TARGET_STM/TARGET_STM32F4/stm32f4xx_hal_tim.o
 .ARM.attributes
                0x0000043c       0x37 ../Libraries/mbed/targets/cmsis/TARGET_STM/TARGET_STM32F4/stm32f4xx_hal.o
 .ARM.attributes
                0x00000473       0x37 ../Libraries/mbed/targets/cmsis/TARGET_STM/TARGET_STM32F4/stm32f4xx_hal_gpio.o
 .ARM.attributes
                0x000004aa       0x37 ../Libraries/mbed/targets/cmsis/TARGET_STM/TARGET_STM32F4/TARGET_STM32F407VG/hal_tick.o
 .ARM.attributes
                0x000004e1       0x37 ../Libraries/mbed/targets/cmsis/TARGET_STM/TARGET_STM32F4/TARGET_STM32F407VG/cmsis_nvic.o
 .ARM.attributes
                0x00000518       0x37 ../Libraries/mbed/targets/cmsis/TARGET_STM/TARGET_STM32F4/TARGET_STM32F407VG/system_stm32f4xx.o
 .ARM.attributes
                0x0000054f       0x37 main.o
 .ARM.attributes
                0x00000586       0x37 ../Libraries/mbed/common/retarget.o
 .ARM.attributes
                0x000005bd       0x37 ../Libraries/mbed/common/Ticker.o
 .ARM.attributes
                0x000005f4       0x37 ../Libraries/mbed/common/TimerEvent.o
 .ARM.attributes
                0x0000062b       0x32 /home/rmcbee/bin/gcc-toolchain/bin/../lib/gcc/arm-none-eabi/4.9.3/../../../../arm-none-eabi/lib/armv7e-m/softfp/libstdc++_nano.a(del_op.o)
 .ARM.attributes
                0x0000065d       0x32 /home/rmcbee/bin/gcc-toolchain/bin/../lib/gcc/arm-none-eabi/4.9.3/../../../../arm-none-eabi/lib/armv7e-m/softfp/libstdc++_nano.a(atexit_arm.o)
 .ARM.attributes
                0x0000068f       0x32 /home/rmcbee/bin/gcc-toolchain/bin/../lib/gcc/arm-none-eabi/4.9.3/../../../../arm-none-eabi/lib/armv7e-m/softfp/libc_nano.a(lib_a-cxa_atexit.o)
 .ARM.attributes
                0x000006c1       0x32 /home/rmcbee/bin/gcc-toolchain/bin/../lib/gcc/arm-none-eabi/4.9.3/../../../../arm-none-eabi/lib/armv7e-m/softfp/libc_nano.a(lib_a-errno.o)
 .ARM.attributes
                0x000006f3       0x32 /home/rmcbee/bin/gcc-toolchain/bin/../lib/gcc/arm-none-eabi/4.9.3/../../../../arm-none-eabi/lib/armv7e-m/softfp/libc_nano.a(lib_a-exit.o)
 .ARM.attributes
                0x00000725       0x32 /home/rmcbee/bin/gcc-toolchain/bin/../lib/gcc/arm-none-eabi/4.9.3/../../../../arm-none-eabi/lib/armv7e-m/softfp/libc_nano.a(lib_a-fflush.o)
 .ARM.attributes
                0x00000757       0x32 /home/rmcbee/bin/gcc-toolchain/bin/../lib/gcc/arm-none-eabi/4.9.3/../../../../arm-none-eabi/lib/armv7e-m/softfp/libc_nano.a(lib_a-findfp.o)
 .ARM.attributes
                0x00000789       0x32 /home/rmcbee/bin/gcc-toolchain/bin/../lib/gcc/arm-none-eabi/4.9.3/../../../../arm-none-eabi/lib/armv7e-m/softfp/libc_nano.a(lib_a-fwalk.o)
 .ARM.attributes
                0x000007bb       0x32 /home/rmcbee/bin/gcc-toolchain/bin/../lib/gcc/arm-none-eabi/4.9.3/../../../../arm-none-eabi/lib/armv7e-m/softfp/libc_nano.a(lib_a-impure.o)
 .ARM.attributes
                0x000007ed       0x32 /home/rmcbee/bin/gcc-toolchain/bin/../lib/gcc/arm-none-eabi/4.9.3/../../../../arm-none-eabi/lib/armv7e-m/softfp/libc_nano.a(lib_a-init.o)
 .ARM.attributes
                0x0000081f       0x32 /home/rmcbee/bin/gcc-toolchain/bin/../lib/gcc/arm-none-eabi/4.9.3/../../../../arm-none-eabi/lib/armv7e-m/softfp/libc_nano.a(lib_a-makebuf.o)
 .ARM.attributes
                0x00000851       0x32 /home/rmcbee/bin/gcc-toolchain/bin/../lib/gcc/arm-none-eabi/4.9.3/../../../../arm-none-eabi/lib/armv7e-m/softfp/libc_nano.a(lib_a-malloc.o)
 .ARM.attributes
                0x00000883       0x32 /home/rmcbee/bin/gcc-toolchain/bin/../lib/gcc/arm-none-eabi/4.9.3/../../../../arm-none-eabi/lib/armv7e-m/softfp/libc_nano.a(lib_a-memchr.o)
 .ARM.attributes
                0x000008b5       0x32 /home/rmcbee/bin/gcc-toolchain/bin/../lib/gcc/arm-none-eabi/4.9.3/../../../../arm-none-eabi/lib/armv7e-m/softfp/libc_nano.a(lib_a-memcpy.o)
 .ARM.attributes
                0x000008e7       0x32 /home/rmcbee/bin/gcc-toolchain/bin/../lib/gcc/arm-none-eabi/4.9.3/../../../../arm-none-eabi/lib/armv7e-m/softfp/libc_nano.a(lib_a-memmove.o)
 .ARM.attributes
                0x00000919       0x32 /home/rmcbee/bin/gcc-toolchain/bin/../lib/gcc/arm-none-eabi/4.9.3/../../../../arm-none-eabi/lib/armv7e-m/softfp/libc_nano.a(lib_a-memset.o)
 .ARM.attributes
                0x0000094b       0x32 /home/rmcbee/bin/gcc-toolchain/bin/../lib/gcc/arm-none-eabi/4.9.3/../../../../arm-none-eabi/lib/armv7e-m/softfp/libc_nano.a(lib_a-nano-freer.o)
 .ARM.attributes
                0x0000097d       0x32 /home/rmcbee/bin/gcc-toolchain/bin/../lib/gcc/arm-none-eabi/4.9.3/../../../../arm-none-eabi/lib/armv7e-m/softfp/libc_nano.a(lib_a-nano-mallocr.o)
 .ARM.attributes
                0x000009af       0x32 /home/rmcbee/bin/gcc-toolchain/bin/../lib/gcc/arm-none-eabi/4.9.3/../../../../arm-none-eabi/lib/armv7e-m/softfp/libc_nano.a(lib_a-nano-vfprintf.o)
 .ARM.attributes
                0x000009e1       0x32 /home/rmcbee/bin/gcc-toolchain/bin/../lib/gcc/arm-none-eabi/4.9.3/../../../../arm-none-eabi/lib/armv7e-m/softfp/libc_nano.a(lib_a-nano-vfprintf_float.o)
 .ARM.attributes
                0x00000a13       0x32 /home/rmcbee/bin/gcc-toolchain/bin/../lib/gcc/arm-none-eabi/4.9.3/../../../../arm-none-eabi/lib/armv7e-m/softfp/libc_nano.a(lib_a-nano-vfprintf_i.o)
 .ARM.attributes
                0x00000a45       0x32 /home/rmcbee/bin/gcc-toolchain/bin/../lib/gcc/arm-none-eabi/4.9.3/../../../../arm-none-eabi/lib/armv7e-m/softfp/libc_nano.a(lib_a-nano-vfscanf_float.o)
 .ARM.attributes
                0x00000a77       0x32 /home/rmcbee/bin/gcc-toolchain/bin/../lib/gcc/arm-none-eabi/4.9.3/../../../../arm-none-eabi/lib/armv7e-m/softfp/libc_nano.a(lib_a-reent.o)
 .ARM.attributes
                0x00000aa9       0x32 /home/rmcbee/bin/gcc-toolchain/bin/../lib/gcc/arm-none-eabi/4.9.3/../../../../arm-none-eabi/lib/armv7e-m/softfp/libc_nano.a(lib_a-s_fpclassify.o)
 .ARM.attributes
                0x00000adb       0x32 /home/rmcbee/bin/gcc-toolchain/bin/../lib/gcc/arm-none-eabi/4.9.3/../../../../arm-none-eabi/lib/armv7e-m/softfp/libc_nano.a(lib_a-sbrkr.o)
 .ARM.attributes
                0x00000b0d       0x32 /home/rmcbee/bin/gcc-toolchain/bin/../lib/gcc/arm-none-eabi/4.9.3/../../../../arm-none-eabi/lib/armv7e-m/softfp/libc_nano.a(lib_a-sf_nan.o)
 .ARM.attributes
                0x00000b3f       0x32 /home/rmcbee/bin/gcc-toolchain/bin/../lib/gcc/arm-none-eabi/4.9.3/../../../../arm-none-eabi/lib/armv7e-m/softfp/libc_nano.a(lib_a-sprintf.o)
 .ARM.attributes
                0x00000b71       0x32 /home/rmcbee/bin/gcc-toolchain/bin/../lib/gcc/arm-none-eabi/4.9.3/../../../../arm-none-eabi/lib/armv7e-m/softfp/libc_nano.a(lib_a-stdio.o)
 .ARM.attributes
                0x00000ba3       0x20 /home/rmcbee/bin/gcc-toolchain/bin/../lib/gcc/arm-none-eabi/4.9.3/../../../../arm-none-eabi/lib/armv7e-m/softfp/libc_nano.a(lib_a-strcmp.o)
 .ARM.attributes
                0x00000bc3       0x32 /home/rmcbee/bin/gcc-toolchain/bin/../lib/gcc/arm-none-eabi/4.9.3/../../../../arm-none-eabi/lib/armv7e-m/softfp/libc_nano.a(lib_a-strlen.o)
 .ARM.attributes
                0x00000bf5       0x32 /home/rmcbee/bin/gcc-toolchain/bin/../lib/gcc/arm-none-eabi/4.9.3/../../../../arm-none-eabi/lib/armv7e-m/softfp/libc_nano.a(lib_a-strncmp.o)
 .ARM.attributes
                0x00000c27       0x32 /home/rmcbee/bin/gcc-toolchain/bin/../lib/gcc/arm-none-eabi/4.9.3/../../../../arm-none-eabi/lib/armv7e-m/softfp/libc_nano.a(lib_a-strtod.o)
 .ARM.attributes
                0x00000c59       0x32 /home/rmcbee/bin/gcc-toolchain/bin/../lib/gcc/arm-none-eabi/4.9.3/../../../../arm-none-eabi/lib/armv7e-m/softfp/libc_nano.a(lib_a-strtol.o)
 .ARM.attributes
                0x00000c8b       0x32 /home/rmcbee/bin/gcc-toolchain/bin/../lib/gcc/arm-none-eabi/4.9.3/../../../../arm-none-eabi/lib/armv7e-m/softfp/libc_nano.a(lib_a-wbuf.o)
 .ARM.attributes
                0x00000cbd       0x32 /home/rmcbee/bin/gcc-toolchain/bin/../lib/gcc/arm-none-eabi/4.9.3/../../../../arm-none-eabi/lib/armv7e-m/softfp/libc_nano.a(lib_a-writer.o)
 .ARM.attributes
                0x00000cef       0x32 /home/rmcbee/bin/gcc-toolchain/bin/../lib/gcc/arm-none-eabi/4.9.3/../../../../arm-none-eabi/lib/armv7e-m/softfp/libc_nano.a(lib_a-wsetup.o)
 .ARM.attributes
                0x00000d21       0x32 /home/rmcbee/bin/gcc-toolchain/bin/../lib/gcc/arm-none-eabi/4.9.3/../../../../arm-none-eabi/lib/armv7e-m/softfp/libc_nano.a(lib_a-closer.o)
 .ARM.attributes
                0x00000d53       0x32 /home/rmcbee/bin/gcc-toolchain/bin/../lib/gcc/arm-none-eabi/4.9.3/../../../../arm-none-eabi/lib/armv7e-m/softfp/libc_nano.a(lib_a-ctype_.o)
 .ARM.attributes
                0x00000d85       0x32 /home/rmcbee/bin/gcc-toolchain/bin/../lib/gcc/arm-none-eabi/4.9.3/../../../../arm-none-eabi/lib/armv7e-m/softfp/libc_nano.a(lib_a-dtoa.o)
 .ARM.attributes
                0x00000db7       0x32 /home/rmcbee/bin/gcc-toolchain/bin/../lib/gcc/arm-none-eabi/4.9.3/../../../../arm-none-eabi/lib/armv7e-m/softfp/libc_nano.a(lib_a-fstatr.o)
 .ARM.attributes
                0x00000de9       0x32 /home/rmcbee/bin/gcc-toolchain/bin/../lib/gcc/arm-none-eabi/4.9.3/../../../../arm-none-eabi/lib/armv7e-m/softfp/libc_nano.a(lib_a-gdtoa-gethex.o)
 .ARM.attributes
                0x00000e1b       0x32 /home/rmcbee/bin/gcc-toolchain/bin/../lib/gcc/arm-none-eabi/4.9.3/../../../../arm-none-eabi/lib/armv7e-m/softfp/libc_nano.a(lib_a-gdtoa-hexnan.o)
 .ARM.attributes
                0x00000e4d       0x32 /home/rmcbee/bin/gcc-toolchain/bin/../lib/gcc/arm-none-eabi/4.9.3/../../../../arm-none-eabi/lib/armv7e-m/softfp/libc_nano.a(lib_a-isattyr.o)
 .ARM.attributes
                0x00000e7f       0x32 /home/rmcbee/bin/gcc-toolchain/bin/../lib/gcc/arm-none-eabi/4.9.3/../../../../arm-none-eabi/lib/armv7e-m/softfp/libc_nano.a(lib_a-locale.o)
 .ARM.attributes
                0x00000eb1       0x32 /home/rmcbee/bin/gcc-toolchain/bin/../lib/gcc/arm-none-eabi/4.9.3/../../../../arm-none-eabi/lib/armv7e-m/softfp/libc_nano.a(lib_a-lseekr.o)
 .ARM.attributes
                0x00000ee3       0x32 /home/rmcbee/bin/gcc-toolchain/bin/../lib/gcc/arm-none-eabi/4.9.3/../../../../arm-none-eabi/lib/armv7e-m/softfp/libc_nano.a(lib_a-mprec.o)
 .ARM.attributes
                0x00000f15       0x32 /home/rmcbee/bin/gcc-toolchain/bin/../lib/gcc/arm-none-eabi/4.9.3/../../../../arm-none-eabi/lib/armv7e-m/softfp/libc_nano.a(lib_a-nano-callocr.o)
 .ARM.attributes
                0x00000f47       0x32 /home/rmcbee/bin/gcc-toolchain/bin/../lib/gcc/arm-none-eabi/4.9.3/../../../../arm-none-eabi/lib/armv7e-m/softfp/libc_nano.a(lib_a-nano-reallocr.o)
 .ARM.attributes
                0x00000f79       0x32 /home/rmcbee/bin/gcc-toolchain/bin/../lib/gcc/arm-none-eabi/4.9.3/../../../../arm-none-eabi/lib/armv7e-m/softfp/libc_nano.a(lib_a-nano-svfprintf.o)
 .ARM.attributes
                0x00000fab       0x32 /home/rmcbee/bin/gcc-toolchain/bin/../lib/gcc/arm-none-eabi/4.9.3/../../../../arm-none-eabi/lib/armv7e-m/softfp/libc_nano.a(lib_a-readr.o)
 .ARM.attributes
                0x00000fdd       0x32 /home/rmcbee/bin/gcc-toolchain/bin/../lib/gcc/arm-none-eabi/4.9.3/../../../../arm-none-eabi/lib/armv7e-m/softfp/libc_nano.a(lib_a-nano-msizer.o)
 .ARM.attributes
                0x0000100f       0x22 /home/rmcbee/bin/gcc-toolchain/bin/../lib/gcc/arm-none-eabi/4.9.3/armv7e-m/softfp/libgcc.a(_arm_addsubdf3.o)
 .ARM.attributes
                0x00001031       0x22 /home/rmcbee/bin/gcc-toolchain/bin/../lib/gcc/arm-none-eabi/4.9.3/armv7e-m/softfp/libgcc.a(_arm_muldivdf3.o)
 .ARM.attributes
                0x00001053       0x22 /home/rmcbee/bin/gcc-toolchain/bin/../lib/gcc/arm-none-eabi/4.9.3/armv7e-m/softfp/libgcc.a(_arm_cmpdf2.o)
 .ARM.attributes
                0x00001075       0x22 /home/rmcbee/bin/gcc-toolchain/bin/../lib/gcc/arm-none-eabi/4.9.3/armv7e-m/softfp/libgcc.a(_arm_fixdfsi.o)
 .ARM.attributes
                0x00001097       0x22 /home/rmcbee/bin/gcc-toolchain/bin/../lib/gcc/arm-none-eabi/4.9.3/armv7e-m/softfp/libgcc.a(_arm_fixunsdfsi.o)
 .ARM.attributes
                0x000010b9       0x22 /home/rmcbee/bin/gcc-toolchain/bin/../lib/gcc/arm-none-eabi/4.9.3/armv7e-m/softfp/libgcc.a(_arm_truncdfsf2.o)
 .ARM.attributes
                0x000010db       0x32 /home/rmcbee/bin/gcc-toolchain/bin/../lib/gcc/arm-none-eabi/4.9.3/armv7e-m/softfp/crtend.o
 .ARM.attributes
                0x0000110d       0x22 /home/rmcbee/bin/gcc-toolchain/bin/../lib/gcc/arm-none-eabi/4.9.3/armv7e-m/softfp/crtn.o

.comment        0x00000000       0x70
 .comment       0x00000000       0x70 ../Libraries/mbed/common/pinmap_common.o
                                 0x71 (size before relaxing)
 .comment       0x00000000       0x71 ../Libraries/mbed/common/board.o
 .comment       0x00000000       0x71 ../Libraries/mbed/common/ticker_api.o
 .comment       0x00000000       0x71 ../Libraries/mbed/common/gpio.o
 .comment       0x00000000       0x71 ../Libraries/mbed/common/error.o
 .comment       0x00000000       0x71 ../Libraries/mbed/common/wait_api.o
 .comment       0x00000000       0x71 ../Libraries/mbed/common/us_ticker_api.o
 .comment       0x00000000       0x71 ../Libraries/mbed/targets/hal/TARGET_STM/TARGET_STM32F4/pinmap.o
 .comment       0x00000000       0x71 ../Libraries/mbed/targets/hal/TARGET_STM/TARGET_STM32F4/mbed_overrides.o
 .comment       0x00000000       0x71 ../Libraries/mbed/targets/hal/TARGET_STM/TARGET_STM32F4/serial_api.o
 .comment       0x00000000       0x71 ../Libraries/mbed/targets/hal/TARGET_STM/TARGET_STM32F4/us_ticker.o
 .comment       0x00000000       0x71 ../Libraries/mbed/targets/hal/TARGET_STM/TARGET_STM32F4/gpio_api.o
 .comment       0x00000000       0x71 ../Libraries/mbed/targets/hal/TARGET_STM/TARGET_STM32F4/TARGET_DISCO_F407VG/PeripheralPins.o
 .comment       0x00000000       0x71 ../Libraries/mbed/targets/cmsis/TARGET_STM/TARGET_STM32F4/stm32f4xx_hal_rcc.o
 .comment       0x00000000       0x71 ../Libraries/mbed/targets/cmsis/TARGET_STM/TARGET_STM32F4/stm32f4xx_hal_cortex.o
 .comment       0x00000000       0x71 ../Libraries/mbed/targets/cmsis/TARGET_STM/TARGET_STM32F4/stm32f4xx_hal_uart.o
 .comment       0x00000000       0x71 ../Libraries/mbed/targets/cmsis/TARGET_STM/TARGET_STM32F4/stm32f4xx_hal_tim.o
 .comment       0x00000000       0x71 ../Libraries/mbed/targets/cmsis/TARGET_STM/TARGET_STM32F4/stm32f4xx_hal.o
 .comment       0x00000000       0x71 ../Libraries/mbed/targets/cmsis/TARGET_STM/TARGET_STM32F4/stm32f4xx_hal_gpio.o
 .comment       0x00000000       0x71 ../Libraries/mbed/targets/cmsis/TARGET_STM/TARGET_STM32F4/TARGET_STM32F407VG/hal_tick.o
 .comment       0x00000000       0x71 ../Libraries/mbed/targets/cmsis/TARGET_STM/TARGET_STM32F4/TARGET_STM32F407VG/cmsis_nvic.o
 .comment       0x00000000       0x71 ../Libraries/mbed/targets/cmsis/TARGET_STM/TARGET_STM32F4/TARGET_STM32F407VG/system_stm32f4xx.o
 .comment       0x00000000       0x71 main.o
 .comment       0x00000000       0x71 ../Libraries/mbed/common/retarget.o
 .comment       0x00000000       0x71 ../Libraries/mbed/common/Ticker.o
 .comment       0x00000000       0x71 ../Libraries/mbed/common/TimerEvent.o

.debug_info     0x00000000    0x14685
 .debug_info    0x00000000      0x7b5 ../Libraries/mbed/common/pinmap_common.o
 .debug_info    0x000007b5      0x65a ../Libraries/mbed/common/board.o
 .debug_info    0x00000e0f      0x42a ../Libraries/mbed/common/ticker_api.o
 .debug_info    0x00001239      0xad4 ../Libraries/mbed/common/gpio.o
 .debug_info    0x00001d0d      0x95c ../Libraries/mbed/common/error.o
 .debug_info    0x00002669      0x189 ../Libraries/mbed/common/wait_api.o
 .debug_info    0x000027f2      0x293 ../Libraries/mbed/common/us_ticker_api.o
 .debug_info    0x00002a85      0xab1 ../Libraries/mbed/targets/hal/TARGET_STM/TARGET_STM32F4/pinmap.o
 .debug_info    0x00003536      0x107 ../Libraries/mbed/targets/hal/TARGET_STM/TARGET_STM32F4/mbed_overrides.o
 .debug_info    0x0000363d     0x192a ../Libraries/mbed/targets/hal/TARGET_STM/TARGET_STM32F4/serial_api.o
 .debug_info    0x00004f67      0x647 ../Libraries/mbed/targets/hal/TARGET_STM/TARGET_STM32F4/us_ticker.o
 .debug_info    0x000055ae      0x7b0 ../Libraries/mbed/targets/hal/TARGET_STM/TARGET_STM32F4/gpio_api.o
 .debug_info    0x00005d5e      0x7d0 ../Libraries/mbed/targets/hal/TARGET_STM/TARGET_STM32F4/TARGET_DISCO_F407VG/PeripheralPins.o
 .debug_info    0x0000652e     0x1028 ../Libraries/mbed/targets/cmsis/TARGET_STM/TARGET_STM32F4/stm32f4xx_hal_rcc.o
 .debug_info    0x00007556      0xccb ../Libraries/mbed/targets/cmsis/TARGET_STM/TARGET_STM32F4/stm32f4xx_hal_cortex.o
 .debug_info    0x00008221     0x120b ../Libraries/mbed/targets/cmsis/TARGET_STM/TARGET_STM32F4/stm32f4xx_hal_uart.o
 .debug_info    0x0000942c     0x33fc ../Libraries/mbed/targets/cmsis/TARGET_STM/TARGET_STM32F4/stm32f4xx_hal_tim.o
 .debug_info    0x0000c828      0x9bb ../Libraries/mbed/targets/cmsis/TARGET_STM/TARGET_STM32F4/stm32f4xx_hal.o
 .debug_info    0x0000d1e3      0x70a ../Libraries/mbed/targets/cmsis/TARGET_STM/TARGET_STM32F4/stm32f4xx_hal_gpio.o
 .debug_info    0x0000d8ed      0xc62 ../Libraries/mbed/targets/cmsis/TARGET_STM/TARGET_STM32F4/TARGET_STM32F407VG/hal_tick.o
 .debug_info    0x0000e54f      0x537 ../Libraries/mbed/targets/cmsis/TARGET_STM/TARGET_STM32F4/TARGET_STM32F407VG/cmsis_nvic.o
 .debug_info    0x0000ea86      0x896 ../Libraries/mbed/targets/cmsis/TARGET_STM/TARGET_STM32F4/TARGET_STM32F407VG/system_stm32f4xx.o
 .debug_info    0x0000f31c     0x1d26 main.o
 .debug_info    0x00011042     0x2935 ../Libraries/mbed/common/retarget.o
 .debug_info    0x00013977      0x6f7 ../Libraries/mbed/common/Ticker.o
 .debug_info    0x0001406e      0x617 ../Libraries/mbed/common/TimerEvent.o

.debug_abbrev   0x00000000     0x3c8d
 .debug_abbrev  0x00000000      0x16f ../Libraries/mbed/common/pinmap_common.o
 .debug_abbrev  0x0000016f      0x18f ../Libraries/mbed/common/board.o
 .debug_abbrev  0x000002fe      0x1cb ../Libraries/mbed/common/ticker_api.o
 .debug_abbrev  0x000004c9      0x1fd ../Libraries/mbed/common/gpio.o
 .debug_abbrev  0x000006c6      0x210 ../Libraries/mbed/common/error.o
 .debug_abbrev  0x000008d6       0xbf ../Libraries/mbed/common/wait_api.o
 .debug_abbrev  0x00000995      0x129 ../Libraries/mbed/common/us_ticker_api.o
 .debug_abbrev  0x00000abe      0x1bc ../Libraries/mbed/targets/hal/TARGET_STM/TARGET_STM32F4/pinmap.o