Archive member included because of file (symbol)

/home/rmcbee/bin/gcc-toolchain/bin/../lib/gcc/arm-none-eabi/4.9.3/../../../../arm-none-eabi/lib/armv7e-m/softfp/libstdc++_nano.a(new_op.o)
                              mbed/common/BusIn.o (operator new(unsigned int))
/home/rmcbee/bin/gcc-toolchain/bin/../lib/gcc/arm-none-eabi/4.9.3/../../../../arm-none-eabi/lib/armv7e-m/softfp/libstdc++_nano.a(del_op.o)
                              mbed/common/FileBase.o (operator delete(void*))
/home/rmcbee/bin/gcc-toolchain/bin/../lib/gcc/arm-none-eabi/4.9.3/../../../../arm-none-eabi/lib/armv7e-m/softfp/libstdc++_nano.a(new_handler.o)
                              /home/rmcbee/bin/gcc-toolchain/bin/../lib/gcc/arm-none-eabi/4.9.3/../../../../arm-none-eabi/lib/armv7e-m/softfp/libstdc++_nano.a(new_op.o) (std::get_new_handler())
/home/rmcbee/bin/gcc-toolchain/bin/../lib/gcc/arm-none-eabi/4.9.3/../../../../arm-none-eabi/lib/armv7e-m/softfp/libstdc++_nano.a(del_opv.o)
                              mbed/common/RawSerial.o (operator delete[](void*))
/home/rmcbee/bin/gcc-toolchain/bin/../lib/gcc/arm-none-eabi/4.9.3/../../../../arm-none-eabi/lib/armv7e-m/softfp/libstdc++_nano.a(new_opv.o)
                              mbed/common/RawSerial.o (operator new[](unsigned int))
/home/rmcbee/bin/gcc-toolchain/bin/../lib/gcc/arm-none-eabi/4.9.3/../../../../arm-none-eabi/lib/armv7e-m/softfp/libc_nano.a(lib_a-abort.o)
                              /home/rmcbee/bin/gcc-toolchain/bin/../lib/gcc/arm-none-eabi/4.9.3/../../../../arm-none-eabi/lib/armv7e-m/softfp/libstdc++_nano.a(new_op.o) (abort)
/home/rmcbee/bin/gcc-toolchain/bin/../lib/gcc/arm-none-eabi/4.9.3/../../../../arm-none-eabi/lib/armv7e-m/softfp/libc_nano.a(lib_a-errno.o)
                              mbed/common/retarget.o (__errno)
/home/rmcbee/bin/gcc-toolchain/bin/../lib/gcc/arm-none-eabi/4.9.3/../../../../arm-none-eabi/lib/armv7e-m/softfp/libc_nano.a(lib_a-exit.o)
                              /home/rmcbee/bin/gcc-toolchain/bin/../lib/gcc/arm-none-eabi/4.9.3/../../../../arm-none-eabi/lib/armv7e-m/softfp/crt0.o (exit)
/home/rmcbee/bin/gcc-toolchain/bin/../lib/gcc/arm-none-eabi/4.9.3/../../../../arm-none-eabi/lib/armv7e-m/softfp/libc_nano.a(lib_a-fclose.o)
                              mbed/common/Stream.o (fclose)
/home/rmcbee/bin/gcc-toolchain/bin/../lib/gcc/arm-none-eabi/4.9.3/../../../../arm-none-eabi/lib/armv7e-m/softfp/libc_nano.a(lib_a-fflush.o)
                              /home/rmcbee/bin/gcc-toolchain/bin/../lib/gcc/arm-none-eabi/4.9.3/../../../../arm-none-eabi/lib/armv7e-m/softfp/libc_nano.a(lib_a-fclose.o) (__sflush_r)
/home/rmcbee/bin/gcc-toolchain/bin/../lib/gcc/arm-none-eabi/4.9.3/../../../../arm-none-eabi/lib/armv7e-m/softfp/libc_nano.a(lib_a-fgetc.o)
                              mbed/common/retarget.o (fgetc)
/home/rmcbee/bin/gcc-toolchain/bin/../lib/gcc/arm-none-eabi/4.9.3/../../../../arm-none-eabi/lib/armv7e-m/softfp/libc_nano.a(lib_a-fgets.o)
                              mbed/common/retarget.o (fgets)
/home/rmcbee/bin/gcc-toolchain/bin/../lib/gcc/arm-none-eabi/4.9.3/../../../../arm-none-eabi/lib/armv7e-m/softfp/libc_nano.a(lib_a-findfp.o)
                              /home/rmcbee/bin/gcc-toolchain/bin/../lib/gcc/arm-none-eabi/4.9.3/../../../../arm-none-eabi/lib/armv7e-m/softfp/libc_nano.a(lib_a-fclose.o) (__sinit)
/home/rmcbee/bin/gcc-toolchain/bin/../lib/gcc/arm-none-eabi/4.9.3/../../../../arm-none-eabi/lib/armv7e-m/softfp/libc_nano.a(lib_a-fopen.o)
                              mbed/common/Stream.o (fopen)
/home/rmcbee/bin/gcc-toolchain/bin/../lib/gcc/arm-none-eabi/4.9.3/../../../../arm-none-eabi/lib/armv7e-m/softfp/libc_nano.a(lib_a-fputc.o)
                              mbed/common/Stream.o (fputc)
/home/rmcbee/bin/gcc-toolchain/bin/../lib/gcc/arm-none-eabi/4.9.3/../../../../arm-none-eabi/lib/armv7e-m/softfp/libc_nano.a(lib_a-fputs.o)
                              mbed/common/Stream.o (fputs)
/home/rmcbee/bin/gcc-toolchain/bin/../lib/gcc/arm-none-eabi/4.9.3/../../../../arm-none-eabi/lib/armv7e-m/softfp/libc_nano.a(lib_a-fseek.o)
                              /home/rmcbee/bin/gcc-toolchain/bin/../lib/gcc/arm-none-eabi/4.9.3/../../../../arm-none-eabi/lib/armv7e-m/softfp/libc_nano.a(lib_a-fopen.o) (_fseek_r)
/home/rmcbee/bin/gcc-toolchain/bin/../lib/gcc/arm-none-eabi/4.9.3/../../../../arm-none-eabi/lib/armv7e-m/softfp/libc_nano.a(lib_a-fseeko.o)
                              /home/rmcbee/bin/gcc-toolchain/bin/../lib/gcc/arm-none-eabi/4.9.3/../../../../arm-none-eabi/lib/armv7e-m/softfp/libc_nano.a(lib_a-fseek.o) (_fseeko_r)
/home/rmcbee/bin/gcc-toolchain/bin/../lib/gcc/arm-none-eabi/4.9.3/../../../../arm-none-eabi/lib/armv7e-m/softfp/libc_nano.a(lib_a-fwalk.o)
                              /home/rmcbee/bin/gcc-toolchain/bin/../lib/gcc/arm-none-eabi/4.9.3/../../../../arm-none-eabi/lib/armv7e-m/softfp/libc_nano.a(lib_a-findfp.o) (_fwalk)
[...]
Memory Configuration

Name             Origin             Length             Attributes
FLASH            0x08000000         0x00100000         xr
CCM              0x10000000         0x00010000         xrw
RAM              0x20000188         0x0001fe78         xrw
*default*        0x00000000         0xffffffff

Linker script and memory map

LOAD /home/rmcbee/bin/gcc-toolchain/bin/../lib/gcc/arm-none-eabi/4.9.3/armv7e-m/softfp/crti.o
LOAD /home/rmcbee/bin/gcc-toolchain/bin/../lib/gcc/arm-none-eabi/4.9.3/armv7e-m/softfp/crtbegin.o
LOAD /home/rmcbee/bin/gcc-toolchain/bin/../lib/gcc/arm-none-eabi/4.9.3/../../../../arm-none-eabi/lib/armv7e-m/softfp/crt0.o
LOAD mbed/targets/cmsis/TARGET_STM/TARGET_STM32F4/TARGET_STM32F407VG/TOOLCHAIN_GCC_ARM/startup_stm32f407xx.o
LOAD mbed/common/mbed_interface.o
LOAD mbed/common/pinmap_common.o
LOAD mbed/common/rtc_time.o
LOAD mbed/common/board.o
LOAD mbed/common/ticker_api.o
LOAD mbed/common/gpio.o
LOAD mbed/common/lp_ticker_api.o
LOAD mbed/common/error.o
LOAD mbed/common/wait_api.o
LOAD mbed/common/semihost_api.o
LOAD mbed/common/us_ticker_api.o
LOAD mbed/common/assert.o
LOAD mbed/targets/hal/TARGET_STM/TARGET_STM32F4/analogout_api.o
LOAD mbed/targets/hal/TARGET_STM/TARGET_STM32F4/pinmap.o
LOAD mbed/targets/hal/TARGET_STM/TARGET_STM32F4/rtc_api.o
LOAD mbed/targets/hal/TARGET_STM/TARGET_STM32F4/analogin_api.o
LOAD mbed/targets/hal/TARGET_STM/TARGET_STM32F4/mbed_overrides.o
LOAD mbed/targets/hal/TARGET_STM/TARGET_STM32F4/sleep.o
LOAD mbed/targets/hal/TARGET_STM/TARGET_STM32F4/pwmout_api.o
LOAD mbed/targets/hal/TARGET_STM/TARGET_STM32F4/serial_api.o
LOAD mbed/targets/hal/TARGET_STM/TARGET_STM32F4/gpio_irq_api.o
LOAD mbed/targets/hal/TARGET_STM/TARGET_STM32F4/us_ticker.o
LOAD mbed/targets/hal/TARGET_STM/TARGET_STM32F4/gpio_api.o
LOAD mbed/targets/hal/TARGET_STM/TARGET_STM32F4/port_api.o
LOAD mbed/targets/hal/TARGET_STM/TARGET_STM32F4/spi_api.o
LOAD mbed/targets/hal/TARGET_STM/TARGET_STM32F4/i2c_api.o
LOAD mbed/targets/hal/TARGET_STM/TARGET_STM32F4/TARGET_DISCO_F407VG/PeripheralPins.o
LOAD mbed/targets/cmsis/TARGET_STM/TARGET_STM32F4/stm32f4xx_hal_flash.o
LOAD mbed/targets/cmsis/TARGET_STM/TARGET_STM32F4/stm32f4xx_hal_rcc.o
LOAD mbed/targets/cmsis/TARGET_STM/TARGET_STM32F4/stm32f4xx_ll_usb.o
LOAD mbed/targets/cmsis/TARGET_STM/TARGET_STM32F4/stm32f4xx_hal_sai_ex.o
LOAD mbed/targets/cmsis/TARGET_STM/TARGET_STM32F4/stm32f4xx_hal_spi.o
LOAD mbed/targets/cmsis/TARGET_STM/TARGET_STM32F4/stm32f4xx_hal_spdifrx.o
LOAD mbed/targets/cmsis/TARGET_STM/TARGET_STM32F4/stm32f4xx_hal_qspi.o
LOAD mbed/targets/cmsis/TARGET_STM/TARGET_STM32F4/stm32f4xx_hal_rtc.o
LOAD mbed/targets/cmsis/TARGET_STM/TARGET_STM32F4/stm32f4xx_hal_rtc_ex.o
LOAD mbed/targets/cmsis/TARGET_STM/TARGET_STM32F4/stm32f4xx_hal_flash_ex.o
LOAD mbed/targets/cmsis/TARGET_STM/TARGET_STM32F4/stm32f4xx_hal_rcc_ex.o
LOAD mbed/targets/cmsis/TARGET_STM/TARGET_STM32F4/stm32f4xx_hal_rng.o
LOAD mbed/targets/cmsis/TARGET_STM/TARGET_STM32F4/stm32f4xx_hal_flash_ramfunc.o
LOAD mbed/targets/cmsis/TARGET_STM/TARGET_STM32F4/stm32f4xx_hal_nand.o
LOAD mbed/targets/cmsis/TARGET_STM/TARGET_STM32F4/stm32f4xx_hal_irda.o
LOAD mbed/targets/cmsis/TARGET_STM/TARGET_STM32F4/stm32f4xx_hal_dcmi_ex.o
LOAD mbed/targets/cmsis/TARGET_STM/TARGET_STM32F4/stm32f4xx_hal_fmpi2c_ex.o
LOAD mbed/targets/cmsis/TARGET_STM/TARGET_STM32F4/stm32f4xx_ll_sdmmc.o
LOAD mbed/targets/cmsis/TARGET_STM/TARGET_STM32F4/stm32f4xx_hal_sd.o
LOAD mbed/targets/cmsis/TARGET_STM/TARGET_STM32F4/stm32f4xx_hal_cryp_ex.o
LOAD mbed/targets/cmsis/TARGET_STM/TARGET_STM32F4/stm32f4xx_hal_adc.o
LOAD mbed/targets/cmsis/TARGET_STM/TARGET_STM32F4/stm32f4xx_hal_cortex.o
LOAD mbed/targets/cmsis/TARGET_STM/TARGET_STM32F4/stm32f4xx_hal_crc.o
LOAD mbed/targets/cmsis/TARGET_STM/TARGET_STM32F4/stm32f4xx_hal_sai.o
LOAD mbed/targets/cmsis/TARGET_STM/TARGET_STM32F4/stm32f4xx_hal_dac_ex.o
LOAD mbed/targets/cmsis/TARGET_STM/TARGET_STM32F4/stm32f4xx_hal_hash_ex.o
LOAD mbed/targets/cmsis/TARGET_STM/TARGET_STM32F4/stm32f4xx_hal_usart.o
LOAD mbed/targets/cmsis/TARGET_STM/TARGET_STM32F4/stm32f4xx_hal_i2s.o
LOAD mbed/targets/cmsis/TARGET_STM/TARGET_STM32F4/stm32f4xx_ll_fsmc.o
LOAD mbed/targets/cmsis/TARGET_STM/TARGET_STM32F4/stm32f4xx_hal_dma.o
LOAD mbed/targets/cmsis/TARGET_STM/TARGET_STM32F4/stm32f4xx_hal_sram.o
LOAD mbed/targets/cmsis/TARGET_STM/TARGET_STM32F4/stm32f4xx_hal_nor.o
LOAD mbed/targets/cmsis/TARGET_STM/TARGET_STM32F4/stm32f4xx_hal_uart.o
LOAD mbed/targets/cmsis/TARGET_STM/TARGET_STM32F4/stm32f4xx_hal_can.o
LOAD mbed/targets/cmsis/TARGET_STM/TARGET_STM32F4/stm32f4xx_hal_tim.o
LOAD mbed/targets/cmsis/TARGET_STM/TARGET_STM32F4/stm32f4xx_hal_iwdg.o
LOAD mbed/targets/cmsis/TARGET_STM/TARGET_STM32F4/stm32f4xx_hal_hash.o
LOAD mbed/targets/cmsis/TARGET_STM/TARGET_STM32F4/stm32f4xx_hal_pcd_ex.o
LOAD mbed/targets/cmsis/TARGET_STM/TARGET_STM32F4/stm32f4xx_hal_ltdc.o
LOAD mbed/targets/cmsis/TARGET_STM/TARGET_STM32F4/stm32f4xx_hal_pccard.o
LOAD mbed/targets/cmsis/TARGET_STM/TARGET_STM32F4/stm32f4xx_hal_dma_ex.o
LOAD mbed/targets/cmsis/TARGET_STM/TARGET_STM32F4/stm32f4xx_hal_pwr_ex.o
LOAD mbed/targets/cmsis/TARGET_STM/TARGET_STM32F4/stm32f4xx_hal_smartcard.o
LOAD mbed/targets/cmsis/TARGET_STM/TARGET_STM32F4/stm32f4xx_hal_adc_ex.o
LOAD mbed/targets/cmsis/TARGET_STM/TARGET_STM32F4/stm32f4xx_ll_fmc.o
LOAD mbed/targets/cmsis/TARGET_STM/TARGET_STM32F4/stm32f4xx_hal.o
LOAD mbed/targets/cmsis/TARGET_STM/TARGET_STM32F4/stm32f4xx_hal_i2c_ex.o
LOAD mbed/targets/cmsis/TARGET_STM/TARGET_STM32F4/stm32f4xx_hal_hcd.o
LOAD mbed/targets/cmsis/TARGET_STM/TARGET_STM32F4/stm32f4xx_hal_i2c.o
LOAD mbed/targets/cmsis/TARGET_STM/TARGET_STM32F4/stm32f4xx_hal_tim_ex.o
LOAD mbed/targets/cmsis/TARGET_STM/TARGET_STM32F4/stm32f4xx_hal_dcmi.o
LOAD mbed/targets/cmsis/TARGET_STM/TARGET_STM32F4/stm32f4xx_hal_cryp.o
LOAD mbed/targets/cmsis/TARGET_STM/TARGET_STM32F4/stm32f4xx_hal_gpio.o
LOAD mbed/targets/cmsis/TARGET_STM/TARGET_STM32F4/stm32f4xx_hal_i2s_ex.o
LOAD mbed/targets/cmsis/TARGET_STM/TARGET_STM32F4/stm32f4xx_hal_pcd.o
LOAD mbed/targets/cmsis/TARGET_STM/TARGET_STM32F4/stm32f4xx_hal_wwdg.o
LOAD mbed/targets/cmsis/TARGET_STM/TARGET_STM32F4/stm32f4xx_hal_cec.o
LOAD mbed/targets/cmsis/TARGET_STM/TARGET_STM32F4/stm32f4xx_hal_sdram.o
LOAD mbed/targets/cmsis/TARGET_STM/TARGET_STM32F4/stm32f4xx_hal_eth.o
LOAD mbed/targets/cmsis/TARGET_STM/TARGET_STM32F4/stm32f4xx_hal_dma2d.o
LOAD mbed/targets/cmsis/TARGET_STM/TARGET_STM32F4/stm32f4xx_hal_pwr.o
LOAD mbed/targets/cmsis/TARGET_STM/TARGET_STM32F4/stm32f4xx_hal_fmpi2c.o
LOAD mbed/targets/cmsis/TARGET_STM/TARGET_STM32F4/stm32f4xx_hal_dac.o
LOAD mbed/targets/cmsis/TARGET_STM/TARGET_STM32F4/TARGET_STM32F407VG/hal_tick.o
LOAD mbed/targets/cmsis/TARGET_STM/TARGET_STM32F4/TARGET_STM32F407VG/cmsis_nvic.o
LOAD mbed/targets/cmsis/TARGET_STM/TARGET_STM32F4/TARGET_STM32F407VG/system_stm32f4xx.o
LOAD main.o
LOAD mbed/common/FileBase.o
LOAD mbed/common/I2C.o
LOAD mbed/common/retarget.o
LOAD mbed/common/BusIn.o
LOAD mbed/common/CAN.o
LOAD mbed/common/FileLike.o
LOAD mbed/common/LocalFileSystem.o
LOAD mbed/common/BusInOut.o
LOAD mbed/common/SerialBase.o
LOAD mbed/common/Timer.o
LOAD mbed/common/SPI.o
LOAD mbed/common/InterruptIn.o
LOAD mbed/common/FilePath.o
LOAD mbed/common/Serial.o
LOAD mbed/common/Stream.o
LOAD mbed/common/SPISlave.o
LOAD mbed/common/FileSystemLike.o
LOAD mbed/common/Ethernet.o
LOAD mbed/common/BusOut.o
LOAD mbed/common/InterruptManager.o
LOAD mbed/common/Ticker.o
LOAD mbed/common/TimerEvent.o
LOAD mbed/common/I2CSlave.o
LOAD mbed/common/Timeout.o
LOAD mbed/common/RawSerial.o
LOAD mbed/common/CallChain.o
LOAD /home/rmcbee/bin/gcc-toolchain/bin/../lib/gcc/arm-none-eabi/4.9.3/../../../../arm-none-eabi/lib/armv7e-m/softfp/libstdc++_nano.a
LOAD /home/rmcbee/bin/gcc-toolchain/bin/../lib/gcc/arm-none-eabi/4.9.3/../../../../arm-none-eabi/lib/armv7e-m/softfp/libsupc++_nano.a
LOAD /home/rmcbee/bin/gcc-toolchain/bin/../lib/gcc/arm-none-eabi/4.9.3/../../../../arm-none-eabi/lib/armv7e-m/softfp/libm.a
LOAD /home/rmcbee/bin/gcc-toolchain/bin/../lib/gcc/arm-none-eabi/4.9.3/../../../../arm-none-eabi/lib/armv7e-m/softfp/libc_nano.a
LOAD /home/rmcbee/bin/gcc-toolchain/bin/../lib/gcc/arm-none-eabi/4.9.3/armv7e-m/softfp/libgcc.a
LOAD /home/rmcbee/bin/gcc-toolchain/bin/../lib/gcc/arm-none-eabi/4.9.3/../../../../arm-none-eabi/lib/armv7e-m/softfp/libnosys.a
LOAD /home/rmcbee/bin/gcc-toolchain/bin/../lib/gcc/arm-none-eabi/4.9.3/../../../../arm-none-eabi/lib/armv7e-m/softfp/libstdc++_nano.a
LOAD /home/rmcbee/bin/gcc-toolchain/bin/../lib/gcc/arm-none-eabi/4.9.3/../../../../arm-none-eabi/lib/armv7e-m/softfp/libsupc++_nano.a
LOAD /home/rmcbee/bin/gcc-toolchain/bin/../lib/gcc/arm-none-eabi/4.9.3/../../../../arm-none-eabi/lib/armv7e-m/softfp/libm.a
LOAD /home/rmcbee/bin/gcc-toolchain/bin/../lib/gcc/arm-none-eabi/4.9.3/../../../../arm-none-eabi/lib/armv7e-m/softfp/libc_nano.a
LOAD /home/rmcbee/bin/gcc-toolchain/bin/../lib/gcc/arm-none-eabi/4.9.3/armv7e-m/softfp/libgcc.a
LOAD /home/rmcbee/bin/gcc-toolchain/bin/../lib/gcc/arm-none-eabi/4.9.3/../../../../arm-none-eabi/lib/armv7e-m/softfp/libnosys.a
START GROUP
LOAD /home/rmcbee/bin/gcc-toolchain/bin/../lib/gcc/arm-none-eabi/4.9.3/armv7e-m/softfp/libgcc.a
LOAD /home/rmcbee/bin/gcc-toolchain/bin/../lib/gcc/arm-none-eabi/4.9.3/../../../../arm-none-eabi/lib/armv7e-m/softfp/libc_nano.a
END GROUP
START GROUP
LOAD /home/rmcbee/bin/gcc-toolchain/bin/../lib/gcc/arm-none-eabi/4.9.3/armv7e-m/softfp/libgcc.a
LOAD /home/rmcbee/bin/gcc-toolchain/bin/../lib/gcc/arm-none-eabi/4.9.3/../../../../arm-none-eabi/lib/armv7e-m/softfp/libc_nano.a
END GROUP
LOAD /home/rmcbee/bin/gcc-toolchain/bin/../lib/gcc/arm-none-eabi/4.9.3/armv7e-m/softfp/crtend.o
LOAD /home/rmcbee/bin/gcc-toolchain/bin/../lib/gcc/arm-none-eabi/4.9.3/armv7e-m/softfp/crtn.o

.text           0x08000000     0x6d78
 *(.isr_vector)
 .isr_vector    0x08000000      0x188 mbed/targets/cmsis/TARGET_STM/TARGET_STM32F4/TARGET_STM32F407VG/TOOLCHAIN_GCC_ARM/startup_stm32f407xx.o
                0x08000000                g_pfnVectors
 *(.text*)
 .text          0x08000188       0x5c /home/rmcbee/bin/gcc-toolchain/bin/../lib/gcc/arm-none-eabi/4.9.3/armv7e-m/softfp/crtbegin.o
 .text          0x080001e4       0x74 /home/rmcbee/bin/gcc-toolchain/bin/../lib/gcc/arm-none-eabi/4.9.3/../../../../arm-none-eabi/lib/armv7e-m/softfp/crt0.o
                0x080001e4                _mainCRTStartup
                0x080001e4                _start
 .text.Reset_Handler
                0x08000258       0x4c mbed/targets/cmsis/TARGET_STM/TARGET_STM32F4/TARGET_STM32F407VG/TOOLCHAIN_GCC_ARM/startup_stm32f407xx.o
                0x08000258                Reset_Handler
 .text.Default_Handler
                0x080002a4        0x2 mbed/targets/cmsis/TARGET_STM/TARGET_STM32F4/TARGET_STM32F407VG/TOOLCHAIN_GCC_ARM/startup_stm32f407xx.o
                0x080002a4                RTC_Alarm_IRQHandler
                0x080002a4                HASH_RNG_IRQHandler
                0x080002a4                EXTI2_IRQHandler
                0x080002a4                TIM8_CC_IRQHandler
                0x080002a4                DebugMon_Handler
                0x080002a4                TIM1_CC_IRQHandler
                0x080002a4                DMA2_Stream5_IRQHandler
                0x080002a4                HardFault_Handler
                0x080002a4                DMA1_Stream5_IRQHandler
                0x080002a4                SysTick_Handler
                0x080002a4                PVD_IRQHandler
                0x080002a4                SDIO_IRQHandler
                0x080002a4                TAMP_STAMP_IRQHandler
                0x080002a4                PendSV_Handler
                0x080002a4                NMI_Handler
                0x080002a4                CAN2_RX1_IRQHandler
                0x080002a4                EXTI3_IRQHandler
                0x080002a4                TIM8_TRG_COM_TIM14_IRQHandler
                0x080002a4                TIM1_UP_TIM10_IRQHandler
                0x080002a4                TIM8_UP_TIM13_IRQHandler
                0x080002a4                I2C3_ER_IRQHandler
                0x080002a4                EXTI0_IRQHandler
                0x080002a4                I2C2_EV_IRQHandler
                0x080002a4                DMA1_Stream2_IRQHandler
                0x080002a4                CAN1_RX0_IRQHandler
                0x080002a4                FPU_IRQHandler
                0x080002a4                OTG_HS_WKUP_IRQHandler
                0x080002a4                UsageFault_Handler
                0x080002a4                CAN2_SCE_IRQHandler
                0x080002a4                DMA2_Stream2_IRQHandler
                0x080002a4                SPI1_IRQHandler
                0x080002a4                TIM6_DAC_IRQHandler
                0x080002a4                TIM1_BRK_TIM9_IRQHandler
                0x080002a4                DCMI_IRQHandler
                0x080002a4                CAN2_RX0_IRQHandler
                0x080002a4                DMA2_Stream3_IRQHandler
                0x080002a4                USART6_IRQHandler
                0x080002a4                USART3_IRQHandler
                0x080002a4                CAN1_RX1_IRQHandler
                0x080002a4                UART5_IRQHandler
                0x080002a4                DMA2_Stream0_IRQHandler
                0x080002a4                TIM4_IRQHandler
                0x080002a4                I2C1_EV_IRQHandler
                0x080002a4                DMA1_Stream6_IRQHandler
                0x080002a4                DMA1_Stream1_IRQHandler
                0x080002a4                UART4_IRQHandler
                0x080002a4                TIM3_IRQHandler
                0x080002a4                RCC_IRQHandler
                0x080002a4                TIM8_BRK_TIM12_IRQHandler
                0x080002a4                Default_Handler
                0x080002a4                EXTI15_10_IRQHandler
                0x080002a4                ADC_IRQHandler
                0x080002a4                DMA1_Stream7_IRQHandler
                0x080002a4                TIM7_IRQHandler
                0x080002a4                CAN2_TX_IRQHandler
                0x080002a4                TIM5_IRQHandler
                0x080002a4                DMA2_Stream7_IRQHandler
                0x080002a4                I2C3_EV_IRQHandler
                0x080002a4                EXTI9_5_IRQHandler
                0x080002a4                RTC_WKUP_IRQHandler
                0x080002a4                ETH_WKUP_IRQHandler
                0x080002a4                SPI2_IRQHandler
                0x080002a4                OTG_HS_EP1_IN_IRQHandler
                0x080002a4                MemManage_Handler
                0x080002a4                DMA1_Stream0_IRQHandler
                0x080002a4                CAN1_TX_IRQHandler
                0x080002a4                SVC_Handler
                0x080002a4                EXTI4_IRQHandler
                0x080002a4                FSMC_IRQHandler
                0x080002a4                ETH_IRQHandler
                0x080002a4                OTG_HS_EP1_OUT_IRQHandler
                0x080002a4                WWDG_IRQHandler
                0x080002a4                TIM2_IRQHandler
                0x080002a4                OTG_FS_WKUP_IRQHandler
                0x080002a4                TIM1_TRG_COM_TIM11_IRQHandler
                0x080002a4                OTG_HS_IRQHandler
                0x080002a4                EXTI1_IRQHandler
                0x080002a4                USART2_IRQHandler
                0x080002a4                I2C2_ER_IRQHandler
                0x080002a4                DMA2_Stream1_IRQHandler
                0x080002a4                CAN1_SCE_IRQHandler
                0x080002a4                FLASH_IRQHandler
                0x080002a4                DMA2_Stream4_IRQHandler
                0x080002a4                BusFault_Handler
                0x080002a4                USART1_IRQHandler
                0x080002a4                OTG_FS_IRQHandler
                0x080002a4                SPI3_IRQHandler
                0x080002a4                DMA1_Stream4_IRQHandler
                0x080002a4                I2C1_ER_IRQHandler
                0x080002a4                DMA2_Stream6_IRQHandler
                0x080002a4                DMA1_Stream3_IRQHandler
 *fill*         0x080002a6        0x2 
 .text.pinmap_pinout
                0x080002a8       0x3c mbed/common/pinmap_common.o
                0x080002a8                pinmap_pinout
 .text.pinmap_merge
                0x080002e4       0x24 mbed/common/pinmap_common.o
                0x080002e4                pinmap_merge
 .text.pinmap_find_peripheral
                0x08000308       0x18 mbed/common/pinmap_common.o
                0x08000308                pinmap_find_peripheral
 .text.pinmap_peripheral
                0x08000320       0x20 mbed/common/pinmap_common.o
                0x08000320                pinmap_peripheral
 .text.mbed_die
                0x08000340       0x28 mbed/common/board.o
                0x08000340                mbed_die
 .text.ticker_irq_handler
                0x08000368       0x48 mbed/common/ticker_api.o
                0x08000368                ticker_irq_handler
 .text._gpio_init_in
                0x080003b0       0x26 mbed/common/gpio.o
 .text.gpio_init_in
                0x080003d6        0x6 mbed/common/gpio.o
                0x080003d6                gpio_init_in
 .text.gpio_init_out_ex
                0x080003dc       0x30 mbed/common/gpio.o
                0x080003dc                gpio_init_out_ex
 .text.gpio_init_out
                0x0800040c        0x6 mbed/common/gpio.o
                0x0800040c                gpio_init_out
 *fill*         0x08000412        0x2 
 .text.error    0x08000414       0x20 mbed/common/error.o
                0x08000414                error
 .text.wait_us  0x08000434       0x16 mbed/common/wait_api.o
                0x08000434                wait_us
 *fill*         0x0800044a        0x2 
 .text.wait     0x0800044c       0x1c mbed/common/wait_api.o
                0x0800044c                wait
 .text.wait_ms  0x08000468        0xa mbed/common/wait_api.o
                0x08000468                wait_ms
 *fill*         0x08000472        0x2 
 .text.us_ticker_irq_handler
                0x08000474        0xc mbed/common/us_ticker_api.o
                0x08000474                us_ticker_irq_handler
 .text.Set_GPIO_Clock
                0x08000480      0x128 mbed/targets/hal/TARGET_STM/TARGET_STM32F4/pinmap.o
                0x08000480                Set_GPIO_Clock
 .text.pin_function
                0x080005a8       0x44 mbed/targets/hal/TARGET_STM/TARGET_STM32F4/pinmap.o
                0x080005a8                pin_function
 .text.pin_mode
                0x080005ec       0x2e mbed/targets/hal/TARGET_STM/TARGET_STM32F4/pinmap.o
                0x080005ec                pin_mode
 .text.mbed_sdk_init
                0x0800061a        0xe mbed/targets/hal/TARGET_STM/TARGET_STM32F4/mbed_overrides.o
                0x0800061a                mbed_sdk_init
 .text.init_uart
                0x08000628       0x54 mbed/targets/hal/TARGET_STM/TARGET_STM32F4/serial_api.o
 .text.serial_init
                0x0800067c      0x170 mbed/targets/hal/TARGET_STM/TARGET_STM32F4/serial_api.o
                0x0800067c                serial_init
 .text.serial_readable
                0x080007ec       0x14 mbed/targets/hal/TARGET_STM/TARGET_STM32F4/serial_api.o
                0x080007ec                serial_readable
 .text.serial_getc
                0x08000800       0x18 mbed/targets/hal/TARGET_STM/TARGET_STM32F4/serial_api.o
                0x08000800                serial_getc
 .text.serial_writable
                0x08000818       0x14 mbed/targets/hal/TARGET_STM/TARGET_STM32F4/serial_api.o
                0x08000818                serial_writable
 .text.serial_putc
                0x0800082c       0x1a mbed/targets/hal/TARGET_STM/TARGET_STM32F4/serial_api.o
                0x0800082c                serial_putc
 *fill*         0x08000846        0x2 
 .text.us_ticker_init
                0x08000848       0x24 mbed/targets/hal/TARGET_STM/TARGET_STM32F4/us_ticker.o
                0x08000848                us_ticker_init
 .text.us_ticker_read
                0x0800086c       0x1c mbed/targets/hal/TARGET_STM/TARGET_STM32F4/us_ticker.o
                0x0800086c                us_ticker_read
 .text.us_ticker_set_interrupt
                0x08000888       0x14 mbed/targets/hal/TARGET_STM/TARGET_STM32F4/us_ticker.o
                0x08000888                us_ticker_set_interrupt
 .text.us_ticker_disable_interrupt
                0x0800089c       0x14 mbed/targets/hal/TARGET_STM/TARGET_STM32F4/us_ticker.o
                0x0800089c                us_ticker_disable_interrupt
 .text.us_ticker_clear_interrupt
                0x080008b0       0x10 mbed/targets/hal/TARGET_STM/TARGET_STM32F4/us_ticker.o
                0x080008b0                us_ticker_clear_interrupt
 .text.gpio_set
                0x080008c0       0x14 mbed/targets/hal/TARGET_STM/TARGET_STM32F4/gpio_api.o
                0x080008c0                gpio_set
 .text.gpio_init
                0x080008d4       0x2a mbed/targets/hal/TARGET_STM/TARGET_STM32F4/gpio_api.o
                0x080008d4                gpio_init
 .text.gpio_mode
                0x080008fe        0x8 mbed/targets/hal/TARGET_STM/TARGET_STM32F4/gpio_api.o
                0x080008fe                gpio_mode
 .text.gpio_dir
                0x08000906        0xe mbed/targets/hal/TARGET_STM/TARGET_STM32F4/gpio_api.o
                0x08000906                gpio_dir
 .text.HAL_RCC_OscConfig
                0x08000914      0x320 mbed/targets/cmsis/TARGET_STM/TARGET_STM32F4/stm32f4xx_hal_rcc.o
                0x08000914                HAL_RCC_OscConfig
 .text.HAL_RCC_ClockConfig
                0x08000c34      0x208 mbed/targets/cmsis/TARGET_STM/TARGET_STM32F4/stm32f4xx_hal_rcc.o
                0x08000c34                HAL_RCC_ClockConfig
 .text.HAL_RCC_GetSysClockFreq
                0x08000e3c       0x84 mbed/targets/cmsis/TARGET_STM/TARGET_STM32F4/stm32f4xx_hal_rcc.o
                0x08000e3c                HAL_RCC_GetSysClockFreq
 .text.HAL_RCC_GetHCLKFreq
                0x08000ec0       0x38 mbed/targets/cmsis/TARGET_STM/TARGET_STM32F4/stm32f4xx_hal_rcc.o
                0x08000ec0                HAL_RCC_GetHCLKFreq
 .text.HAL_RCC_GetPCLK1Freq
                0x08000ef8       0x30 mbed/targets/cmsis/TARGET_STM/TARGET_STM32F4/stm32f4xx_hal_rcc.o
                0x08000ef8                HAL_RCC_GetPCLK1Freq
 .text.HAL_RCC_GetPCLK2Freq
                0x08000f28       0x30 mbed/targets/cmsis/TARGET_STM/TARGET_STM32F4/stm32f4xx_hal_rcc.o
                0x08000f28                HAL_RCC_GetPCLK2Freq
 .text.HAL_NVIC_SetPriorityGrouping
                0x08000f58       0x24 mbed/targets/cmsis/TARGET_STM/TARGET_STM32F4/stm32f4xx_hal_cortex.o
                0x08000f58                HAL_NVIC_SetPriorityGrouping
 .text.UART_SetConfig
                0x08000f7c      0x148 mbed/targets/cmsis/TARGET_STM/TARGET_STM32F4/stm32f4xx_hal_uart.o
 .text.HAL_UART_MspInit
                0x080010c4        0x2 mbed/targets/cmsis/TARGET_STM/TARGET_STM32F4/stm32f4xx_hal_uart.o
                0x080010c4                HAL_UART_MspInit
 .text.HAL_UART_Init
                0x080010c6       0x58 mbed/targets/cmsis/TARGET_STM/TARGET_STM32F4/stm32f4xx_hal_uart.o
                0x080010c6                HAL_UART_Init
 .text.HAL_TIM_OC_MspInit
                0x0800111e        0x2 mbed/targets/cmsis/TARGET_STM/TARGET_STM32F4/stm32f4xx_hal_tim.o
                0x0800111e                HAL_TIM_OC_MspInit
 .text.TIM_Base_SetConfig
                0x08001120       0xc8 mbed/targets/cmsis/TARGET_STM/TARGET_STM32F4/stm32f4xx_hal_tim.o
                0x08001120                TIM_Base_SetConfig
 .text.HAL_TIM_OC_Init
                0x080011e8       0x34 mbed/targets/cmsis/TARGET_STM/TARGET_STM32F4/stm32f4xx_hal_tim.o
                0x080011e8                HAL_TIM_OC_Init
 .text.TIM_CCxChannelCmd
                0x0800121c       0x18 mbed/targets/cmsis/TARGET_STM/TARGET_STM32F4/stm32f4xx_hal_tim.o
                0x0800121c                TIM_CCxChannelCmd
 .text.HAL_TIM_OC_Start
                0x08001234       0x34 mbed/targets/cmsis/TARGET_STM/TARGET_STM32F4/stm32f4xx_hal_tim.o
                0x08001234                HAL_TIM_OC_Start
 .text.HAL_MspInit
                0x08001268        0x2 mbed/targets/cmsis/TARGET_STM/TARGET_STM32F4/stm32f4xx_hal.o
                0x08001268                HAL_MspInit
 *fill*         0x0800126a        0x2 
 .text.HAL_Init
                0x0800126c       0x2c mbed/targets/cmsis/TARGET_STM/TARGET_STM32F4/stm32f4xx_hal.o
                0x0800126c                HAL_Init
 .text.HAL_IncTick
                0x08001298       0x10 mbed/targets/cmsis/TARGET_STM/TARGET_STM32F4/stm32f4xx_hal.o
                0x08001298                HAL_IncTick
 .text.HAL_GetTick
                0x080012a8        0xc mbed/targets/cmsis/TARGET_STM/TARGET_STM32F4/stm32f4xx_hal.o
                0x080012a8                HAL_GetTick
 .text.HAL_GPIO_Init
                0x080012b4      0x1c8 mbed/targets/cmsis/TARGET_STM/TARGET_STM32F4/stm32f4xx_hal_gpio.o
                0x080012b4                HAL_GPIO_Init
 .text.timer_irq_handler
                0x0800147c       0x50 mbed/targets/cmsis/TARGET_STM/TARGET_STM32F4/TARGET_STM32F407VG/hal_tick.o
                0x0800147c                timer_irq_handler
 .text.HAL_InitTick
                0x080014cc       0xbc mbed/targets/cmsis/TARGET_STM/TARGET_STM32F4/TARGET_STM32F407VG/hal_tick.o
                0x080014cc                HAL_InitTick
 .text.NVIC_SetVector
                0x08001588       0x40 mbed/targets/cmsis/TARGET_STM/TARGET_STM32F4/TARGET_STM32F407VG/cmsis_nvic.o
                0x08001588                NVIC_SetVector
 .text.SystemCoreClockUpdate
                0x080015c8       0x74 mbed/targets/cmsis/TARGET_STM/TARGET_STM32F4/TARGET_STM32F407VG/system_stm32f4xx.o
                0x080015c8                SystemCoreClockUpdate
 .text.SetSysClock_PLL_HSE
                0x0800163c       0x90 mbed/targets/cmsis/TARGET_STM/TARGET_STM32F4/TARGET_STM32F407VG/system_stm32f4xx.o
                0x0800163c                SetSysClock_PLL_HSE
 .text.SetSysClock_PLL_HSI
                0x080016cc       0x8c mbed/targets/cmsis/TARGET_STM/TARGET_STM32F4/TARGET_STM32F407VG/system_stm32f4xx.o
                0x080016cc                SetSysClock_PLL_HSI
 .text.SetSysClock
                0x08001758       0x1a mbed/targets/cmsis/TARGET_STM/TARGET_STM32F4/TARGET_STM32F407VG/system_stm32f4xx.o
                0x08001758                SetSysClock
 *fill*         0x08001772        0x2 
 .text.SystemInit
                0x08001774       0x78 mbed/targets/cmsis/TARGET_STM/TARGET_STM32F4/TARGET_STM32F407VG/system_stm32f4xx.o
                0x08001774                SystemInit
 .text.startup.main
                0x080017ec       0x28 main.o
                0x080017ec                main
 .text.startup._GLOBAL__sub_I_out
                0x08001814       0x38 main.o
 .text._ZL11init_serialv
                0x0800184c       0x1c mbed/common/retarget.o
 .text._close   0x08001868       0x2c mbed/common/retarget.o
                0x08001868                _close
 .text._write   0x08001894       0x50 mbed/common/retarget.o
                0x08001894                _write
 .text._read    0x080018e4       0x44 mbed/common/retarget.o
                0x080018e4                _read
 .text._isatty  0x08001928       0x24 mbed/common/retarget.o
                0x08001928                _isatty
 .text._lseek   0x0800194c       0x24 mbed/common/retarget.o
                0x0800194c                _lseek
 .text._fstat   0x08001970       0x1e mbed/common/retarget.o
                0x08001970                _fstat
 .text.mbed_main
                0x0800198e        0x2 mbed/common/retarget.o
                0x0800198e                mbed_main
 .text.__wrap_main
                0x08001990       0x12 mbed/common/retarget.o
                0x08001990                __wrap_main
 *fill*         0x080019a2        0x2 
 .text._sbrk    0x080019a4       0x28 mbed/common/retarget.o
                0x080019a4                _sbrk
 .text._exit    0x080019cc       0x24 mbed/common/retarget.o
                0x080019cc                _exit
 .text.__errno  0x080019f0        0xc /home/rmcbee/bin/gcc-toolchain/bin/../lib/gcc/arm-none-eabi/4.9.3/../../../../arm-none-eabi/lib/armv7e-m/softfp/libc_nano.a(lib_a-errno.o)
                0x080019f0                __errno
 .text.exit     0x080019fc       0x28 /home/rmcbee/bin/gcc-toolchain/bin/../lib/gcc/arm-none-eabi/4.9.3/../../../../arm-none-eabi/lib/armv7e-m/softfp/libc_nano.a(lib_a-exit.o)
                0x080019fc                exit
 .text.__sflush_r
                0x08001a24      0x108 /home/rmcbee/bin/gcc-toolchain/bin/../lib/gcc/arm-none-eabi/4.9.3/../../../../arm-none-eabi/lib/armv7e-m/softfp/libc_nano.a(lib_a-fflush.o)
                0x08001a24                __sflush_r
 .text._fflush_r
                0x08001b2c       0x54 /home/rmcbee/bin/gcc-toolchain/bin/../lib/gcc/arm-none-eabi/4.9.3/../../../../arm-none-eabi/lib/armv7e-m/softfp/libc_nano.a(lib_a-fflush.o)
                0x08001b2c                _fflush_r
 .text.fflush   0x08001b80       0x24 /home/rmcbee/bin/gcc-toolchain/bin/../lib/gcc/arm-none-eabi/4.9.3/../../../../arm-none-eabi/lib/armv7e-m/softfp/libc_nano.a(lib_a-fflush.o)
                0x08001b80                fflush
 .text._cleanup_r
                0x08001ba4        0xc /home/rmcbee/bin/gcc-toolchain/bin/../lib/gcc/arm-none-eabi/4.9.3/../../../../arm-none-eabi/lib/armv7e-m/softfp/libc_nano.a(lib_a-findfp.o)
                0x08001ba4                _cleanup_r
 .text.std.isra.0
                0x08001bb0       0x48 /home/rmcbee/bin/gcc-toolchain/bin/../lib/gcc/arm-none-eabi/4.9.3/../../../../arm-none-eabi/lib/armv7e-m/softfp/libc_nano.a(lib_a-findfp.o)
 .text.__sfmoreglue
                0x08001bf8       0x2c /home/rmcbee/bin/gcc-toolchain/bin/../lib/gcc/arm-none-eabi/4.9.3/../../../../arm-none-eabi/lib/armv7e-m/softfp/libc_nano.a(lib_a-findfp.o)
                0x08001bf8                __sfmoreglue
 .text.__sinit  0x08001c24       0x60 /home/rmcbee/bin/gcc-toolchain/bin/../lib/gcc/arm-none-eabi/4.9.3/../../../../arm-none-eabi/lib/armv7e-m/softfp/libc_nano.a(lib_a-findfp.o)
                0x08001c24                __sinit
 .text.__sfp    0x08001c84       0x74 /home/rmcbee/bin/gcc-toolchain/bin/../lib/gcc/arm-none-eabi/4.9.3/../../../../arm-none-eabi/lib/armv7e-m/softfp/libc_nano.a(lib_a-findfp.o)
                0x08001c84                __sfp
 .text._fwalk_reent
                0x08001cf8       0x3c /home/rmcbee/bin/gcc-toolchain/bin/../lib/gcc/arm-none-eabi/4.9.3/../../../../arm-none-eabi/lib/armv7e-m/softfp/libc_nano.a(lib_a-fwalk.o)
                0x08001cf8                _fwalk_reent
 .text.__libc_init_array
                0x08001d34       0x4c /home/rmcbee/bin/gcc-toolchain/bin/../lib/gcc/arm-none-eabi/4.9.3/../../../../arm-none-eabi/lib/armv7e-m/softfp/libc_nano.a(lib_a-init.o)
                0x08001d34                __libc_init_array
 .text.__smakebuf_r
                0x08001d80       0x9c /home/rmcbee/bin/gcc-toolchain/bin/../lib/gcc/arm-none-eabi/4.9.3/../../../../arm-none-eabi/lib/armv7e-m/softfp/libc_nano.a(lib_a-makebuf.o)
                0x08001d80                __smakebuf_r
 .text.malloc   0x08001e1c       0x10 /home/rmcbee/bin/gcc-toolchain/bin/../lib/gcc/arm-none-eabi/4.9.3/../../../../arm-none-eabi/lib/armv7e-m/softfp/libc_nano.a(lib_a-malloc.o)
                0x08001e1c                malloc
 .text.memchr   0x08001e2c       0x1e /home/rmcbee/bin/gcc-toolchain/bin/../lib/gcc/arm-none-eabi/4.9.3/../../../../arm-none-eabi/lib/armv7e-m/softfp/libc_nano.a(lib_a-memchr.o)
                0x08001e2c                memchr
 .text.memcpy   0x08001e4a       0x16 /home/rmcbee/bin/gcc-toolchain/bin/../lib/gcc/arm-none-eabi/4.9.3/../../../../arm-none-eabi/lib/armv7e-m/softfp/libc_nano.a(lib_a-memcpy.o)
                0x08001e4a                memcpy
 .text.memmove  0x08001e60       0x36 /home/rmcbee/bin/gcc-toolchain/bin/../lib/gcc/arm-none-eabi/4.9.3/../../../../arm-none-eabi/lib/armv7e-m/softfp/libc_nano.a(lib_a-memmove.o)
                0x08001e60                memmove
 .text.memset   0x08001e96       0x10 /home/rmcbee/bin/gcc-toolchain/bin/../lib/gcc/arm-none-eabi/4.9.3/../../../../arm-none-eabi/lib/armv7e-m/softfp/libc_nano.a(lib_a-memset.o)
                0x08001e96                memset
 *fill*         0x08001ea6        0x2 
 .text._free_r  0x08001ea8       0x88 /home/rmcbee/bin/gcc-toolchain/bin/../lib/gcc/arm-none-eabi/4.9.3/../../../../arm-none-eabi/lib/armv7e-m/softfp/libc_nano.a(lib_a-nano-freer.o)
                0x08001ea8                _free_r
 .text._malloc_r
                0x08001f30       0xac /home/rmcbee/bin/gcc-toolchain/bin/../lib/gcc/arm-none-eabi/4.9.3/../../../../arm-none-eabi/lib/armv7e-m/softfp/libc_nano.a(lib_a-nano-mallocr.o)
                0x08001f30                _malloc_r
 .text.__sfputc_r
                0x08001fdc       0x2c /home/rmcbee/bin/gcc-toolchain/bin/../lib/gcc/arm-none-eabi/4.9.3/../../../../arm-none-eabi/lib/armv7e-m/softfp/libc_nano.a(lib_a-nano-vfprintf.o)
 .text.__sfputs_r
                0x08002008       0x24 /home/rmcbee/bin/gcc-toolchain/bin/../lib/gcc/arm-none-eabi/4.9.3/../../../../arm-none-eabi/lib/armv7e-m/softfp/libc_nano.a(lib_a-nano-vfprintf.o)
                0x08002008                __sfputs_r
 .text._vfprintf_r
                0x0800202c      0x210 /home/rmcbee/bin/gcc-toolchain/bin/../lib/gcc/arm-none-eabi/4.9.3/../../../../arm-none-eabi/lib/armv7e-m/softfp/libc_nano.a(lib_a-nano-vfprintf.o)
                0x0800202c                _vfiprintf_r
                0x0800202c                _vfprintf_r
 .text.vfprintf
                0x0800223c       0x1c /home/rmcbee/bin/gcc-toolchain/bin/../lib/gcc/arm-none-eabi/4.9.3/../../../../arm-none-eabi/lib/armv7e-m/softfp/libc_nano.a(lib_a-nano-vfprintf.o)
                0x0800223c                vfiprintf
                0x0800223c                vfprintf
 .text.__cvt    0x08002258       0xc0 /home/rmcbee/bin/gcc-toolchain/bin/../lib/gcc/arm-none-eabi/4.9.3/../../../../arm-none-eabi/lib/armv7e-m/softfp/libc_nano.a(lib_a-nano-vfprintf_float.o)
                0x08002258                __cvt
 .text.__exponent
                0x08002318       0x60 /home/rmcbee/bin/gcc-toolchain/bin/../lib/gcc/arm-none-eabi/4.9.3/../../../../arm-none-eabi/lib/armv7e-m/softfp/libc_nano.a(lib_a-nano-vfprintf_float.o)
                0x08002318                __exponent
 .text._printf_float
                0x08002378      0x48c /home/rmcbee/bin/gcc-toolchain/bin/../lib/gcc/arm-none-eabi/4.9.3/../../../../arm-none-eabi/lib/armv7e-m/softfp/libc_nano.a(lib_a-nano-vfprintf_float.o)
                0x08002378                _printf_float
 .text._printf_common
                0x08002804       0xea /home/rmcbee/bin/gcc-toolchain/bin/../lib/gcc/arm-none-eabi/4.9.3/../../../../arm-none-eabi/lib/armv7e-m/softfp/libc_nano.a(lib_a-nano-vfprintf_i.o)
                0x08002804                _printf_common
 *fill*         0x080028ee        0x2 
 .text._printf_i
                0x080028f0      0x240 /home/rmcbee/bin/gcc-toolchain/bin/../lib/gcc/arm-none-eabi/4.9.3/../../../../arm-none-eabi/lib/armv7e-m/softfp/libc_nano.a(lib_a-nano-vfprintf_i.o)
                0x080028f0                _printf_i
 .text._scanf_float
                0x08002b30      0x3cc /home/rmcbee/bin/gcc-toolchain/bin/../lib/gcc/arm-none-eabi/4.9.3/../../../../arm-none-eabi/lib/armv7e-m/softfp/libc_nano.a(lib_a-nano-vfscanf_float.o)
                0x08002b30                _scanf_float
 .text.__fpclassifyd
                0x08002efc       0x54 /home/rmcbee/bin/gcc-toolchain/bin/../lib/gcc/arm-none-eabi/4.9.3/../../../../arm-none-eabi/lib/armv7e-m/softfp/libc_nano.a(lib_a-s_fpclassify.o)
                0x08002efc                __fpclassifyd
 .text._sbrk_r  0x08002f50       0x20 /home/rmcbee/bin/gcc-toolchain/bin/../lib/gcc/arm-none-eabi/4.9.3/../../../../arm-none-eabi/lib/armv7e-m/softfp/libc_nano.a(lib_a-sbrkr.o)
                0x08002f50                _sbrk_r
 .text.nanf     0x08002f70        0x8 /home/rmcbee/bin/gcc-toolchain/bin/../lib/gcc/arm-none-eabi/4.9.3/../../../../arm-none-eabi/lib/armv7e-m/softfp/libc_nano.a(lib_a-sf_nan.o)
                0x08002f70                nanf
 .text.sprintf  0x08002f78       0x48 /home/rmcbee/bin/gcc-toolchain/bin/../lib/gcc/arm-none-eabi/4.9.3/../../../../arm-none-eabi/lib/armv7e-m/softfp/libc_nano.a(lib_a-sprintf.o)
                0x08002f78                sprintf
                0x08002f78                siprintf
 .text.__sread  0x08002fc0       0x22 /home/rmcbee/bin/gcc-toolchain/bin/../lib/gcc/arm-none-eabi/4.9.3/../../../../arm-none-eabi/lib/armv7e-m/softfp/libc_nano.a(lib_a-stdio.o)
                0x08002fc0                __sread
 .text.__swrite
                0x08002fe2       0x38 /home/rmcbee/bin/gcc-toolchain/bin/../lib/gcc/arm-none-eabi/4.9.3/../../../../arm-none-eabi/lib/armv7e-m/softfp/libc_nano.a(lib_a-stdio.o)
                0x08002fe2                __swrite
 .text.__sseek  0x0800301a       0x24 /home/rmcbee/bin/gcc-toolchain/bin/../lib/gcc/arm-none-eabi/4.9.3/../../../../arm-none-eabi/lib/armv7e-m/softfp/libc_nano.a(lib_a-stdio.o)
                0x0800301a                __sseek
 .text.__sclose
                0x0800303e        0x8 /home/rmcbee/bin/gcc-toolchain/bin/../lib/gcc/arm-none-eabi/4.9.3/../../../../arm-none-eabi/lib/armv7e-m/softfp/libc_nano.a(lib_a-stdio.o)
                0x0800303e                __sclose
 .text.strlen   0x08003046       0x10 /home/rmcbee/bin/gcc-toolchain/bin/../lib/gcc/arm-none-eabi/4.9.3/../../../../arm-none-eabi/lib/armv7e-m/softfp/libc_nano.a(lib_a-strlen.o)
                0x08003046                strlen
 .text.strncmp  0x08003056       0x34 /home/rmcbee/bin/gcc-toolchain/bin/../lib/gcc/arm-none-eabi/4.9.3/../../../../arm-none-eabi/lib/armv7e-m/softfp/libc_nano.a(lib_a-strncmp.o)
                0x08003056                strncmp
 .text.match    0x0800308a       0x26 /home/rmcbee/bin/gcc-toolchain/bin/../lib/gcc/arm-none-eabi/4.9.3/../../../../arm-none-eabi/lib/armv7e-m/softfp/libc_nano.a(lib_a-strtod.o)
 .text.sulp     0x080030b0       0x42 /home/rmcbee/bin/gcc-toolchain/bin/../lib/gcc/arm-none-eabi/4.9.3/../../../../arm-none-eabi/lib/armv7e-m/softfp/libc_nano.a(lib_a-strtod.o)
 *fill*         0x080030f2        0x6 
 .text._strtod_r
                0x080030f8      0xc28 /home/rmcbee/bin/gcc-toolchain/bin/../lib/gcc/arm-none-eabi/4.9.3/../../../../arm-none-eabi/lib/armv7e-m/softfp/libc_nano.a(lib_a-strtod.o)
                0x080030f8                _strtod_r
 .text._strtol_r
                0x08003d20      0x10c /home/rmcbee/bin/gcc-toolchain/bin/../lib/gcc/arm-none-eabi/4.9.3/../../../../arm-none-eabi/lib/armv7e-m/softfp/libc_nano.a(lib_a-strtol.o)
                0x08003d20                _strtol_r
 .text.__swbuf_r
                0x08003e2c       0xa8 /home/rmcbee/bin/gcc-toolchain/bin/../lib/gcc/arm-none-eabi/4.9.3/../../../../arm-none-eabi/lib/armv7e-m/softfp/libc_nano.a(lib_a-wbuf.o)
                0x08003e2c                __swbuf_r
 .text._write_r
                0x08003ed4       0x24 /home/rmcbee/bin/gcc-toolchain/bin/../lib/gcc/arm-none-eabi/4.9.3/../../../../arm-none-eabi/lib/armv7e-m/softfp/libc_nano.a(lib_a-writer.o)
                0x08003ed4                _write_r
 .text.__swsetup_r
                0x08003ef8       0xd8 /home/rmcbee/bin/gcc-toolchain/bin/../lib/gcc/arm-none-eabi/4.9.3/../../../../arm-none-eabi/lib/armv7e-m/softfp/libc_nano.a(lib_a-wsetup.o)
                0x08003ef8                __swsetup_r
 .text._close_r
                0x08003fd0       0x20 /home/rmcbee/bin/gcc-toolchain/bin/../lib/gcc/arm-none-eabi/4.9.3/../../../../arm-none-eabi/lib/armv7e-m/softfp/libc_nano.a(lib_a-closer.o)
                0x08003fd0                _close_r
 .text.quorem   0x08003ff0      0x11a /home/rmcbee/bin/gcc-toolchain/bin/../lib/gcc/arm-none-eabi/4.9.3/../../../../arm-none-eabi/lib/armv7e-m/softfp/libc_nano.a(lib_a-dtoa.o)
 *fill*         0x0800410a        0x6 
 .text._dtoa_r  0x08004110      0xb88 /home/rmcbee/bin/gcc-toolchain/bin/../lib/gcc/arm-none-eabi/4.9.3/../../../../arm-none-eabi/lib/armv7e-m/softfp/libc_nano.a(lib_a-dtoa.o)
                0x08004110                _dtoa_r
 .text._fstat_r
                0x08004c98       0x24 /home/rmcbee/bin/gcc-toolchain/bin/../lib/gcc/arm-none-eabi/4.9.3/../../../../arm-none-eabi/lib/armv7e-m/softfp/libc_nano.a(lib_a-fstatr.o)
                0x08004c98                _fstat_r
 .text.rshift   0x08004cbc       0x6c /home/rmcbee/bin/gcc-toolchain/bin/../lib/gcc/arm-none-eabi/4.9.3/../../../../arm-none-eabi/lib/armv7e-m/softfp/libc_nano.a(lib_a-gdtoa-gethex.o)
 .text.__hexdig_fun
                0x08004d28       0x2a /home/rmcbee/bin/gcc-toolchain/bin/../lib/gcc/arm-none-eabi/4.9.3/../../../../arm-none-eabi/lib/armv7e-m/softfp/libc_nano.a(lib_a-gdtoa-gethex.o)
                0x08004d28                __hexdig_fun
 .text.__gethex
                0x08004d52      0x44a /home/rmcbee/bin/gcc-toolchain/bin/../lib/gcc/arm-none-eabi/4.9.3/../../../../arm-none-eabi/lib/armv7e-m/softfp/libc_nano.a(lib_a-gdtoa-gethex.o)
                0x08004d52                __gethex
 .text.L_shift  0x0800519c       0x24 /home/rmcbee/bin/gcc-toolchain/bin/../lib/gcc/arm-none-eabi/4.9.3/../../../../arm-none-eabi/lib/armv7e-m/softfp/libc_nano.a(lib_a-gdtoa-hexnan.o)
 .text.__hexnan
                0x080051c0      0x114 /home/rmcbee/bin/gcc-toolchain/bin/../lib/gcc/arm-none-eabi/4.9.3/../../../../arm-none-eabi/lib/armv7e-m/softfp/libc_nano.a(lib_a-gdtoa-hexnan.o)
                0x080051c0                __hexnan
 .text._isatty_r
                0x080052d4       0x20 /home/rmcbee/bin/gcc-toolchain/bin/../lib/gcc/arm-none-eabi/4.9.3/../../../../arm-none-eabi/lib/armv7e-m/softfp/libc_nano.a(lib_a-isattyr.o)
                0x080052d4                _isatty_r
 .text._localeconv_r
                0x080052f4        0x8 /home/rmcbee/bin/gcc-toolchain/bin/../lib/gcc/arm-none-eabi/4.9.3/../../../../arm-none-eabi/lib/armv7e-m/softfp/libc_nano.a(lib_a-locale.o)
                0x080052f4                _localeconv_r
 .text._lseek_r
                0x080052fc       0x24 /home/rmcbee/bin/gcc-toolchain/bin/../lib/gcc/arm-none-eabi/4.9.3/../../../../arm-none-eabi/lib/armv7e-m/softfp/libc_nano.a(lib_a-lseekr.o)
                0x080052fc                _lseek_r
 .text._Balloc  0x08005320       0x6a /home/rmcbee/bin/gcc-toolchain/bin/../lib/gcc/arm-none-eabi/4.9.3/../../../../arm-none-eabi/lib/armv7e-m/softfp/libc_nano.a(lib_a-mprec.o)
                0x08005320                _Balloc
 .text._Bfree   0x0800538a       0x2e /home/rmcbee/bin/gcc-toolchain/bin/../lib/gcc/arm-none-eabi/4.9.3/../../../../arm-none-eabi/lib/armv7e-m/softfp/libc_nano.a(lib_a-mprec.o)
                0x0800538a                _Bfree
 .text.__multadd
                0x080053b8       0x7c /home/rmcbee/bin/gcc-toolchain/bin/../lib/gcc/arm-none-eabi/4.9.3/../../../../arm-none-eabi/lib/armv7e-m/softfp/libc_nano.a(lib_a-mprec.o)
                0x080053b8                __multadd
 .text.__s2b    0x08005434       0x80 /home/rmcbee/bin/gcc-toolchain/bin/../lib/gcc/arm-none-eabi/4.9.3/../../../../arm-none-eabi/lib/armv7e-m/softfp/libc_nano.a(lib_a-mprec.o)
                0x08005434                __s2b
 .text.__hi0bits
                0x080054b4       0x40 /home/rmcbee/bin/gcc-toolchain/bin/../lib/gcc/arm-none-eabi/4.9.3/../../../../arm-none-eabi/lib/armv7e-m/softfp/libc_nano.a(lib_a-mprec.o)
                0x080054b4                __hi0bits
 .text.__lo0bits
                0x080054f4       0x5a /home/rmcbee/bin/gcc-toolchain/bin/../lib/gcc/arm-none-eabi/4.9.3/../../../../arm-none-eabi/lib/armv7e-m/softfp/libc_nano.a(lib_a-mprec.o)
                0x080054f4                __lo0bits
 .text.__i2b    0x0800554e       0x12 /home/rmcbee/bin/gcc-toolchain/bin/../lib/gcc/arm-none-eabi/4.9.3/../../../../arm-none-eabi/lib/armv7e-m/softfp/libc_nano.a(lib_a-mprec.o)
                0x0800554e                __i2b
 .text.__multiply
                0x08005560      0x122 /home/rmcbee/bin/gcc-toolchain/bin/../lib/gcc/arm-none-eabi/4.9.3/../../../../arm-none-eabi/lib/armv7e-m/softfp/libc_nano.a(lib_a-mprec.o)
                0x08005560                __multiply
 *fill*         0x08005682        0x2 
 .text.__pow5mult
                0x08005684       0x9c /home/rmcbee/bin/gcc-toolchain/bin/../lib/gcc/arm-none-eabi/4.9.3/../../../../arm-none-eabi/lib/armv7e-m/softfp/libc_nano.a(lib_a-mprec.o)
                0x08005684                __pow5mult
 .text.__lshift
                0x08005720       0xa6 /home/rmcbee/bin/gcc-toolchain/bin/../lib/gcc/arm-none-eabi/4.9.3/../../../../arm-none-eabi/lib/armv7e-m/softfp/libc_nano.a(lib_a-mprec.o)
                0x08005720                __lshift
 .text.__mcmp   0x080057c6       0x38 /home/rmcbee/bin/gcc-toolchain/bin/../lib/gcc/arm-none-eabi/4.9.3/../../../../arm-none-eabi/lib/armv7e-m/softfp/libc_nano.a(lib_a-mprec.o)
                0x080057c6                __mcmp
 .text.__mdiff  0x080057fe       0xbe /home/rmcbee/bin/gcc-toolchain/bin/../lib/gcc/arm-none-eabi/4.9.3/../../../../arm-none-eabi/lib/armv7e-m/softfp/libc_nano.a(lib_a-mprec.o)
                0x080057fe                __mdiff
 .text.__ulp    0x080058bc       0x48 /home/rmcbee/bin/gcc-toolchain/bin/../lib/gcc/arm-none-eabi/4.9.3/../../../../arm-none-eabi/lib/armv7e-m/softfp/libc_nano.a(lib_a-mprec.o)
                0x080058bc                __ulp
 .text.__b2d    0x08005904       0x9e /home/rmcbee/bin/gcc-toolchain/bin/../lib/gcc/arm-none-eabi/4.9.3/../../../../arm-none-eabi/lib/armv7e-m/softfp/libc_nano.a(lib_a-mprec.o)
                0x08005904                __b2d
 .text.__d2b    0x080059a2       0xa4 /home/rmcbee/bin/gcc-toolchain/bin/../lib/gcc/arm-none-eabi/4.9.3/../../../../arm-none-eabi/lib/armv7e-m/softfp/libc_nano.a(lib_a-mprec.o)
                0x080059a2                __d2b
 .text.__ratio  0x08005a46       0x52 /home/rmcbee/bin/gcc-toolchain/bin/../lib/gcc/arm-none-eabi/4.9.3/../../../../arm-none-eabi/lib/armv7e-m/softfp/libc_nano.a(lib_a-mprec.o)
                0x08005a46                __ratio
 .text.__copybits
                0x08005a98       0x34 /home/rmcbee/bin/gcc-toolchain/bin/../lib/gcc/arm-none-eabi/4.9.3/../../../../arm-none-eabi/lib/armv7e-m/softfp/libc_nano.a(lib_a-mprec.o)
                0x08005a98                __copybits
 .text.__any_on
                0x08005acc       0x44 /home/rmcbee/bin/gcc-toolchain/bin/../lib/gcc/arm-none-eabi/4.9.3/../../../../arm-none-eabi/lib/armv7e-m/softfp/libc_nano.a(lib_a-mprec.o)
                0x08005acc                __any_on
 .text._calloc_r
                0x08005b10       0x1c /home/rmcbee/bin/gcc-toolchain/bin/../lib/gcc/arm-none-eabi/4.9.3/../../../../arm-none-eabi/lib/armv7e-m/softfp/libc_nano.a(lib_a-nano-callocr.o)
                0x08005b10                _calloc_r
 .text._realloc_r
                0x08005b2c       0x4c /home/rmcbee/bin/gcc-toolchain/bin/../lib/gcc/arm-none-eabi/4.9.3/../../../../arm-none-eabi/lib/armv7e-m/softfp/libc_nano.a(lib_a-nano-reallocr.o)
                0x08005b2c                _realloc_r
 .text.__ssputs_r
                0x08005b78       0xb2 /home/rmcbee/bin/gcc-toolchain/bin/../lib/gcc/arm-none-eabi/4.9.3/../../../../arm-none-eabi/lib/armv7e-m/softfp/libc_nano.a(lib_a-nano-svfprintf.o)
                0x08005b78                __ssputs_r
 *fill*         0x08005c2a        0x2 
 .text._svfprintf_r
                0x08005c2c      0x1e4 /home/rmcbee/bin/gcc-toolchain/bin/../lib/gcc/arm-none-eabi/4.9.3/../../../../arm-none-eabi/lib/armv7e-m/softfp/libc_nano.a(lib_a-nano-svfprintf.o)
                0x08005c2c                _svfprintf_r
                0x08005c2c                _svfiprintf_r
 .text._read_r  0x08005e10       0x24 /home/rmcbee/bin/gcc-toolchain/bin/../lib/gcc/arm-none-eabi/4.9.3/../../../../arm-none-eabi/lib/armv7e-m/softfp/libc_nano.a(lib_a-readr.o)
                0x08005e10                _read_r
 .text._malloc_usable_size_r
                0x08005e34       0x14 /home/rmcbee/bin/gcc-toolchain/bin/../lib/gcc/arm-none-eabi/4.9.3/../../../../arm-none-eabi/lib/armv7e-m/softfp/libc_nano.a(lib_a-nano-msizer.o)
                0x08005e34                _malloc_usable_size_r
 .text          0x08005e48      0x370 /home/rmcbee/bin/gcc-toolchain/bin/../lib/gcc/arm-none-eabi/4.9.3/armv7e-m/softfp/libgcc.a(_arm_addsubdf3.o)
                0x08005e48                __aeabi_drsub
                0x08005e50                __aeabi_dsub
                0x08005e50                __subdf3
                0x08005e54                __adddf3
                0x08005e54                __aeabi_dadd
                0x080060cc                __aeabi_ui2d
                0x080060cc                __floatunsidf
                0x080060ec                __floatsidf
                0x080060ec                __aeabi_i2d
                0x08006110                __extendsfdf2
                0x08006110                __aeabi_f2d
                0x0800614c                __aeabi_ul2d
                0x0800614c                __floatundidf
                0x0800615c                __floatdidf
                0x0800615c                __aeabi_l2d
 .text          0x080061b8      0x424 /home/rmcbee/bin/gcc-toolchain/bin/../lib/gcc/arm-none-eabi/4.9.3/armv7e-m/softfp/libgcc.a(_arm_muldivdf3.o)
                0x080061b8                __aeabi_dmul
                0x080061b8                __muldf3
                0x0800640c                __aeabi_ddiv
                0x0800640c                __divdf3
 .text          0x080065dc      0x110 /home/rmcbee/bin/gcc-toolchain/bin/../lib/gcc/arm-none-eabi/4.9.3/armv7e-m/softfp/libgcc.a(_arm_cmpdf2.o)
                0x080065dc                __gtdf2
                0x080065dc                __gedf2
                0x080065e4                __ltdf2
                0x080065e4                __ledf2
                0x080065ec                __cmpdf2
                0x080065ec                __eqdf2
                0x080065ec                __nedf2
                0x08006668                __aeabi_cdrcmple
                0x08006678                __aeabi_cdcmple
                0x08006678                __aeabi_cdcmpeq
                0x08006688                __aeabi_dcmpeq
                0x0800669c                __aeabi_dcmplt
                0x080066b0                __aeabi_dcmple
                0x080066c4                __aeabi_dcmpge
                0x080066d8                __aeabi_dcmpgt
 .text          0x080066ec       0x50 /home/rmcbee/bin/gcc-toolchain/bin/../lib/gcc/arm-none-eabi/4.9.3/armv7e-m/softfp/libgcc.a(_arm_fixdfsi.o)
                0x080066ec                __fixdfsi
                0x080066ec                __aeabi_d2iz
 .text          0x0800673c       0x40 /home/rmcbee/bin/gcc-toolchain/bin/../lib/gcc/arm-none-eabi/4.9.3/armv7e-m/softfp/libgcc.a(_arm_fixunsdfsi.o)
                0x0800673c                __fixunsdfsi
                0x0800673c                __aeabi_d2uiz
 .text          0x0800677c       0xa0 /home/rmcbee/bin/gcc-toolchain/bin/../lib/gcc/arm-none-eabi/4.9.3/armv7e-m/softfp/libgcc.a(_arm_truncdfsf2.o)
                0x0800677c                __aeabi_d2f
                0x0800677c                __truncdfsf2
 *(.init)
 .init          0x0800681c        0x4 /home/rmcbee/bin/gcc-toolchain/bin/../lib/gcc/arm-none-eabi/4.9.3/armv7e-m/softfp/crti.o
                0x0800681c                _init
 .init          0x08006820        0x8 /home/rmcbee/bin/gcc-toolchain/bin/../lib/gcc/arm-none-eabi/4.9.3/armv7e-m/softfp/crtn.o
 *(.fini)
 .fini          0x08006828        0x4 /home/rmcbee/bin/gcc-toolchain/bin/../lib/gcc/arm-none-eabi/4.9.3/armv7e-m/softfp/crti.o
                0x08006828                _fini
 .fini          0x0800682c        0x8 /home/rmcbee/bin/gcc-toolchain/bin/../lib/gcc/arm-none-eabi/4.9.3/armv7e-m/softfp/crtn.o
 *crtbegin.o(.ctors)
 *crtbegin?.o(.ctors)
 *(EXCLUDE_FILE(*crtend.o *crtend?.o) .ctors)
 *(SORT(.ctors.*))
 *(.ctors)
 *crtbegin.o(.dtors)
 *crtbegin?.o(.dtors)
 *(EXCLUDE_FILE(*crtend.o *crtend?.o) .dtors)
 *(SORT(.dtors.*))
 *(.dtors)
 *(.rodata*)
 .rodata.str1.1
                0x08006834       0x60 mbed/common/pinmap_common.o
 .rodata.us_interface
                0x08006894       0x14 mbed/common/us_ticker_api.o
 .rodata.us_data
                0x080068a8        0x8 mbed/common/us_ticker_api.o
 .rodata.str1.1
                0x080068b0       0x21 mbed/targets/hal/TARGET_STM/TARGET_STM32F4/pinmap.o
 *fill*         0x080068d1        0x3 
 .rodata.gpio_mode
                0x080068d4       0x34 mbed/targets/hal/TARGET_STM/TARGET_STM32F4/pinmap.o
 .rodata.str1.1
                0x08006908       0x17 mbed/targets/hal/TARGET_STM/TARGET_STM32F4/serial_api.o
 *fill*         0x0800691f        0x1 
 .rodata.PinMap_UART_RX
                0x08006920       0x90 mbed/targets/hal/TARGET_STM/TARGET_STM32F4/TARGET_DISCO_F407VG/PeripheralPins.o
                0x08006920                PinMap_UART_RX
 .rodata.PinMap_UART_TX
                0x080069b0       0x90 mbed/targets/hal/TARGET_STM/TARGET_STM32F4/TARGET_DISCO_F407VG/PeripheralPins.o
                0x080069b0                PinMap_UART_TX
 .rodata.APBAHBPrescTable
                0x08006a40       0x10 mbed/targets/cmsis/TARGET_STM/TARGET_STM32F4/stm32f4xx_hal_rcc.o
                0x08006a40                APBAHBPrescTable
 .rodata.AHBPrescTable
                0x08006a50       0x10 mbed/targets/cmsis/TARGET_STM/TARGET_STM32F4/TARGET_STM32F407VG/system_stm32f4xx.o
                0x08006a50                AHBPrescTable
 .rodata.__sf_fake_stdin
                0x08006a60       0x20 /home/rmcbee/bin/gcc-toolchain/bin/../lib/gcc/arm-none-eabi/4.9.3/../../../../arm-none-eabi/lib/armv7e-m/softfp/libc_nano.a(lib_a-findfp.o)
                0x08006a60                __sf_fake_stdin
 .rodata.__sf_fake_stdout
                0x08006a80       0x20 /home/rmcbee/bin/gcc-toolchain/bin/../lib/gcc/arm-none-eabi/4.9.3/../../../../arm-none-eabi/lib/armv7e-m/softfp/libc_nano.a(lib_a-findfp.o)
                0x08006a80                __sf_fake_stdout
 .rodata.__sf_fake_stderr
                0x08006aa0       0x20 /home/rmcbee/bin/gcc-toolchain/bin/../lib/gcc/arm-none-eabi/4.9.3/../../../../arm-none-eabi/lib/armv7e-m/softfp/libc_nano.a(lib_a-findfp.o)
                0x08006aa0                __sf_fake_stderr
 .rodata.str1.1
                0x08006ac0        0x2 /home/rmcbee/bin/gcc-toolchain/bin/../lib/gcc/arm-none-eabi/4.9.3/../../../../arm-none-eabi/lib/armv7e-m/softfp/libc_nano.a(lib_a-impure.o)
 *fill*         0x08006ac2        0x2 
 .rodata._global_impure_ptr
                0x08006ac4        0x4 /home/rmcbee/bin/gcc-toolchain/bin/../lib/gcc/arm-none-eabi/4.9.3/../../../../arm-none-eabi/lib/armv7e-m/softfp/libc_nano.a(lib_a-impure.o)
                0x08006ac4                _global_impure_ptr
 .rodata.str1.1
                0x08006ac8       0x11 /home/rmcbee/bin/gcc-toolchain/bin/../lib/gcc/arm-none-eabi/4.9.3/../../../../arm-none-eabi/lib/armv7e-m/softfp/libc_nano.a(lib_a-nano-vfprintf.o)
 .rodata.str1.1
                0x08006ad9       0x12 /home/rmcbee/bin/gcc-toolchain/bin/../lib/gcc/arm-none-eabi/4.9.3/../../../../arm-none-eabi/lib/armv7e-m/softfp/libc_nano.a(lib_a-nano-vfprintf_float.o)
 .rodata.str1.1
                0x08006aeb       0x22 /home/rmcbee/bin/gcc-toolchain/bin/../lib/gcc/arm-none-eabi/4.9.3/../../../../arm-none-eabi/lib/armv7e-m/softfp/libc_nano.a(lib_a-nano-vfprintf_i.o)
 .rodata.str1.1
                0x08006b0d        0x5 /home/rmcbee/bin/gcc-toolchain/bin/../lib/gcc/arm-none-eabi/4.9.3/../../../../arm-none-eabi/lib/armv7e-m/softfp/libc_nano.a(lib_a-nano-vfscanf_float.o)
 *fill*         0x08006b12        0x2 
 .rodata.fpinan.5309
                0x08006b14       0x14 /home/rmcbee/bin/gcc-toolchain/bin/../lib/gcc/arm-none-eabi/4.9.3/../../../../arm-none-eabi/lib/armv7e-m/softfp/libc_nano.a(lib_a-strtod.o)
 .rodata.str1.1
                0x00000000        0x5 /home/rmcbee/bin/gcc-toolchain/bin/../lib/gcc/arm-none-eabi/4.9.3/../../../../arm-none-eabi/lib/armv7e-m/softfp/libc_nano.a(lib_a-strtod.o)
                                  0xc (size before relaxing)
 .rodata.tinytens
                0x08006b28       0x28 /home/rmcbee/bin/gcc-toolchain/bin/../lib/gcc/arm-none-eabi/4.9.3/../../../../arm-none-eabi/lib/armv7e-m/softfp/libc_nano.a(lib_a-strtod.o)
 .rodata.fpi.5273
                0x08006b50       0x14 /home/rmcbee/bin/gcc-toolchain/bin/../lib/gcc/arm-none-eabi/4.9.3/../../../../arm-none-eabi/lib/armv7e-m/softfp/libc_nano.a(lib_a-strtod.o)
 .rodata._ctype_
                0x08006b64      0x101 /home/rmcbee/bin/gcc-toolchain/bin/../lib/gcc/arm-none-eabi/4.9.3/../../../../arm-none-eabi/lib/armv7e-m/softfp/libc_nano.a(lib_a-ctype_.o)
                0x08006b64                _ctype_
 .rodata.str1.1
                0x08006c65        0xd /home/rmcbee/bin/gcc-toolchain/bin/../lib/gcc/arm-none-eabi/4.9.3/../../../../arm-none-eabi/lib/armv7e-m/softfp/libc_nano.a(lib_a-dtoa.o)
                                  0xf (size before relaxing)
 .rodata.str1.1
                0x08006c72        0x6 /home/rmcbee/bin/gcc-toolchain/bin/../lib/gcc/arm-none-eabi/4.9.3/../../../../arm-none-eabi/lib/armv7e-m/softfp/libc_nano.a(lib_a-locale.o)
                                  0xb (size before relaxing)
 .rodata.__mprec_tens
                0x08006c78       0xc8 /home/rmcbee/bin/gcc-toolchain/bin/../lib/gcc/arm-none-eabi/4.9.3/../../../../arm-none-eabi/lib/armv7e-m/softfp/libc_nano.a(lib_a-mprec.o)
                0x08006c78                __mprec_tens
 .rodata.__mprec_bigtens
                0x08006d40       0x28 /home/rmcbee/bin/gcc-toolchain/bin/../lib/gcc/arm-none-eabi/4.9.3/../../../../arm-none-eabi/lib/armv7e-m/softfp/libc_nano.a(lib_a-mprec.o)
                0x08006d40                __mprec_bigtens
 .rodata.p05.5308
                0x08006d68        0xc /home/rmcbee/bin/gcc-toolchain/bin/../lib/gcc/arm-none-eabi/4.9.3/../../../../arm-none-eabi/lib/armv7e-m/softfp/libc_nano.a(lib_a-mprec.o)
 .rodata.str1.1
                0x00000000       0x11 /home/rmcbee/bin/gcc-toolchain/bin/../lib/gcc/arm-none-eabi/4.9.3/../../../../arm-none-eabi/lib/armv7e-m/softfp/libc_nano.a(lib_a-nano-svfprintf.o)
 *(.eh_frame*)
 .eh_frame      0x08006d74        0x0 /home/rmcbee/bin/gcc-toolchain/bin/../lib/gcc/arm-none-eabi/4.9.3/armv7e-m/softfp/crtbegin.o
 .eh_frame      0x08006d74        0x0 /home/rmcbee/bin/gcc-toolchain/bin/../lib/gcc/arm-none-eabi/4.9.3/../../../../arm-none-eabi/lib/armv7e-m/softfp/libc_nano.a(lib_a-strcmp.o)
                                 0x28 (size before relaxing)
 .eh_frame      0x08006d74        0x4 /home/rmcbee/bin/gcc-toolchain/bin/../lib/gcc/arm-none-eabi/4.9.3/armv7e-m/softfp/crtend.o

.glue_7         0x08006d78        0x0
 .glue_7        0x00000000        0x0 linker stubs

.glue_7t        0x08006d78        0x0
 .glue_7t       0x00000000        0x0 linker stubs

.vfp11_veneer   0x08006d78        0x0
 .vfp11_veneer  0x00000000        0x0 linker stubs

.v4_bx          0x08006d78        0x0
 .v4_bx         0x00000000        0x0 linker stubs

.iplt           0x08006d78        0x0
 .iplt          0x00000000        0x0 /home/rmcbee/bin/gcc-toolchain/bin/../lib/gcc/arm-none-eabi/4.9.3/armv7e-m/softfp/crtbegin.o

.ARM.extab
 *(.ARM.extab* .gnu.linkonce.armextab.*)
                0x08006d78                __exidx_start = .

.ARM.exidx      0x08006d78        0x8
 *(.ARM.exidx* .gnu.linkonce.armexidx.*)
 .ARM.exidx     0x08006d78        0x8 /home/rmcbee/bin/gcc-toolchain/bin/../lib/gcc/arm-none-eabi/4.9.3/../../../../arm-none-eabi/lib/armv7e-m/softfp/crt0.o
                0x08006d80                __exidx_end = .
                0x08006d80                __etext = .
                0x08006d80                _sidata = .

.rel.dyn        0x08006d80        0x0
 .rel.iplt      0x00000000        0x0 /home/rmcbee/bin/gcc-toolchain/bin/../lib/gcc/arm-none-eabi/4.9.3/armv7e-m/softfp/crtbegin.o

.data           0x20000188       0xb8 load address 0x08006d80
                0x20000188                __data_start__ = .
                0x20000188                _sdata = .
 *(vtable)
 *(.data*)
 .data.SystemCoreClock
                0x20000188        0x4 mbed/targets/cmsis/TARGET_STM/TARGET_STM32F4/TARGET_STM32F407VG/system_stm32f4xx.o
                0x20000188                SystemCoreClock
 .data._ZZ5_sbrkE4heap
                0x2000018c        0x4 mbed/common/retarget.o
 .data.impure_data
                0x20000190       0x60 /home/rmcbee/bin/gcc-toolchain/bin/../lib/gcc/arm-none-eabi/4.9.3/../../../../arm-none-eabi/lib/armv7e-m/softfp/libc_nano.a(lib_a-impure.o)
 .data._impure_ptr
                0x200001f0        0x4 /home/rmcbee/bin/gcc-toolchain/bin/../lib/gcc/arm-none-eabi/4.9.3/../../../../arm-none-eabi/lib/armv7e-m/softfp/libc_nano.a(lib_a-impure.o)
                0x200001f0                _impure_ptr
 .data.__ctype_ptr__
                0x200001f4        0x4 /home/rmcbee/bin/gcc-toolchain/bin/../lib/gcc/arm-none-eabi/4.9.3/../../../../arm-none-eabi/lib/armv7e-m/softfp/libc_nano.a(lib_a-ctype_.o)
                0x200001f4                __ctype_ptr__
 .data.lconv    0x200001f8       0x38 /home/rmcbee/bin/gcc-toolchain/bin/../lib/gcc/arm-none-eabi/4.9.3/../../../../arm-none-eabi/lib/armv7e-m/softfp/libc_nano.a(lib_a-locale.o)
                0x20000230                . = ALIGN (0x4)
                0x20000230                PROVIDE (__preinit_array_start, .)
 *(.preinit_array)
                0x20000230                PROVIDE (__preinit_array_end, .)
                0x20000230                . = ALIGN (0x4)
                0x20000230                PROVIDE (__init_array_start, .)
 *(SORT(.init_array.*))
 *(.init_array)
 .init_array    0x20000230        0x4 /home/rmcbee/bin/gcc-toolchain/bin/../lib/gcc/arm-none-eabi/4.9.3/armv7e-m/softfp/crtbegin.o
 .init_array    0x20000234        0x4 main.o
                0x20000238                PROVIDE (__init_array_end, .)
                0x20000238                . = ALIGN (0x4)
                0x20000238                PROVIDE (__fini_array_start, .)
 *(SORT(.fini_array.*))
 *(.fini_array)
 .fini_array    0x20000238        0x4 /home/rmcbee/bin/gcc-toolchain/bin/../lib/gcc/arm-none-eabi/4.9.3/armv7e-m/softfp/crtbegin.o
                0x2000023c                PROVIDE (__fini_array_end, .)
 *(.jcr*)
 .jcr           0x2000023c        0x0 /home/rmcbee/bin/gcc-toolchain/bin/../lib/gcc/arm-none-eabi/4.9.3/armv7e-m/softfp/crtbegin.o
 .jcr           0x2000023c        0x4 /home/rmcbee/bin/gcc-toolchain/bin/../lib/gcc/arm-none-eabi/4.9.3/armv7e-m/softfp/crtend.o
                0x20000240                . = ALIGN (0x4)
                0x20000240                __data_end__ = .
                0x20000240                _edata = .

.igot.plt       0x20000240        0x0 load address 0x08006e38
 .igot.plt      0x00000000        0x0 /home/rmcbee/bin/gcc-toolchain/bin/../lib/gcc/arm-none-eabi/4.9.3/armv7e-m/softfp/crtbegin.o

.bss            0x20000240      0x234 load address 0x08006e38
                0x20000240                . = ALIGN (0x4)
                0x20000240                __bss_start__ = .
                0x20000240                _sbss = .
 *(.bss*)
 .bss           0x20000240       0x1c /home/rmcbee/bin/gcc-toolchain/bin/../lib/gcc/arm-none-eabi/4.9.3/armv7e-m/softfp/crtbegin.o
 .bss.events    0x2000025c        0x8 mbed/common/us_ticker_api.o
 .bss.stdio_uart_inited
                0x20000264        0x4 mbed/targets/hal/TARGET_STM/TARGET_STM32F4/serial_api.o
                0x20000264                stdio_uart_inited
 .bss.UartHandle
                0x20000268       0x40 mbed/targets/hal/TARGET_STM/TARGET_STM32F4/serial_api.o
                0x20000268                UartHandle
 .bss.stdio_uart
                0x200002a8       0x1c mbed/targets/hal/TARGET_STM/TARGET_STM32F4/serial_api.o
                0x200002a8                stdio_uart
 .bss.TimMasterHandle
                0x200002c4       0x3c mbed/targets/hal/TARGET_STM/TARGET_STM32F4/us_ticker.o
 .bss.us_ticker_inited
                0x20000300        0x4 mbed/targets/hal/TARGET_STM/TARGET_STM32F4/us_ticker.o
 .bss.uwTick    0x20000304        0x4 mbed/targets/cmsis/TARGET_STM/TARGET_STM32F4/stm32f4xx_hal.o
 .bss.PreviousVal
                0x20000308        0x4 mbed/targets/cmsis/TARGET_STM/TARGET_STM32F4/TARGET_STM32F407VG/hal_tick.o
                0x20000308                PreviousVal
 .bss.TimMasterHandle
                0x2000030c       0x3c mbed/targets/cmsis/TARGET_STM/TARGET_STM32F4/TARGET_STM32F407VG/hal_tick.o
                0x2000030c                TimMasterHandle
 .bss.in        0x20000348       0x10 main.o
                0x20000348                in
 .bss.out       0x20000358       0x10 main.o
                0x20000358                out
 .bss._ZL11filehandles
                0x20000368      0x100 mbed/common/retarget.o
 .bss.__malloc_sbrk_start
                0x20000468        0x4 /home/rmcbee/bin/gcc-toolchain/bin/../lib/gcc/arm-none-eabi/4.9.3/../../../../arm-none-eabi/lib/armv7e-m/softfp/libc_nano.a(lib_a-nano-mallocr.o)
                0x20000468                __malloc_sbrk_start
 .bss.__malloc_free_list
                0x2000046c        0x4 /home/rmcbee/bin/gcc-toolchain/bin/../lib/gcc/arm-none-eabi/4.9.3/../../../../arm-none-eabi/lib/armv7e-m/softfp/libc_nano.a(lib_a-nano-mallocr.o)
                0x2000046c                __malloc_free_list
 *(COMMON)
 COMMON         0x20000470        0x4 /home/rmcbee/bin/gcc-toolchain/bin/../lib/gcc/arm-none-eabi/4.9.3/../../../../arm-none-eabi/lib/armv7e-m/softfp/libc_nano.a(lib_a-reent.o)
                0x20000470                errno
                0x20000474                . = ALIGN (0x4)
                0x20000474                __bss_end__ = .
                0x20000474                _ebss = .

.heap           0x20000474        0x0
                0x20000474                __end__ = .
                0x20000474                end = __end__
 *(.heap*)
                0x20000474                __HeapLimit = .

.stack_dummy    0x20000474        0x0
 *(.stack*)
                0x20020000                __StackTop = (ORIGIN (RAM) + 0x1fe78)
                0x20020000                _estack = __StackTop
                0x20020000                __StackLimit = (__StackTop - SIZEOF (.stack_dummy))
                0x20020000                PROVIDE (__stack, __StackTop)
                0x00000001                ASSERT ((__StackLimit >= __HeapLimit), region RAM overflowed with stack)
OUTPUT(build/main.elf elf32-littlearm)

.ARM.attributes
                0x00000000       0x2e
 .ARM.attributes
                0x00000000       0x22 /home/rmcbee/bin/gcc-toolchain/bin/../lib/gcc/arm-none-eabi/4.9.3/armv7e-m/softfp/crti.o
 .ARM.attributes
                0x00000022       0x32 /home/rmcbee/bin/gcc-toolchain/bin/../lib/gcc/arm-none-eabi/4.9.3/armv7e-m/softfp/crtbegin.o
 .ARM.attributes
                0x00000054       0x20 /home/rmcbee/bin/gcc-toolchain/bin/../lib/gcc/arm-none-eabi/4.9.3/../../../../arm-none-eabi/lib/armv7e-m/softfp/crt0.o
 .ARM.attributes
                0x00000074       0x21 mbed/targets/cmsis/TARGET_STM/TARGET_STM32F4/TARGET_STM32F407VG/TOOLCHAIN_GCC_ARM/startup_stm32f407xx.o
 .ARM.attributes
                0x00000095       0x37 mbed/common/pinmap_common.o
 .ARM.attributes
                0x000000cc       0x37 mbed/common/board.o
 .ARM.attributes
                0x00000103       0x37 mbed/common/ticker_api.o
 .ARM.attributes
                0x0000013a       0x37 mbed/common/gpio.o
 .ARM.attributes
                0x00000171       0x37 mbed/common/error.o
 .ARM.attributes
                0x000001a8       0x37 mbed/common/wait_api.o
 .ARM.attributes
                0x000001df       0x37 mbed/common/us_ticker_api.o
 .ARM.attributes
                0x00000216       0x37 mbed/targets/hal/TARGET_STM/TARGET_STM32F4/pinmap.o
 .ARM.attributes
                0x0000024d       0x37 mbed/targets/hal/TARGET_STM/TARGET_STM32F4/mbed_overrides.o
 .ARM.attributes
                0x00000284       0x37 mbed/targets/hal/TARGET_STM/TARGET_STM32F4/serial_api.o
 .ARM.attributes
                0x000002bb       0x37 mbed/targets/hal/TARGET_STM/TARGET_STM32F4/us_ticker.o
 .ARM.attributes
                0x000002f2       0x37 mbed/targets/hal/TARGET_STM/TARGET_STM32F4/gpio_api.o
 .ARM.attributes
                0x00000329       0x37 mbed/targets/hal/TARGET_STM/TARGET_STM32F4/TARGET_DISCO_F407VG/PeripheralPins.o
 .ARM.attributes
                0x00000360       0x37 mbed/targets/cmsis/TARGET_STM/TARGET_STM32F4/stm32f4xx_hal_rcc.o
 .ARM.attributes
                0x00000397       0x37 mbed/targets/cmsis/TARGET_STM/TARGET_STM32F4/stm32f4xx_hal_cortex.o
 .ARM.attributes
                0x000003ce       0x37 mbed/targets/cmsis/TARGET_STM/TARGET_STM32F4/stm32f4xx_hal_uart.o
 .ARM.attributes
                0x00000405       0x37 mbed/targets/cmsis/TARGET_STM/TARGET_STM32F4/stm32f4xx_hal_tim.o
 .ARM.attributes
                0x0000043c       0x37 mbed/targets/cmsis/TARGET_STM/TARGET_STM32F4/stm32f4xx_hal.o
 .ARM.attributes
                0x00000473       0x37 mbed/targets/cmsis/TARGET_STM/TARGET_STM32F4/stm32f4xx_hal_gpio.o
 .ARM.attributes
                0x000004aa       0x37 mbed/targets/cmsis/TARGET_STM/TARGET_STM32F4/TARGET_STM32F407VG/hal_tick.o
 .ARM.attributes
                0x000004e1       0x37 mbed/targets/cmsis/TARGET_STM/TARGET_STM32F4/TARGET_STM32F407VG/cmsis_nvic.o
 .ARM.attributes
                0x00000518       0x37 mbed/targets/cmsis/TARGET_STM/TARGET_STM32F4/TARGET_STM32F407VG/system_stm32f4xx.o
 .ARM.attributes
                0x0000054f       0x37 main.o
 .ARM.attributes
                0x00000586       0x37 mbed/common/retarget.o
 .ARM.attributes
                0x000005bd       0x32 /home/rmcbee/bin/gcc-toolchain/bin/../lib/gcc/arm-none-eabi/4.9.3/../../../../arm-none-eabi/lib/armv7e-m/softfp/libc_nano.a(lib_a-errno.o)
 .ARM.attributes
                0x000005ef       0x32 /home/rmcbee/bin/gcc-toolchain/bin/../lib/gcc/arm-none-eabi/4.9.3/../../../../arm-none-eabi/lib/armv7e-m/softfp/libc_nano.a(lib_a-exit.o)
 .ARM.attributes
                0x00000621       0x32 /home/rmcbee/bin/gcc-toolchain/bin/../lib/gcc/arm-none-eabi/4.9.3/../../../../arm-none-eabi/lib/armv7e-m/softfp/libc_nano.a(lib_a-fflush.o)
 .ARM.attributes
                0x00000653       0x32 /home/rmcbee/bin/gcc-toolchain/bin/../lib/gcc/arm-none-eabi/4.9.3/../../../../arm-none-eabi/lib/armv7e-m/softfp/libc_nano.a(lib_a-findfp.o)
 .ARM.attributes
                0x00000685       0x32 /home/rmcbee/bin/gcc-toolchain/bin/../lib/gcc/arm-none-eabi/4.9.3/../../../../arm-none-eabi/lib/armv7e-m/softfp/libc_nano.a(lib_a-fwalk.o)
 .ARM.attributes
                0x000006b7       0x32 /home/rmcbee/bin/gcc-toolchain/bin/../lib/gcc/arm-none-eabi/4.9.3/../../../../arm-none-eabi/lib/armv7e-m/softfp/libc_nano.a(lib_a-impure.o)
 .ARM.attributes
                0x000006e9       0x32 /home/rmcbee/bin/gcc-toolchain/bin/../lib/gcc/arm-none-eabi/4.9.3/../../../../arm-none-eabi/lib/armv7e-m/softfp/libc_nano.a(lib_a-init.o)
 .ARM.attributes
                0x0000071b       0x32 /home/rmcbee/bin/gcc-toolchain/bin/../lib/gcc/arm-none-eabi/4.9.3/../../../../arm-none-eabi/lib/armv7e-m/softfp/libc_nano.a(lib_a-makebuf.o)
 .ARM.attributes
                0x0000074d       0x32 /home/rmcbee/bin/gcc-toolchain/bin/../lib/gcc/arm-none-eabi/4.9.3/../../../../arm-none-eabi/lib/armv7e-m/softfp/libc_nano.a(lib_a-malloc.o)
 .ARM.attributes
                0x0000077f       0x32 /home/rmcbee/bin/gcc-toolchain/bin/../lib/gcc/arm-none-eabi/4.9.3/../../../../arm-none-eabi/lib/armv7e-m/softfp/libc_nano.a(lib_a-memchr.o)
 .ARM.attributes
                0x000007b1       0x32 /home/rmcbee/bin/gcc-toolchain/bin/../lib/gcc/arm-none-eabi/4.9.3/../../../../arm-none-eabi/lib/armv7e-m/softfp/libc_nano.a(lib_a-memcpy.o)
 .ARM.attributes
                0x000007e3       0x32 /home/rmcbee/bin/gcc-toolchain/bin/../lib/gcc/arm-none-eabi/4.9.3/../../../../arm-none-eabi/lib/armv7e-m/softfp/libc_nano.a(lib_a-memmove.o)
 .ARM.attributes
                0x00000815       0x32 /home/rmcbee/bin/gcc-toolchain/bin/../lib/gcc/arm-none-eabi/4.9.3/../../../../arm-none-eabi/lib/armv7e-m/softfp/libc_nano.a(lib_a-memset.o)
 .ARM.attributes
                0x00000847       0x32 /home/rmcbee/bin/gcc-toolchain/bin/../lib/gcc/arm-none-eabi/4.9.3/../../../../arm-none-eabi/lib/armv7e-m/softfp/libc_nano.a(lib_a-nano-freer.o)
 .ARM.attributes
                0x00000879       0x32 /home/rmcbee/bin/gcc-toolchain/bin/../lib/gcc/arm-none-eabi/4.9.3/../../../../arm-none-eabi/lib/armv7e-m/softfp/libc_nano.a(lib_a-nano-mallocr.o)
 .ARM.attributes
                0x000008ab       0x32 /home/rmcbee/bin/gcc-toolchain/bin/../lib/gcc/arm-none-eabi/4.9.3/../../../../arm-none-eabi/lib/armv7e-m/softfp/libc_nano.a(lib_a-nano-vfprintf.o)
 .ARM.attributes
                0x000008dd       0x32 /home/rmcbee/bin/gcc-toolchain/bin/../lib/gcc/arm-none-eabi/4.9.3/../../../../arm-none-eabi/lib/armv7e-m/softfp/libc_nano.a(lib_a-nano-vfprintf_float.o)
 .ARM.attributes
                0x0000090f       0x32 /home/rmcbee/bin/gcc-toolchain/bin/../lib/gcc/arm-none-eabi/4.9.3/../../../../arm-none-eabi/lib/armv7e-m/softfp/libc_nano.a(lib_a-nano-vfprintf_i.o)
 .ARM.attributes
                0x00000941       0x32 /home/rmcbee/bin/gcc-toolchain/bin/../lib/gcc/arm-none-eabi/4.9.3/../../../../arm-none-eabi/lib/armv7e-m/softfp/libc_nano.a(lib_a-nano-vfscanf_float.o)
 .ARM.attributes
                0x00000973       0x32 /home/rmcbee/bin/gcc-toolchain/bin/../lib/gcc/arm-none-eabi/4.9.3/../../../../arm-none-eabi/lib/armv7e-m/softfp/libc_nano.a(lib_a-reent.o)
 .ARM.attributes
                0x000009a5       0x32 /home/rmcbee/bin/gcc-toolchain/bin/../lib/gcc/arm-none-eabi/4.9.3/../../../../arm-none-eabi/lib/armv7e-m/softfp/libc_nano.a(lib_a-s_fpclassify.o)
 .ARM.attributes
                0x000009d7       0x32 /home/rmcbee/bin/gcc-toolchain/bin/../lib/gcc/arm-none-eabi/4.9.3/../../../../arm-none-eabi/lib/armv7e-m/softfp/libc_nano.a(lib_a-sbrkr.o)
 .ARM.attributes
                0x00000a09       0x32 /home/rmcbee/bin/gcc-toolchain/bin/../lib/gcc/arm-none-eabi/4.9.3/../../../../arm-none-eabi/lib/armv7e-m/softfp/libc_nano.a(lib_a-sf_nan.o)
 .ARM.attributes
                0x00000a3b       0x32 /home/rmcbee/bin/gcc-toolchain/bin/../lib/gcc/arm-none-eabi/4.9.3/../../../../arm-none-eabi/lib/armv7e-m/softfp/libc_nano.a(lib_a-sprintf.o)
 .ARM.attributes
                0x00000a6d       0x32 /home/rmcbee/bin/gcc-toolchain/bin/../lib/gcc/arm-none-eabi/4.9.3/../../../../arm-none-eabi/lib/armv7e-m/softfp/libc_nano.a(lib_a-stdio.o)
 .ARM.attributes
                0x00000a9f       0x20 /home/rmcbee/bin/gcc-toolchain/bin/../lib/gcc/arm-none-eabi/4.9.3/../../../../arm-none-eabi/lib/armv7e-m/softfp/libc_nano.a(lib_a-strcmp.o)
 .ARM.attributes
                0x00000abf       0x32 /home/rmcbee/bin/gcc-toolchain/bin/../lib/gcc/arm-none-eabi/4.9.3/../../../../arm-none-eabi/lib/armv7e-m/softfp/libc_nano.a(lib_a-strlen.o)
 .ARM.attributes
                0x00000af1       0x32 /home/rmcbee/bin/gcc-toolchain/bin/../lib/gcc/arm-none-eabi/4.9.3/../../../../arm-none-eabi/lib/armv7e-m/softfp/libc_nano.a(lib_a-strncmp.o)
 .ARM.attributes
                0x00000b23       0x32 /home/rmcbee/bin/gcc-toolchain/bin/../lib/gcc/arm-none-eabi/4.9.3/../../../../arm-none-eabi/lib/armv7e-m/softfp/libc_nano.a(lib_a-strtod.o)
 .ARM.attributes
                0x00000b55       0x32 /home/rmcbee/bin/gcc-toolchain/bin/../lib/gcc/arm-none-eabi/4.9.3/../../../../arm-none-eabi/lib/armv7e-m/softfp/libc_nano.a(lib_a-strtol.o)
 .ARM.attributes
                0x00000b87       0x32 /home/rmcbee/bin/gcc-toolchain/bin/../lib/gcc/arm-none-eabi/4.9.3/../../../../arm-none-eabi/lib/armv7e-m/softfp/libc_nano.a(lib_a-wbuf.o)
 .ARM.attributes
                0x00000bb9       0x32 /home/rmcbee/bin/gcc-toolchain/bin/../lib/gcc/arm-none-eabi/4.9.3/../../../../arm-none-eabi/lib/armv7e-m/softfp/libc_nano.a(lib_a-writer.o)
 .ARM.attributes
                0x00000beb       0x32 /home/rmcbee/bin/gcc-toolchain/bin/../lib/gcc/arm-none-eabi/4.9.3/../../../../arm-none-eabi/lib/armv7e-m/softfp/libc_nano.a(lib_a-wsetup.o)
 .ARM.attributes
                0x00000c1d       0x32 /home/rmcbee/bin/gcc-toolchain/bin/../lib/gcc/arm-none-eabi/4.9.3/../../../../arm-none-eabi/lib/armv7e-m/softfp/libc_nano.a(lib_a-closer.o)
 .ARM.attributes
                0x00000c4f       0x32 /home/rmcbee/bin/gcc-toolchain/bin/../lib/gcc/arm-none-eabi/4.9.3/../../../../arm-none-eabi/lib/armv7e-m/softfp/libc_nano.a(lib_a-ctype_.o)
 .ARM.attributes
                0x00000c81       0x32 /home/rmcbee/bin/gcc-toolchain/bin/../lib/gcc/arm-none-eabi/4.9.3/../../../../arm-none-eabi/lib/armv7e-m/softfp/libc_nano.a(lib_a-dtoa.o)
 .ARM.attributes
                0x00000cb3       0x32 /home/rmcbee/bin/gcc-toolchain/bin/../lib/gcc/arm-none-eabi/4.9.3/../../../../arm-none-eabi/lib/armv7e-m/softfp/libc_nano.a(lib_a-fstatr.o)
 .ARM.attributes
                0x00000ce5       0x32 /home/rmcbee/bin/gcc-toolchain/bin/../lib/gcc/arm-none-eabi/4.9.3/../../../../arm-none-eabi/lib/armv7e-m/softfp/libc_nano.a(lib_a-gdtoa-gethex.o)
 .ARM.attributes
                0x00000d17       0x32 /home/rmcbee/bin/gcc-toolchain/bin/../lib/gcc/arm-none-eabi/4.9.3/../../../../arm-none-eabi/lib/armv7e-m/softfp/libc_nano.a(lib_a-gdtoa-hexnan.o)
 .ARM.attributes
                0x00000d49       0x32 /home/rmcbee/bin/gcc-toolchain/bin/../lib/gcc/arm-none-eabi/4.9.3/../../../../arm-none-eabi/lib/armv7e-m/softfp/libc_nano.a(lib_a-isattyr.o)
 .ARM.attributes
                0x00000d7b       0x32 /home/rmcbee/bin/gcc-toolchain/bin/../lib/gcc/arm-none-eabi/4.9.3/../../../../arm-none-eabi/lib/armv7e-m/softfp/libc_nano.a(lib_a-locale.o)
 .ARM.attributes
                0x00000dad       0x32 /home/rmcbee/bin/gcc-toolchain/bin/../lib/gcc/arm-none-eabi/4.9.3/../../../../arm-none-eabi/lib/armv7e-m/softfp/libc_nano.a(lib_a-lseekr.o)
 .ARM.attributes
                0x00000ddf       0x32 /home/rmcbee/bin/gcc-toolchain/bin/../lib/gcc/arm-none-eabi/4.9.3/../../../../arm-none-eabi/lib/armv7e-m/softfp/libc_nano.a(lib_a-mprec.o)
 .ARM.attributes
                0x00000e11       0x32 /home/rmcbee/bin/gcc-toolchain/bin/../lib/gcc/arm-none-eabi/4.9.3/../../../../arm-none-eabi/lib/armv7e-m/softfp/libc_nano.a(lib_a-nano-callocr.o)
 .ARM.attributes
                0x00000e43       0x32 /home/rmcbee/bin/gcc-toolchain/bin/../lib/gcc/arm-none-eabi/4.9.3/../../../../arm-none-eabi/lib/armv7e-m/softfp/libc_nano.a(lib_a-nano-reallocr.o)
 .ARM.attributes
                0x00000e75       0x32 /home/rmcbee/bin/gcc-toolchain/bin/../lib/gcc/arm-none-eabi/4.9.3/../../../../arm-none-eabi/lib/armv7e-m/softfp/libc_nano.a(lib_a-nano-svfprintf.o)
 .ARM.attributes
                0x00000ea7       0x32 /home/rmcbee/bin/gcc-toolchain/bin/../lib/gcc/arm-none-eabi/4.9.3/../../../../arm-none-eabi/lib/armv7e-m/softfp/libc_nano.a(lib_a-readr.o)
 .ARM.attributes
                0x00000ed9       0x32 /home/rmcbee/bin/gcc-toolchain/bin/../lib/gcc/arm-none-eabi/4.9.3/../../../../arm-none-eabi/lib/armv7e-m/softfp/libc_nano.a(lib_a-nano-msizer.o)
 .ARM.attributes
                0x00000f0b       0x22 /home/rmcbee/bin/gcc-toolchain/bin/../lib/gcc/arm-none-eabi/4.9.3/armv7e-m/softfp/libgcc.a(_arm_addsubdf3.o)
 .ARM.attributes
                0x00000f2d       0x22 /home/rmcbee/bin/gcc-toolchain/bin/../lib/gcc/arm-none-eabi/4.9.3/armv7e-m/softfp/libgcc.a(_arm_muldivdf3.o)
 .ARM.attributes
                0x00000f4f       0x22 /home/rmcbee/bin/gcc-toolchain/bin/../lib/gcc/arm-none-eabi/4.9.3/armv7e-m/softfp/libgcc.a(_arm_cmpdf2.o)
 .ARM.attributes
                0x00000f71       0x22 /home/rmcbee/bin/gcc-toolchain/bin/../lib/gcc/arm-none-eabi/4.9.3/armv7e-m/softfp/libgcc.a(_arm_fixdfsi.o)
 .ARM.attributes
                0x00000f93       0x22 /home/rmcbee/bin/gcc-toolchain/bin/../lib/gcc/arm-none-eabi/4.9.3/armv7e-m/softfp/libgcc.a(_arm_fixunsdfsi.o)
 .ARM.attributes
                0x00000fb5       0x22 /home/rmcbee/bin/gcc-toolchain/bin/../lib/gcc/arm-none-eabi/4.9.3/armv7e-m/softfp/libgcc.a(_arm_truncdfsf2.o)
 .ARM.attributes
                0x00000fd7       0x32 /home/rmcbee/bin/gcc-toolchain/bin/../lib/gcc/arm-none-eabi/4.9.3/armv7e-m/softfp/crtend.o
 .ARM.attributes
                0x00001009       0x22 /home/rmcbee/bin/gcc-toolchain/bin/../lib/gcc/arm-none-eabi/4.9.3/armv7e-m/softfp/crtn.o

.comment        0x00000000       0x70
 .comment       0x00000000       0x70 mbed/common/pinmap_common.o
                                 0x71 (size before relaxing)
 .comment       0x00000000       0x71 mbed/common/board.o
 .comment       0x00000000       0x71 mbed/common/ticker_api.o
 .comment       0x00000000       0x71 mbed/common/gpio.o
 .comment       0x00000000       0x71 mbed/common/error.o
 .comment       0x00000000       0x71 mbed/common/wait_api.o
 .comment       0x00000000       0x71 mbed/common/us_ticker_api.o
 .comment       0x00000000       0x71 mbed/targets/hal/TARGET_STM/TARGET_STM32F4/pinmap.o
 .comment       0x00000000       0x71 mbed/targets/hal/TARGET_STM/TARGET_STM32F4/mbed_overrides.o
 .comment       0x00000000       0x71 mbed/targets/hal/TARGET_STM/TARGET_STM32F4/serial_api.o
 .comment       0x00000000       0x71 mbed/targets/hal/TARGET_STM/TARGET_STM32F4/us_ticker.o
 .comment       0x00000000       0x71 mbed/targets/hal/TARGET_STM/TARGET_STM32F4/gpio_api.o
 .comment       0x00000000       0x71 mbed/targets/hal/TARGET_STM/TARGET_STM32F4/TARGET_DISCO_F407VG/PeripheralPins.o
 .comment       0x00000000       0x71 mbed/targets/cmsis/TARGET_STM/TARGET_STM32F4/stm32f4xx_hal_rcc.o
 .comment       0x00000000       0x71 mbed/targets/cmsis/TARGET_STM/TARGET_STM32F4/stm32f4xx_hal_cortex.o
 .comment       0x00000000       0x71 mbed/targets/cmsis/TARGET_STM/TARGET_STM32F4/stm32f4xx_hal_uart.o
 .comment       0x00000000       0x71 mbed/targets/cmsis/TARGET_STM/TARGET_STM32F4/stm32f4xx_hal_tim.o
 .comment       0x00000000       0x71 mbed/targets/cmsis/TARGET_STM/TARGET_STM32F4/stm32f4xx_hal.o
 .comment       0x00000000       0x71 mbed/targets/cmsis/TARGET_STM/TARGET_STM32F4/stm32f4xx_hal_gpio.o
 .comment       0x00000000       0x71 mbed/targets/cmsis/TARGET_STM/TARGET_STM32F4/TARGET_STM32F407VG/hal_tick.o
 .comment       0x00000000       0x71 mbed/targets/cmsis/TARGET_STM/TARGET_STM32F4/TARGET_STM32F407VG/cmsis_nvic.o
 .comment       0x00000000       0x71 mbed/targets/cmsis/TARGET_STM/TARGET_STM32F4/TARGET_STM32F407VG/system_stm32f4xx.o
 .comment       0x00000000       0x71 main.o
 .comment       0x00000000       0x71 mbed/common/retarget.o

.debug_info     0x00000000    0x1364c
 .debug_info    0x00000000      0x7b5 mbed/common/pinmap_common.o
 .debug_info    0x000007b5      0x65a mbed/common/board.o
 .debug_info    0x00000e0f      0x42a mbed/common/ticker_api.o
 .debug_info    0x00001239      0xad4 mbed/common/gpio.o
 .debug_info    0x00001d0d      0x95c mbed/common/error.o
 .debug_info    0x00002669      0x189 mbed/common/wait_api.o
 .debug_info    0x000027f2      0x293 mbed/common/us_ticker_api.o
 .debug_info    0x00002a85      0xab1 mbed/targets/hal/TARGET_STM/TARGET_STM32F4/pinmap.o
 .debug_info    0x00003536      0x107 mbed/targets/hal/TARGET_STM/TARGET_STM32F4/mbed_overrides.o
 .debug_info    0x0000363d     0x192a mbed/targets/hal/TARGET_STM/TARGET_STM32F4/serial_api.o
 .debug_info    0x00004f67      0x647 mbed/targets/hal/TARGET_STM/TARGET_STM32F4/us_ticker.o
 .debug_info    0x000055ae      0x7b0 mbed/targets/hal/TARGET_STM/TARGET_STM32F4/gpio_api.o
 .debug_info    0x00005d5e      0x7d0 mbed/targets/hal/TARGET_STM/TARGET_STM32F4/TARGET_DISCO_F407VG/PeripheralPins.o
 .debug_info    0x0000652e     0x1028 mbed/targets/cmsis/TARGET_STM/TARGET_STM32F4/stm32f4xx_hal_rcc.o
 .debug_info    0x00007556      0xccb mbed/targets/cmsis/TARGET_STM/TARGET_STM32F4/stm32f4xx_hal_cortex.o
 .debug_info    0x00008221     0x120b mbed/targets/cmsis/TARGET_STM/TARGET_STM32F4/stm32f4xx_hal_uart.o
 .debug_info    0x0000942c     0x33fc mbed/targets/cmsis/TARGET_STM/TARGET_STM32F4/stm32f4xx_hal_tim.o
 .debug_info    0x0000c828      0x9bb mbed/targets/cmsis/TARGET_STM/TARGET_STM32F4/stm32f4xx_hal.o
 .debug_info    0x0000d1e3      0x70a mbed/targets/cmsis/TARGET_STM/TARGET_STM32F4/stm32f4xx_hal_gpio.o
 .debug_info    0x0000d8ed      0xc62 mbed/targets/cmsis/TARGET_STM/TARGET_STM32F4/TARGET_STM32F407VG/hal_tick.o
 .debug_info    0x0000e54f      0x537 mbed/targets/cmsis/TARGET_STM/TARGET_STM32F4/TARGET_STM32F407VG/cmsis_nvic.o
 .debug_info    0x0000ea86      0x896 mbed/targets/cmsis/TARGET_STM/TARGET_STM32F4/TARGET_STM32F407VG/system_stm32f4xx.o
 .debug_info    0x0000f31c     0x19fb main.o
 .debug_info    0x00010d17     0x2935 mbed/common/retarget.o

.debug_abbrev   0x00000000     0x35d6
 .debug_abbrev  0x00000000      0x16f mbed/common/pinmap_common.o
 .debug_abbrev  0x0000016f      0x18f mbed/common/board.o
 .debug_abbrev  0x000002fe      0x1cb mbed/common/ticker_api.o
 .debug_abbrev  0x000004c9      0x1fd mbed/common/gpio.o
 .debug_abbrev  0x000006c6      0x210 mbed/common/error.o
 .debug_abbrev  0x000008d6       0xbf mbed/common/wait_api.o
 .debug_abbrev  0x00000995      0x129 mbed/common/us_ticker_api.o
 .debug_abbrev  0x00000abe      0x1bc mbed/targets/hal/TARGET_STM/TARGET_STM32F4/pinmap.o
 .debug_abbrev  0x00000c7a       0xba mbed/targets/hal/TARGET_STM/TARGET_STM32F4/mbed_overrides.o
 .debug_abbrev  0x00000d34      0x38a mbed/targets/hal/TARGET_STM/TARGET_STM32F4/serial_api.o
 .debug_abbrev  0x000010be      0x1c2 mbed/targets/hal/TARGET_STM/TARGET_STM32F4/us_ticker.o
 .debug_abbrev  0x00001280      0x1c1 mbed/targets/hal/TARGET_STM/TARGET_STM32F4/gpio_api.o
 .debug_abbrev  0x00001441       0xbf mbed/targets/hal/TARGET_STM/TARGET_STM32F4/TARGET_DISCO_F407VG/PeripheralPins.o
 .debug_abbrev  0x00001500      0x2e4 mbed/targets/cmsis/TARGET_STM/TARGET_STM32F4/stm32f4xx_hal_rcc.o
 .debug_abbrev  0x000017e4      0x2e5 mbed/targets/cmsis/TARGET_STM/TARGET_STM32F4/stm32f4xx_hal_cortex.o
 .debug_abbrev  0x00001ac9      0x2be mbed/targets/cmsis/TARGET_STM/TARGET_STM32F4/stm32f4xx_hal_uart.o
 .debug_abbrev  0x00001d87      0x315 mbed/targets/cmsis/TARGET_STM/TARGET_STM32F4/stm32f4xx_hal_tim.o
 .debug_abbrev  0x0000209c      0x272 mbed/targets/cmsis/TARGET_STM/TARGET_STM32F4/stm32f4xx_hal.o
 .debug_abbrev  0x0000230e      0x1c6 mbed/targets/cmsis/TARGET_STM/TARGET_STM32F4/stm32f4xx_hal_gpio.o
 .debug_abbrev  0x000024d4      0x290 mbed/targets/cmsis/TARGET_STM/TARGET_STM32F4/TARGET_STM32F407VG/hal_tick.o
 .debug_abbrev  0x00002764      0x154 mbed/targets/cmsis/TARGET_STM/TARGET_STM32F4/TARGET_STM32F407VG/cmsis_nvic.o
 .debug_abbrev  0x000028b8      0x246 mbed/targets/cmsis/TARGET_STM/TARGET_STM32F4/TARGET_STM32F407VG/system_stm32f4xx.o
 .debug_abbrev  0x00002afe      0x3f8 main.o
 .debug_abbrev  0x00002ef6      0x6e0 mbed/common/retarget.o

.debug_loc      0x00000000     0x72ad
 .debug_loc     0x00000000      0x262 mbed/common/pinmap_common.o
 .debug_loc     0x00000262      0x2e7 mbed/common/ticker_api.o
 .debug_loc     0x00000549      0x673 mbed/common/gpio.o
 .debug_loc     0x00000bbc       0x6e mbed/common/wait_api.o
 .debug_loc     0x00000c2a      0x35e mbed/targets/hal/TARGET_STM/TARGET_STM32F4/pinmap.o
 .debug_loc     0x00000f88      0x5c6 mbed/targets/hal/TARGET_STM/TARGET_STM32F4/serial_api.o
 .debug_loc     0x0000154e      0x142 mbed/targets/hal/TARGET_STM/TARGET_STM32F4/gpio_api.o
 .debug_loc     0x00001690      0x77b mbed/targets/cmsis/TARGET_STM/TARGET_STM32F4/stm32f4xx_hal_rcc.o
 .debug_loc     0x00001e0b      0x31e mbed/targets/cmsis/TARGET_STM/TARGET_STM32F4/stm32f4xx_hal_cortex.o
 .debug_loc     0x00002129      0xe90 mbed/targets/cmsis/TARGET_STM/TARGET_STM32F4/stm32f4xx_hal_uart.o
 .debug_loc     0x00002fb9     0x32b8 mbed/targets/cmsis/TARGET_STM/TARGET_STM32F4/stm32f4xx_hal_tim.o
 .debug_loc     0x00006271       0xa8 mbed/targets/cmsis/TARGET_STM/TARGET_STM32F4/stm32f4xx_hal.o
 .debug_loc     0x00006319      0x3b7 mbed/targets/cmsis/TARGET_STM/TARGET_STM32F4/stm32f4xx_hal_gpio.o
 .debug_loc     0x000066d0       0x34 mbed/targets/cmsis/TARGET_STM/TARGET_STM32F4/TARGET_STM32F407VG/hal_tick.o
 .debug_loc     0x00006704       0x60 mbed/targets/cmsis/TARGET_STM/TARGET_STM32F4/TARGET_STM32F407VG/cmsis_nvic.o
 .debug_loc     0x00006764       0xfb mbed/targets/cmsis/TARGET_STM/TARGET_STM32F4/TARGET_STM32F407VG/system_stm32f4xx.o
 .debug_loc     0x0000685f      0xa4e mbed/common/retarget.o

.debug_aranges  0x00000000      0xb80
 .debug_aranges
                0x00000000       0x48 mbed/common/pinmap_common.o
 .debug_aranges
                0x00000048       0x20 mbed/common/board.o
 .debug_aranges
                0x00000068       0x48 mbed/common/ticker_api.o
 .debug_aranges
                0x000000b0       0x48 mbed/common/gpio.o
 .debug_aranges
                0x000000f8       0x20 mbed/common/error.o
 .debug_aranges
                0x00000118       0x30 mbed/common/wait_api.o
 .debug_aranges
                0x00000148       0x28 mbed/common/us_ticker_api.o
 .debug_aranges
                0x00000170       0x30 mbed/targets/hal/TARGET_STM/TARGET_STM32F4/pinmap.o
 .debug_aranges
                0x000001a0       0x20 mbed/targets/hal/TARGET_STM/TARGET_STM32F4/mbed_overrides.o
 .debug_aranges
                0x000001c0       0xc8 mbed/targets/hal/TARGET_STM/TARGET_STM32F4/serial_api.o
 .debug_aranges
                0x00000288       0x40 mbed/targets/hal/TARGET_STM/TARGET_STM32F4/us_ticker.o
 .debug_aranges
                0x000002c8       0x38 mbed/targets/hal/TARGET_STM/TARGET_STM32F4/gpio_api.o
 .debug_aranges
                0x00000300       0x18 mbed/targets/hal/TARGET_STM/TARGET_STM32F4/TARGET_DISCO_F407VG/PeripheralPins.o
 .debug_aranges
                0x00000318       0x88 mbed/targets/cmsis/TARGET_STM/TARGET_STM32F4/stm32f4xx_hal_rcc.o
 .debug_aranges
                0x000003a0       0x90 mbed/targets/cmsis/TARGET_STM/TARGET_STM32F4/stm32f4xx_hal_cortex.o
 .debug_aranges
                0x00000430      0x138 mbed/targets/cmsis/TARGET_STM/TARGET_STM32F4/stm32f4xx_hal_uart.o
 .debug_aranges
                0x00000568      0x330 mbed/targets/cmsis/TARGET_STM/TARGET_STM32F4/stm32f4xx_hal_tim.o
 .debug_aranges
                0x00000898       0xc0 mbed/targets/cmsis/TARGET_STM/TARGET_STM32F4/stm32f4xx_hal.o
 .debug_aranges
                0x00000958       0x58 mbed/targets/cmsis/TARGET_STM/TARGET_STM32F4/stm32f4xx_hal_gpio.o
 .debug_aranges
                0x000009b0       0x28 mbed/targets/cmsis/TARGET_STM/TARGET_STM32F4/TARGET_STM32F407VG/hal_tick.o
 .debug_aranges
                0x000009d8       0x28 mbed/targets/cmsis/TARGET_STM/TARGET_STM32F4/TARGET_STM32F407VG/cmsis_nvic.o
 .debug_aranges
                0x00000a00       0x40 mbed/targets/cmsis/TARGET_STM/TARGET_STM32F4/TARGET_STM32F407VG/system_stm32f4xx.o
 .debug_aranges
                0x00000a40       0x28 main.o
 .debug_aranges
                0x00000a68      0x118 mbed/common/retarget.o

.debug_ranges   0x00000000      0xef0
 .debug_ranges  0x00000000       0x38 mbed/common/pinmap_common.o
 .debug_ranges  0x00000038       0x10 mbed/common/board.o
 .debug_ranges  0x00000048       0x38 mbed/common/ticker_api.o
 .debug_ranges  0x00000080      0x110 mbed/common/gpio.o
 .debug_ranges  0x00000190       0x10 mbed/common/error.o
 .debug_ranges  0x000001a0       0x20 mbed/common/wait_api.o
 .debug_ranges  0x000001c0       0x18 mbed/common/us_ticker_api.o
 .debug_ranges  0x000001d8       0xf8 mbed/targets/hal/TARGET_STM/TARGET_STM32F4/pinmap.o
 .debug_ranges  0x000002d0       0x10 mbed/targets/hal/TARGET_STM/TARGET_STM32F4/mbed_overrides.o
 .debug_ranges  0x000002e0       0xb8 mbed/targets/hal/TARGET_STM/TARGET_STM32F4/serial_api.o
 .debug_ranges  0x00000398       0x30 mbed/targets/hal/TARGET_STM/TARGET_STM32F4/us_ticker.o
 .debug_ranges  0x000003c8       0x28 mbed/targets/hal/TARGET_STM/TARGET_STM32F4/gpio_api.o
 .debug_ranges  0x000003f0       0xc8 mbed/targets/cmsis/TARGET_STM/TARGET_STM32F4/stm32f4xx_hal_rcc.o
 .debug_ranges  0x000004b8      0x118 mbed/targets/cmsis/TARGET_STM/TARGET_STM32F4/stm32f4xx_hal_cortex.o
 .debug_ranges  0x000005d0      0x128 mbed/targets/cmsis/TARGET_STM/TARGET_STM32F4/stm32f4xx_hal_uart.o
 .debug_ranges  0x000006f8      0x3c8 mbed/targets/cmsis/TARGET_STM/TARGET_STM32F4/stm32f4xx_hal_tim.o
 .debug_ranges  0x00000ac0       0xb0 mbed/targets/cmsis/TARGET_STM/TARGET_STM32F4/stm32f4xx_hal.o
 .debug_ranges  0x00000b70       0x60 mbed/targets/cmsis/TARGET_STM/TARGET_STM32F4/stm32f4xx_hal_gpio.o
 .debug_ranges  0x00000bd0       0x50 mbed/targets/cmsis/TARGET_STM/TARGET_STM32F4/TARGET_STM32F407VG/hal_tick.o
 .debug_ranges  0x00000c20       0x18 mbed/targets/cmsis/TARGET_STM/TARGET_STM32F4/TARGET_STM32F407VG/cmsis_nvic.o
 .debug_ranges  0x00000c38       0x70 mbed/targets/cmsis/TARGET_STM/TARGET_STM32F4/TARGET_STM32F407VG/system_stm32f4xx.o
 .debug_ranges  0x00000ca8       0x68 main.o
 .debug_ranges  0x00000d10      0x1e0 mbed/common/retarget.o

.debug_line     0x00000000     0x5938
 .debug_line    0x00000000      0x208 mbed/common/pinmap_common.o
 .debug_line    0x00000208      0x1fb mbed/common/board.o
 .debug_line    0x00000403      0x1e4 mbed/common/ticker_api.o
 .debug_line    0x000005e7      0x23d mbed/common/gpio.o
 .debug_line    0x00000824      0x1da mbed/common/error.o
 .debug_line    0x000009fe      0x141 mbed/common/wait_api.o
 .debug_line    0x00000b3f      0x12c mbed/common/us_ticker_api.o
 .debug_line    0x00000c6b      0x2ab mbed/targets/hal/TARGET_STM/TARGET_STM32F4/pinmap.o
 .debug_line    0x00000f16      0x1d4 mbed/targets/hal/TARGET_STM/TARGET_STM32F4/mbed_overrides.o
 .debug_line    0x000010ea      0x519 mbed/targets/hal/TARGET_STM/TARGET_STM32F4/serial_api.o
 .debug_line    0x00001603      0x25f mbed/targets/hal/TARGET_STM/TARGET_STM32F4/us_ticker.o
 .debug_line    0x00001862      0x253 mbed/targets/hal/TARGET_STM/TARGET_STM32F4/gpio_api.o
 .debug_line    0x00001ab5      0x1a0 mbed/targets/hal/TARGET_STM/TARGET_STM32F4/TARGET_DISCO_F407VG/PeripheralPins.o
 .debug_line    0x00001c55      0x580 mbed/targets/cmsis/TARGET_STM/TARGET_STM32F4/stm32f4xx_hal_rcc.o
 .debug_line    0x000021d5      0x33d mbed/targets/cmsis/TARGET_STM/TARGET_STM32F4/stm32f4xx_hal_cortex.o
 .debug_line    0x00002512      0x9bb mbed/targets/cmsis/TARGET_STM/TARGET_STM32F4/stm32f4xx_hal_uart.o
 .debug_line    0x00002ecd     0x12d7 mbed/targets/cmsis/TARGET_STM/TARGET_STM32F4/stm32f4xx_hal_tim.o